Archive member included to satisfy reference by file (symbol)

.pio/build/MKS_DLC_LG0_V3_BL/lib85f/libfatfs.a(ff.o)
                              .pio/build/MKS_DLC_LG0_V3_BL/src/main.o (f_mount)
.pio/build/MKS_DLC_LG0_V3_BL/lib85f/libfatfs.a(ffunicode.o)
                              .pio/build/MKS_DLC_LG0_V3_BL/lib85f/libfatfs.a(ff.o) (ff_uni2oem)
.pio/build/MKS_DLC_LG0_V3_BL/lib85f/libfatfs.a(diskio.o)
                              .pio/build/MKS_DLC_LG0_V3_BL/lib85f/libfatfs.a(ff.o) (disk_status)
c:/users/administrator/.platformio/packages/toolchain-gccarmnoneeabi@1.70201.0/bin/../lib/gcc/arm-none-eabi/7.2.1/../../../../arm-none-eabi/lib/thumb/v7e-m\libc_nano.a(lib_a-exit.o)
                              c:/users/administrator/.platformio/packages/toolchain-gccarmnoneeabi@1.70201.0/bin/../lib/gcc/arm-none-eabi/7.2.1/../../../../arm-none-eabi/lib/thumb/v7e-m/crt0.o (exit)
c:/users/administrator/.platformio/packages/toolchain-gccarmnoneeabi@1.70201.0/bin/../lib/gcc/arm-none-eabi/7.2.1/../../../../arm-none-eabi/lib/thumb/v7e-m\libc_nano.a(lib_a-impure.o)
                              c:/users/administrator/.platformio/packages/toolchain-gccarmnoneeabi@1.70201.0/bin/../lib/gcc/arm-none-eabi/7.2.1/../../../../arm-none-eabi/lib/thumb/v7e-m\libc_nano.a(lib_a-exit.o) (_global_impure_ptr)
c:/users/administrator/.platformio/packages/toolchain-gccarmnoneeabi@1.70201.0/bin/../lib/gcc/arm-none-eabi/7.2.1/../../../../arm-none-eabi/lib/thumb/v7e-m\libc_nano.a(lib_a-init.o)
                              c:/users/administrator/.platformio/packages/toolchain-gccarmnoneeabi@1.70201.0/bin/../lib/gcc/arm-none-eabi/7.2.1/../../../../arm-none-eabi/lib/thumb/v7e-m/crt0.o (__libc_init_array)
c:/users/administrator/.platformio/packages/toolchain-gccarmnoneeabi@1.70201.0/bin/../lib/gcc/arm-none-eabi/7.2.1/../../../../arm-none-eabi/lib/thumb/v7e-m\libc_nano.a(lib_a-memcmp.o)
                              .pio/build/MKS_DLC_LG0_V3_BL/lib85f/libfatfs.a(ff.o) (memcmp)
c:/users/administrator/.platformio/packages/toolchain-gccarmnoneeabi@1.70201.0/bin/../lib/gcc/arm-none-eabi/7.2.1/../../../../arm-none-eabi/lib/thumb/v7e-m\libc_nano.a(lib_a-memcpy-stub.o)
                              .pio/build/MKS_DLC_LG0_V3_BL/lib85f/libfatfs.a(ff.o) (memcpy)
c:/users/administrator/.platformio/packages/toolchain-gccarmnoneeabi@1.70201.0/bin/../lib/gcc/arm-none-eabi/7.2.1/../../../../arm-none-eabi/lib/thumb/v7e-m\libc_nano.a(lib_a-memset.o)
                              c:/users/administrator/.platformio/packages/toolchain-gccarmnoneeabi@1.70201.0/bin/../lib/gcc/arm-none-eabi/7.2.1/../../../../arm-none-eabi/lib/thumb/v7e-m/crt0.o (memset)
c:/users/administrator/.platformio/packages/toolchain-gccarmnoneeabi@1.70201.0/bin/../lib/gcc/arm-none-eabi/7.2.1/../../../../arm-none-eabi/lib/thumb/v7e-m\libc_nano.a(lib_a-printf.o)
                              .pio/build/MKS_DLC_LG0_V3_BL/src/bootloader.o (printf)
c:/users/administrator/.platformio/packages/toolchain-gccarmnoneeabi@1.70201.0/bin/../lib/gcc/arm-none-eabi/7.2.1/../../../../arm-none-eabi/lib/thumb/v7e-m\libc_nano.a(lib_a-puts.o)
                              .pio/build/MKS_DLC_LG0_V3_BL/src/hal/hal.o (puts)
c:/users/administrator/.platformio/packages/toolchain-gccarmnoneeabi@1.70201.0/bin/../lib/gcc/arm-none-eabi/7.2.1/../../../../arm-none-eabi/lib/thumb/v7e-m\libc_nano.a(lib_a-strchr.o)
                              .pio/build/MKS_DLC_LG0_V3_BL/lib85f/libfatfs.a(ff.o) (strchr)
c:/users/administrator/.platformio/packages/toolchain-gccarmnoneeabi@1.70201.0/bin/../lib/gcc/arm-none-eabi/7.2.1/../../../../arm-none-eabi/lib/thumb/v7e-m\libc_nano.a(lib_a-strcpy.o)
                              .pio/build/MKS_DLC_LG0_V3_BL/src/bootloader.o (strcpy)
c:/users/administrator/.platformio/packages/toolchain-gccarmnoneeabi@1.70201.0/bin/../lib/gcc/arm-none-eabi/7.2.1/../../../../arm-none-eabi/lib/thumb/v7e-m\libc_nano.a(lib_a-wbuf.o)
                              c:/users/administrator/.platformio/packages/toolchain-gccarmnoneeabi@1.70201.0/bin/../lib/gcc/arm-none-eabi/7.2.1/../../../../arm-none-eabi/lib/thumb/v7e-m\libc_nano.a(lib_a-puts.o) (__swbuf_r)
c:/users/administrator/.platformio/packages/toolchain-gccarmnoneeabi@1.70201.0/bin/../lib/gcc/arm-none-eabi/7.2.1/../../../../arm-none-eabi/lib/thumb/v7e-m\libc_nano.a(lib_a-wsetup.o)
                              c:/users/administrator/.platformio/packages/toolchain-gccarmnoneeabi@1.70201.0/bin/../lib/gcc/arm-none-eabi/7.2.1/../../../../arm-none-eabi/lib/thumb/v7e-m\libc_nano.a(lib_a-puts.o) (__swsetup_r)
c:/users/administrator/.platformio/packages/toolchain-gccarmnoneeabi@1.70201.0/bin/../lib/gcc/arm-none-eabi/7.2.1/../../../../arm-none-eabi/lib/thumb/v7e-m\libc_nano.a(lib_a-fflush.o)
                              c:/users/administrator/.platformio/packages/toolchain-gccarmnoneeabi@1.70201.0/bin/../lib/gcc/arm-none-eabi/7.2.1/../../../../arm-none-eabi/lib/thumb/v7e-m\libc_nano.a(lib_a-wbuf.o) (_fflush_r)
[...]
Memory Configuration

Name             Origin             Length             Attributes
RAM              0x20000000         0x00010000         xrw
FLASH            0x08000000         0x00040000         xr
*default*        0x00000000         0xffffffff

Linker script and memory map

LOAD c:/users/administrator/.platformio/packages/toolchain-gccarmnoneeabi@1.70201.0/bin/../lib/gcc/arm-none-eabi/7.2.1/thumb/v7e-m/crti.o
LOAD c:/users/administrator/.platformio/packages/toolchain-gccarmnoneeabi@1.70201.0/bin/../lib/gcc/arm-none-eabi/7.2.1/thumb/v7e-m/crtbegin.o
LOAD c:/users/administrator/.platformio/packages/toolchain-gccarmnoneeabi@1.70201.0/bin/../lib/gcc/arm-none-eabi/7.2.1/../../../../arm-none-eabi/lib/thumb/v7e-m/crt0.o
LOAD .pio/build/MKS_DLC_LG0_V3_BL/FrameworkHALDriver/Src/stm32f4xx_hal.o
LOAD .pio/build/MKS_DLC_LG0_V3_BL/FrameworkHALDriver/Src/stm32f4xx_hal_adc.o
LOAD .pio/build/MKS_DLC_LG0_V3_BL/FrameworkHALDriver/Src/stm32f4xx_hal_adc_ex.o
LOAD .pio/build/MKS_DLC_LG0_V3_BL/FrameworkHALDriver/Src/stm32f4xx_hal_can.o
LOAD .pio/build/MKS_DLC_LG0_V3_BL/FrameworkHALDriver/Src/stm32f4xx_hal_cec.o
LOAD .pio/build/MKS_DLC_LG0_V3_BL/FrameworkHALDriver/Src/stm32f4xx_hal_cortex.o
LOAD .pio/build/MKS_DLC_LG0_V3_BL/FrameworkHALDriver/Src/stm32f4xx_hal_crc.o
LOAD .pio/build/MKS_DLC_LG0_V3_BL/FrameworkHALDriver/Src/stm32f4xx_hal_cryp.o
LOAD .pio/build/MKS_DLC_LG0_V3_BL/FrameworkHALDriver/Src/stm32f4xx_hal_cryp_ex.o
LOAD .pio/build/MKS_DLC_LG0_V3_BL/FrameworkHALDriver/Src/stm32f4xx_hal_dac.o
LOAD .pio/build/MKS_DLC_LG0_V3_BL/FrameworkHALDriver/Src/stm32f4xx_hal_dac_ex.o
LOAD .pio/build/MKS_DLC_LG0_V3_BL/FrameworkHALDriver/Src/stm32f4xx_hal_dcmi.o
LOAD .pio/build/MKS_DLC_LG0_V3_BL/FrameworkHALDriver/Src/stm32f4xx_hal_dcmi_ex.o
LOAD .pio/build/MKS_DLC_LG0_V3_BL/FrameworkHALDriver/Src/stm32f4xx_hal_dfsdm.o
LOAD .pio/build/MKS_DLC_LG0_V3_BL/FrameworkHALDriver/Src/stm32f4xx_hal_dma.o
LOAD .pio/build/MKS_DLC_LG0_V3_BL/FrameworkHALDriver/Src/stm32f4xx_hal_dma2d.o
LOAD .pio/build/MKS_DLC_LG0_V3_BL/FrameworkHALDriver/Src/stm32f4xx_hal_dma_ex.o
LOAD .pio/build/MKS_DLC_LG0_V3_BL/FrameworkHALDriver/Src/stm32f4xx_hal_dsi.o
LOAD .pio/build/MKS_DLC_LG0_V3_BL/FrameworkHALDriver/Src/stm32f4xx_hal_eth.o
LOAD .pio/build/MKS_DLC_LG0_V3_BL/FrameworkHALDriver/Src/stm32f4xx_hal_exti.o
LOAD .pio/build/MKS_DLC_LG0_V3_BL/FrameworkHALDriver/Src/stm32f4xx_hal_flash.o
LOAD .pio/build/MKS_DLC_LG0_V3_BL/FrameworkHALDriver/Src/stm32f4xx_hal_flash_ex.o
LOAD .pio/build/MKS_DLC_LG0_V3_BL/FrameworkHALDriver/Src/stm32f4xx_hal_flash_ramfunc.o
LOAD .pio/build/MKS_DLC_LG0_V3_BL/FrameworkHALDriver/Src/stm32f4xx_hal_fmpi2c.o
LOAD .pio/build/MKS_DLC_LG0_V3_BL/FrameworkHALDriver/Src/stm32f4xx_hal_fmpi2c_ex.o
LOAD .pio/build/MKS_DLC_LG0_V3_BL/FrameworkHALDriver/Src/stm32f4xx_hal_fmpsmbus.o
LOAD .pio/build/MKS_DLC_LG0_V3_BL/FrameworkHALDriver/Src/stm32f4xx_hal_fmpsmbus_ex.o
LOAD .pio/build/MKS_DLC_LG0_V3_BL/FrameworkHALDriver/Src/stm32f4xx_hal_gpio.o
LOAD .pio/build/MKS_DLC_LG0_V3_BL/FrameworkHALDriver/Src/stm32f4xx_hal_hash.o
LOAD .pio/build/MKS_DLC_LG0_V3_BL/FrameworkHALDriver/Src/stm32f4xx_hal_hash_ex.o
LOAD .pio/build/MKS_DLC_LG0_V3_BL/FrameworkHALDriver/Src/stm32f4xx_hal_hcd.o
LOAD .pio/build/MKS_DLC_LG0_V3_BL/FrameworkHALDriver/Src/stm32f4xx_hal_i2c.o
LOAD .pio/build/MKS_DLC_LG0_V3_BL/FrameworkHALDriver/Src/stm32f4xx_hal_i2c_ex.o
LOAD .pio/build/MKS_DLC_LG0_V3_BL/FrameworkHALDriver/Src/stm32f4xx_hal_i2s.o
LOAD .pio/build/MKS_DLC_LG0_V3_BL/FrameworkHALDriver/Src/stm32f4xx_hal_i2s_ex.o
LOAD .pio/build/MKS_DLC_LG0_V3_BL/FrameworkHALDriver/Src/stm32f4xx_hal_irda.o
LOAD .pio/build/MKS_DLC_LG0_V3_BL/FrameworkHALDriver/Src/stm32f4xx_hal_iwdg.o
LOAD .pio/build/MKS_DLC_LG0_V3_BL/FrameworkHALDriver/Src/stm32f4xx_hal_lptim.o
LOAD .pio/build/MKS_DLC_LG0_V3_BL/FrameworkHALDriver/Src/stm32f4xx_hal_ltdc.o
LOAD .pio/build/MKS_DLC_LG0_V3_BL/FrameworkHALDriver/Src/stm32f4xx_hal_ltdc_ex.o
LOAD .pio/build/MKS_DLC_LG0_V3_BL/FrameworkHALDriver/Src/stm32f4xx_hal_mmc.o
LOAD .pio/build/MKS_DLC_LG0_V3_BL/FrameworkHALDriver/Src/stm32f4xx_hal_nand.o
LOAD .pio/build/MKS_DLC_LG0_V3_BL/FrameworkHALDriver/Src/stm32f4xx_hal_nor.o
LOAD .pio/build/MKS_DLC_LG0_V3_BL/FrameworkHALDriver/Src/stm32f4xx_hal_pccard.o
LOAD .pio/build/MKS_DLC_LG0_V3_BL/FrameworkHALDriver/Src/stm32f4xx_hal_pcd.o
LOAD .pio/build/MKS_DLC_LG0_V3_BL/FrameworkHALDriver/Src/stm32f4xx_hal_pcd_ex.o
LOAD .pio/build/MKS_DLC_LG0_V3_BL/FrameworkHALDriver/Src/stm32f4xx_hal_pwr.o
LOAD .pio/build/MKS_DLC_LG0_V3_BL/FrameworkHALDriver/Src/stm32f4xx_hal_pwr_ex.o
LOAD .pio/build/MKS_DLC_LG0_V3_BL/FrameworkHALDriver/Src/stm32f4xx_hal_qspi.o
LOAD .pio/build/MKS_DLC_LG0_V3_BL/FrameworkHALDriver/Src/stm32f4xx_hal_rcc.o
LOAD .pio/build/MKS_DLC_LG0_V3_BL/FrameworkHALDriver/Src/stm32f4xx_hal_rcc_ex.o
LOAD .pio/build/MKS_DLC_LG0_V3_BL/FrameworkHALDriver/Src/stm32f4xx_hal_rng.o
LOAD .pio/build/MKS_DLC_LG0_V3_BL/FrameworkHALDriver/Src/stm32f4xx_hal_rtc.o
LOAD .pio/build/MKS_DLC_LG0_V3_BL/FrameworkHALDriver/Src/stm32f4xx_hal_rtc_ex.o
LOAD .pio/build/MKS_DLC_LG0_V3_BL/FrameworkHALDriver/Src/stm32f4xx_hal_sai.o
LOAD .pio/build/MKS_DLC_LG0_V3_BL/FrameworkHALDriver/Src/stm32f4xx_hal_sai_ex.o
LOAD .pio/build/MKS_DLC_LG0_V3_BL/FrameworkHALDriver/Src/stm32f4xx_hal_sd.o
LOAD .pio/build/MKS_DLC_LG0_V3_BL/FrameworkHALDriver/Src/stm32f4xx_hal_sdram.o
LOAD .pio/build/MKS_DLC_LG0_V3_BL/FrameworkHALDriver/Src/stm32f4xx_hal_smartcard.o
LOAD .pio/build/MKS_DLC_LG0_V3_BL/FrameworkHALDriver/Src/stm32f4xx_hal_smbus.o
LOAD .pio/build/MKS_DLC_LG0_V3_BL/FrameworkHALDriver/Src/stm32f4xx_hal_spdifrx.o
LOAD .pio/build/MKS_DLC_LG0_V3_BL/FrameworkHALDriver/Src/stm32f4xx_hal_spi.o
LOAD .pio/build/MKS_DLC_LG0_V3_BL/FrameworkHALDriver/Src/stm32f4xx_hal_sram.o
LOAD .pio/build/MKS_DLC_LG0_V3_BL/FrameworkHALDriver/Src/stm32f4xx_hal_tim.o
LOAD .pio/build/MKS_DLC_LG0_V3_BL/FrameworkHALDriver/Src/stm32f4xx_hal_tim_ex.o
LOAD .pio/build/MKS_DLC_LG0_V3_BL/FrameworkHALDriver/Src/stm32f4xx_hal_uart.o
LOAD .pio/build/MKS_DLC_LG0_V3_BL/FrameworkHALDriver/Src/stm32f4xx_hal_usart.o
LOAD .pio/build/MKS_DLC_LG0_V3_BL/FrameworkHALDriver/Src/stm32f4xx_hal_wwdg.o
LOAD .pio/build/MKS_DLC_LG0_V3_BL/FrameworkHALDriver/Src/stm32f4xx_ll_adc.o
LOAD .pio/build/MKS_DLC_LG0_V3_BL/FrameworkHALDriver/Src/stm32f4xx_ll_crc.o
LOAD .pio/build/MKS_DLC_LG0_V3_BL/FrameworkHALDriver/Src/stm32f4xx_ll_dac.o
LOAD .pio/build/MKS_DLC_LG0_V3_BL/FrameworkHALDriver/Src/stm32f4xx_ll_dma.o
LOAD .pio/build/MKS_DLC_LG0_V3_BL/FrameworkHALDriver/Src/stm32f4xx_ll_dma2d.o
LOAD .pio/build/MKS_DLC_LG0_V3_BL/FrameworkHALDriver/Src/stm32f4xx_ll_exti.o
LOAD .pio/build/MKS_DLC_LG0_V3_BL/FrameworkHALDriver/Src/stm32f4xx_ll_fmc.o
LOAD .pio/build/MKS_DLC_LG0_V3_BL/FrameworkHALDriver/Src/stm32f4xx_ll_fmpi2c.o
LOAD .pio/build/MKS_DLC_LG0_V3_BL/FrameworkHALDriver/Src/stm32f4xx_ll_fsmc.o
LOAD .pio/build/MKS_DLC_LG0_V3_BL/FrameworkHALDriver/Src/stm32f4xx_ll_gpio.o
LOAD .pio/build/MKS_DLC_LG0_V3_BL/FrameworkHALDriver/Src/stm32f4xx_ll_i2c.o
LOAD .pio/build/MKS_DLC_LG0_V3_BL/FrameworkHALDriver/Src/stm32f4xx_ll_lptim.o
LOAD .pio/build/MKS_DLC_LG0_V3_BL/FrameworkHALDriver/Src/stm32f4xx_ll_pwr.o
LOAD .pio/build/MKS_DLC_LG0_V3_BL/FrameworkHALDriver/Src/stm32f4xx_ll_rcc.o
LOAD .pio/build/MKS_DLC_LG0_V3_BL/FrameworkHALDriver/Src/stm32f4xx_ll_rng.o
LOAD .pio/build/MKS_DLC_LG0_V3_BL/FrameworkHALDriver/Src/stm32f4xx_ll_rtc.o
LOAD .pio/build/MKS_DLC_LG0_V3_BL/FrameworkHALDriver/Src/stm32f4xx_ll_sdmmc.o
LOAD .pio/build/MKS_DLC_LG0_V3_BL/FrameworkHALDriver/Src/stm32f4xx_ll_spi.o
LOAD .pio/build/MKS_DLC_LG0_V3_BL/FrameworkHALDriver/Src/stm32f4xx_ll_tim.o
LOAD .pio/build/MKS_DLC_LG0_V3_BL/FrameworkHALDriver/Src/stm32f4xx_ll_usart.o
LOAD .pio/build/MKS_DLC_LG0_V3_BL/FrameworkHALDriver/Src/stm32f4xx_ll_usb.o
LOAD .pio/build/MKS_DLC_LG0_V3_BL/FrameworkHALDriver/Src/stm32f4xx_ll_utils.o
LOAD .pio/build/MKS_DLC_LG0_V3_BL/src/bootloader.o
LOAD .pio/build/MKS_DLC_LG0_V3_BL/src/external_device/LCD/lcd_dgus.o
LOAD .pio/build/MKS_DLC_LG0_V3_BL/src/external_device/SD/sdcard.o
LOAD .pio/build/MKS_DLC_LG0_V3_BL/src/hal/hal.o
LOAD .pio/build/MKS_DLC_LG0_V3_BL/src/hal/hal_flash.o
LOAD .pio/build/MKS_DLC_LG0_V3_BL/src/hal/hal_spi.o
LOAD .pio/build/MKS_DLC_LG0_V3_BL/src/hal/hal_test.o
LOAD .pio/build/MKS_DLC_LG0_V3_BL/src/hal/hal_uart.o
LOAD .pio/build/MKS_DLC_LG0_V3_BL/src/main.o
LOAD .pio/build/MKS_DLC_LG0_V3_BL/src/mcu/stm32_f401rc_hal_system.o
LOAD .pio/build/MKS_DLC_LG0_V3_BL/src/mcu/stm32_f407_hal_system.o
LOAD .pio/build/MKS_DLC_LG0_V3_BL/src/mcu/stm32_g0b0_hal_system.o
START GROUP
LOAD .pio/build/MKS_DLC_LG0_V3_BL/lib85f/libfatfs.a
LOAD c:/users/administrator/.platformio/packages/toolchain-gccarmnoneeabi@1.70201.0/bin/../lib/gcc/arm-none-eabi/7.2.1/../../../../arm-none-eabi/lib/thumb/v7e-m\libc_nano.a
LOAD c:/users/administrator/.platformio/packages/toolchain-gccarmnoneeabi@1.70201.0/bin/../lib/gcc/arm-none-eabi/7.2.1/thumb/v7e-m\libgcc.a
LOAD c:/users/administrator/.platformio/packages/toolchain-gccarmnoneeabi@1.70201.0/bin/../lib/gcc/arm-none-eabi/7.2.1/../../../../arm-none-eabi/lib/thumb/v7e-m\libm.a
LOAD c:/users/administrator/.platformio/packages/toolchain-gccarmnoneeabi@1.70201.0/bin/../lib/gcc/arm-none-eabi/7.2.1/../../../../arm-none-eabi/lib/thumb/v7e-m\libstdc++_nano.a
LOAD c:/users/administrator/.platformio/packages/toolchain-gccarmnoneeabi@1.70201.0/bin/../lib/gcc/arm-none-eabi/7.2.1/../../../../arm-none-eabi/lib/thumb/v7e-m\libnosys.a
LOAD .pio/build/MKS_DLC_LG0_V3_BL/libFrameworkCMSISDevice.a
END GROUP
START GROUP
LOAD c:/users/administrator/.platformio/packages/toolchain-gccarmnoneeabi@1.70201.0/bin/../lib/gcc/arm-none-eabi/7.2.1/thumb/v7e-m\libgcc.a
LOAD c:/users/administrator/.platformio/packages/toolchain-gccarmnoneeabi@1.70201.0/bin/../lib/gcc/arm-none-eabi/7.2.1/../../../../arm-none-eabi/lib/thumb/v7e-m\libc_nano.a
END GROUP
START GROUP
LOAD c:/users/administrator/.platformio/packages/toolchain-gccarmnoneeabi@1.70201.0/bin/../lib/gcc/arm-none-eabi/7.2.1/thumb/v7e-m\libgcc.a
LOAD c:/users/administrator/.platformio/packages/toolchain-gccarmnoneeabi@1.70201.0/bin/../lib/gcc/arm-none-eabi/7.2.1/../../../../arm-none-eabi/lib/thumb/v7e-m\libc_nano.a
LOAD c:/users/administrator/.platformio/packages/toolchain-gccarmnoneeabi@1.70201.0/bin/../lib/gcc/arm-none-eabi/7.2.1/../../../../arm-none-eabi/lib/thumb/v7e-m\libnosys.a
END GROUP
START GROUP
LOAD c:/users/administrator/.platformio/packages/toolchain-gccarmnoneeabi@1.70201.0/bin/../lib/gcc/arm-none-eabi/7.2.1/thumb/v7e-m\libgcc.a
LOAD c:/users/administrator/.platformio/packages/toolchain-gccarmnoneeabi@1.70201.0/bin/../lib/gcc/arm-none-eabi/7.2.1/../../../../arm-none-eabi/lib/thumb/v7e-m\libc_nano.a
LOAD c:/users/administrator/.platformio/packages/toolchain-gccarmnoneeabi@1.70201.0/bin/../lib/gcc/arm-none-eabi/7.2.1/../../../../arm-none-eabi/lib/thumb/v7e-m\libnosys.a
END GROUP
LOAD c:/users/administrator/.platformio/packages/toolchain-gccarmnoneeabi@1.70201.0/bin/../lib/gcc/arm-none-eabi/7.2.1/thumb/v7e-m/crtend.o
LOAD c:/users/administrator/.platformio/packages/toolchain-gccarmnoneeabi@1.70201.0/bin/../lib/gcc/arm-none-eabi/7.2.1/thumb/v7e-m/crtn.o
                0x20010000                _estack = (ORIGIN (RAM) + LENGTH (RAM))
                0x00000200                _Min_Heap_Size = 0x200
                0x00000400                _Min_Stack_Size = 0x400

.isr_vector     0x08000000      0x194
                0x08000000                . = ALIGN (0x4)
 *(.isr_vector)
 .isr_vector    0x08000000      0x194 .pio/build/MKS_DLC_LG0_V3_BL/libFrameworkCMSISDevice.a(startup_stm32f401xc.o)
                0x08000000                g_pfnVectors
                0x08000194                . = ALIGN (0x4)

.text           0x080001a0     0x5698
                0x080001a0                . = ALIGN (0x4)
 *(.text)
 .text          0x080001a0       0x40 c:/users/administrator/.platformio/packages/toolchain-gccarmnoneeabi@1.70201.0/bin/../lib/gcc/arm-none-eabi/7.2.1/thumb/v7e-m/crtbegin.o
 .text          0x080001e0       0xa0 c:/users/administrator/.platformio/packages/toolchain-gccarmnoneeabi@1.70201.0/bin/../lib/gcc/arm-none-eabi/7.2.1/../../../../arm-none-eabi/lib/thumb/v7e-m\libc_nano.a(lib_a-memchr.o)
                0x080001e0                memchr
 .text          0x08000280       0x30 c:/users/administrator/.platformio/packages/toolchain-gccarmnoneeabi@1.70201.0/bin/../lib/gcc/arm-none-eabi/7.2.1/thumb/v7e-m\libgcc.a(_aeabi_uldivmod.o)
                0x08000280                __aeabi_uldivmod
 .text          0x080002b0      0x2cc c:/users/administrator/.platformio/packages/toolchain-gccarmnoneeabi@1.70201.0/bin/../lib/gcc/arm-none-eabi/7.2.1/thumb/v7e-m\libgcc.a(_udivmoddi4.o)
                0x080002b0                __udivmoddi4
 .text          0x0800057c        0x4 c:/users/administrator/.platformio/packages/toolchain-gccarmnoneeabi@1.70201.0/bin/../lib/gcc/arm-none-eabi/7.2.1/thumb/v7e-m\libgcc.a(_dvmd_tls.o)
                0x0800057c                __aeabi_idiv0
                0x0800057c                __aeabi_ldiv0
 *(.text*)
 .text.HAL_MspInit
                0x08000580        0x2 .pio/build/MKS_DLC_LG0_V3_BL/FrameworkHALDriver/Src/stm32f4xx_hal.o
                0x08000580                HAL_MspInit
 *fill*         0x08000582        0x2 
 .text.HAL_InitTick
                0x08000584       0x4c .pio/build/MKS_DLC_LG0_V3_BL/FrameworkHALDriver/Src/stm32f4xx_hal.o
                0x08000584                HAL_InitTick
 .text.HAL_Init
                0x080005d0       0x34 .pio/build/MKS_DLC_LG0_V3_BL/FrameworkHALDriver/Src/stm32f4xx_hal.o
                0x080005d0                HAL_Init
 .text.HAL_IncTick
                0x08000604       0x18 .pio/build/MKS_DLC_LG0_V3_BL/FrameworkHALDriver/Src/stm32f4xx_hal.o
                0x08000604                HAL_IncTick
 .text.HAL_GetTick
                0x0800061c        0xc .pio/build/MKS_DLC_LG0_V3_BL/FrameworkHALDriver/Src/stm32f4xx_hal.o
                0x0800061c                HAL_GetTick
 .text.HAL_Delay
                0x08000628       0x28 .pio/build/MKS_DLC_LG0_V3_BL/FrameworkHALDriver/Src/stm32f4xx_hal.o
                0x08000628                HAL_Delay
 .text.HAL_NVIC_SetPriorityGrouping
                0x08000650       0x24 .pio/build/MKS_DLC_LG0_V3_BL/FrameworkHALDriver/Src/stm32f4xx_hal_cortex.o
                0x08000650                HAL_NVIC_SetPriorityGrouping
 .text.HAL_NVIC_SetPriority
                0x08000674       0x68 .pio/build/MKS_DLC_LG0_V3_BL/FrameworkHALDriver/Src/stm32f4xx_hal_cortex.o
                0x08000674                HAL_NVIC_SetPriority
 .text.HAL_SYSTICK_Config
                0x080006dc       0x2c .pio/build/MKS_DLC_LG0_V3_BL/FrameworkHALDriver/Src/stm32f4xx_hal_cortex.o
                0x080006dc                HAL_SYSTICK_Config
 .text.FLASH_Program_DoubleWord
                0x08000708       0x2c .pio/build/MKS_DLC_LG0_V3_BL/FrameworkHALDriver/Src/stm32f4xx_hal_flash.o
 .text.FLASH_Program_Word
                0x08000734       0x24 .pio/build/MKS_DLC_LG0_V3_BL/FrameworkHALDriver/Src/stm32f4xx_hal_flash.o
 .text.FLASH_Program_HalfWord
                0x08000758       0x24 .pio/build/MKS_DLC_LG0_V3_BL/FrameworkHALDriver/Src/stm32f4xx_hal_flash.o
 .text.FLASH_Program_Byte
                0x0800077c       0x20 .pio/build/MKS_DLC_LG0_V3_BL/FrameworkHALDriver/Src/stm32f4xx_hal_flash.o
 .text.FLASH_SetErrorCode
                0x0800079c       0xa8 .pio/build/MKS_DLC_LG0_V3_BL/FrameworkHALDriver/Src/stm32f4xx_hal_flash.o
 .text.HAL_FLASH_Unlock
                0x08000844       0x30 .pio/build/MKS_DLC_LG0_V3_BL/FrameworkHALDriver/Src/stm32f4xx_hal_flash.o
                0x08000844                HAL_FLASH_Unlock
 .text.HAL_FLASH_Lock
                0x08000874       0x14 .pio/build/MKS_DLC_LG0_V3_BL/FrameworkHALDriver/Src/stm32f4xx_hal_flash.o
                0x08000874                HAL_FLASH_Lock
 .text.FLASH_WaitForLastOperation
                0x08000888       0x64 .pio/build/MKS_DLC_LG0_V3_BL/FrameworkHALDriver/Src/stm32f4xx_hal_flash.o
                0x08000888                FLASH_WaitForLastOperation
 .text.HAL_FLASH_Program
                0x080008ec       0x80 .pio/build/MKS_DLC_LG0_V3_BL/FrameworkHALDriver/Src/stm32f4xx_hal_flash.o
                0x080008ec                HAL_FLASH_Program
 .text.FLASH_MassErase
                0x0800096c       0x24 .pio/build/MKS_DLC_LG0_V3_BL/FrameworkHALDriver/Src/stm32f4xx_hal_flash_ex.o
 .text.FLASH_Erase_Sector
                0x08000990       0x54 .pio/build/MKS_DLC_LG0_V3_BL/FrameworkHALDriver/Src/stm32f4xx_hal_flash_ex.o
                0x08000990                FLASH_Erase_Sector
 .text.FLASH_FlushCaches
                0x080009e4       0x60 .pio/build/MKS_DLC_LG0_V3_BL/FrameworkHALDriver/Src/stm32f4xx_hal_flash_ex.o
                0x080009e4                FLASH_FlushCaches
 .text.HAL_FLASHEx_Erase
                0x08000a44       0x94 .pio/build/MKS_DLC_LG0_V3_BL/FrameworkHALDriver/Src/stm32f4xx_hal_flash_ex.o
                0x08000a44                HAL_FLASHEx_Erase
 .text.HAL_GPIO_Init
                0x08000ad8      0x1b0 .pio/build/MKS_DLC_LG0_V3_BL/FrameworkHALDriver/Src/stm32f4xx_hal_gpio.o
                0x08000ad8                HAL_GPIO_Init
 .text.HAL_GPIO_ReadPin
                0x08000c88        0xe .pio/build/MKS_DLC_LG0_V3_BL/FrameworkHALDriver/Src/stm32f4xx_hal_gpio.o
                0x08000c88                HAL_GPIO_ReadPin
 .text.HAL_GPIO_WritePin
                0x08000c96        0xc .pio/build/MKS_DLC_LG0_V3_BL/FrameworkHALDriver/Src/stm32f4xx_hal_gpio.o
                0x08000c96                HAL_GPIO_WritePin
 .text.HAL_GPIO_TogglePin
                0x08000ca2       0x12 .pio/build/MKS_DLC_LG0_V3_BL/FrameworkHALDriver/Src/stm32f4xx_hal_gpio.o
                0x08000ca2                HAL_GPIO_TogglePin
 .text.HAL_RCC_OscConfig
                0x08000cb4      0x3f8 .pio/build/MKS_DLC_LG0_V3_BL/FrameworkHALDriver/Src/stm32f4xx_hal_rcc.o
                0x08000cb4                HAL_RCC_OscConfig
 .text.HAL_RCC_GetSysClockFreq
                0x080010ac       0xd8 .pio/build/MKS_DLC_LG0_V3_BL/FrameworkHALDriver/Src/stm32f4xx_hal_rcc.o
                0x080010ac                HAL_RCC_GetSysClockFreq
 .text.HAL_RCC_ClockConfig
                0x08001184      0x160 .pio/build/MKS_DLC_LG0_V3_BL/FrameworkHALDriver/Src/stm32f4xx_hal_rcc.o
                0x08001184                HAL_RCC_ClockConfig
 .text.HAL_RCC_GetHCLKFreq
                0x080012e4        0xc .pio/build/MKS_DLC_LG0_V3_BL/FrameworkHALDriver/Src/stm32f4xx_hal_rcc.o
                0x080012e4                HAL_RCC_GetHCLKFreq
 .text.HAL_RCC_GetPCLK1Freq
                0x080012f0       0x20 .pio/build/MKS_DLC_LG0_V3_BL/FrameworkHALDriver/Src/stm32f4xx_hal_rcc.o
                0x080012f0                HAL_RCC_GetPCLK1Freq
 .text.HAL_RCC_GetPCLK2Freq
                0x08001310       0x20 .pio/build/MKS_DLC_LG0_V3_BL/FrameworkHALDriver/Src/stm32f4xx_hal_rcc.o
                0x08001310                HAL_RCC_GetPCLK2Freq
 .text.SPI_WaitFlagStateUntilTimeout
                0x08001330       0xd0 .pio/build/MKS_DLC_LG0_V3_BL/FrameworkHALDriver/Src/stm32f4xx_hal_spi.o
 .text.SPI_EndRxTxTransaction
                0x08001400       0x68 .pio/build/MKS_DLC_LG0_V3_BL/FrameworkHALDriver/Src/stm32f4xx_hal_spi.o
 .text.HAL_SPI_MspInit
                0x08001468        0x2 .pio/build/MKS_DLC_LG0_V3_BL/FrameworkHALDriver/Src/stm32f4xx_hal_spi.o
                0x08001468                HAL_SPI_MspInit
 .text.HAL_SPI_Init
                0x0800146a       0xca .pio/build/MKS_DLC_LG0_V3_BL/FrameworkHALDriver/Src/stm32f4xx_hal_spi.o
                0x0800146a                HAL_SPI_Init
 .text.HAL_SPI_MspDeInit
                0x08001534        0x2 .pio/build/MKS_DLC_LG0_V3_BL/FrameworkHALDriver/Src/stm32f4xx_hal_spi.o
                0x08001534                HAL_SPI_MspDeInit
 .text.HAL_SPI_DeInit
                0x08001536       0x2c .pio/build/MKS_DLC_LG0_V3_BL/FrameworkHALDriver/Src/stm32f4xx_hal_spi.o
                0x08001536                HAL_SPI_DeInit
 .text.HAL_SPI_TransmitReceive
                0x08001562      0x2de .pio/build/MKS_DLC_LG0_V3_BL/FrameworkHALDriver/Src/stm32f4xx_hal_spi.o
                0x08001562                HAL_SPI_TransmitReceive
 .text.UART_SetConfig
                0x08001840      0x134 .pio/build/MKS_DLC_LG0_V3_BL/FrameworkHALDriver/Src/stm32f4xx_hal_uart.o
 .text.UART_WaitOnFlagUntilTimeout
                0x08001974       0x7e .pio/build/MKS_DLC_LG0_V3_BL/FrameworkHALDriver/Src/stm32f4xx_hal_uart.o
 .text.HAL_UART_MspInit
                0x080019f2        0x2 .pio/build/MKS_DLC_LG0_V3_BL/FrameworkHALDriver/Src/stm32f4xx_hal_uart.o
                0x080019f2                HAL_UART_MspInit
 .text.HAL_UART_Init
                0x080019f4       0x5e .pio/build/MKS_DLC_LG0_V3_BL/FrameworkHALDriver/Src/stm32f4xx_hal_uart.o
                0x080019f4                HAL_UART_Init
 .text.HAL_UART_Transmit
                0x08001a52       0xda .pio/build/MKS_DLC_LG0_V3_BL/FrameworkHALDriver/Src/stm32f4xx_hal_uart.o
                0x08001a52                HAL_UART_Transmit
 .text.nvic_set_vector_table
                0x08001b2c       0x14 .pio/build/MKS_DLC_LG0_V3_BL/src/bootloader.o
                0x08001b2c                nvic_set_vector_table
 .text.bl_erase_flash
                0x08001b40        0x8 .pio/build/MKS_DLC_LG0_V3_BL/src/bootloader.o
                0x08001b40                bl_erase_flash
 .text.bufferSet
                0x08001b48       0x10 .pio/build/MKS_DLC_LG0_V3_BL/src/bootloader.o
                0x08001b48                bufferSet
 .text.bl_open_update_file
                0x08001b58       0x88 .pio/build/MKS_DLC_LG0_V3_BL/src/bootloader.o
                0x08001b58                bl_open_update_file
 .text.bl_rename_file
                0x08001be0       0x24 .pio/build/MKS_DLC_LG0_V3_BL/src/bootloader.o
                0x08001be0                bl_rename_file
 .text.bl_jump_to_app
                0x08001c04       0x38 .pio/build/MKS_DLC_LG0_V3_BL/src/bootloader.o
                0x08001c04                bl_jump_to_app
 .text.jump_without_update
                0x08001c3c       0x2c .pio/build/MKS_DLC_LG0_V3_BL/src/bootloader.o
                0x08001c3c                jump_without_update
 .text.bsp_led_init
                0x08001c68       0x40 .pio/build/MKS_DLC_LG0_V3_BL/src/bootloader.o
                0x08001c68                bsp_led_init
 .text.bsp_led_toggle
                0x08001ca8       0x10 .pio/build/MKS_DLC_LG0_V3_BL/src/bootloader.o
                0x08001ca8                bsp_led_toggle
 .text.bl_write_flash
                0x08001cb8       0xe8 .pio/build/MKS_DLC_LG0_V3_BL/src/bootloader.o
                0x08001cb8                bl_write_flash
 .text.jump_with_update
                0x08001da0       0x2c .pio/build/MKS_DLC_LG0_V3_BL/src/bootloader.o
                0x08001da0                jump_with_update
 .text.update_check
                0x08001dcc       0x2c .pio/build/MKS_DLC_LG0_V3_BL/src/bootloader.o
                0x08001dcc                update_check
 .text.sd_wait_ready
                0x08001df8       0x28 .pio/build/MKS_DLC_LG0_V3_BL/src/external_device/SD/sdcard.o
                0x08001df8                sd_wait_ready
 .text.SD_DisSelect
                0x08001e20       0x14 .pio/build/MKS_DLC_LG0_V3_BL/src/external_device/SD/sdcard.o
                0x08001e20                SD_DisSelect
 .text.SD_Select
                0x08001e34       0x1a .pio/build/MKS_DLC_LG0_V3_BL/src/external_device/SD/sdcard.o
                0x08001e34                SD_Select
 *fill*         0x08001e4e        0x2 
 .text.SD_GetResponse_skyblue
                0x08001e50       0x2c .pio/build/MKS_DLC_LG0_V3_BL/src/external_device/SD/sdcard.o
                0x08001e50                SD_GetResponse_skyblue
 .text.SD_RecvData
                0x08001e7c       0x40 .pio/build/MKS_DLC_LG0_V3_BL/src/external_device/SD/sdcard.o
                0x08001e7c                SD_RecvData
 .text.SD_SendBlock
                0x08001ebc       0x5c .pio/build/MKS_DLC_LG0_V3_BL/src/external_device/SD/sdcard.o
                0x08001ebc                SD_SendBlock
 .text.SD_SendCmd_skyblue
                0x08001f18       0x70 .pio/build/MKS_DLC_LG0_V3_BL/src/external_device/SD/sdcard.o
                0x08001f18                SD_SendCmd_skyblue
 .text.SD_GetCSD
                0x08001f88       0x2c .pio/build/MKS_DLC_LG0_V3_BL/src/external_device/SD/sdcard.o
                0x08001f88                SD_GetCSD
 .text.SD_GetSectorCount
                0x08001fb4       0x74 .pio/build/MKS_DLC_LG0_V3_BL/src/external_device/SD/sdcard.o
                0x08001fb4                SD_GetSectorCount
 .text.SD_Initialize
                0x08002028      0x1b4 .pio/build/MKS_DLC_LG0_V3_BL/src/external_device/SD/sdcard.o
                0x08002028                SD_Initialize
 .text.SD_ReadDisk
                0x080021dc       0x6c .pio/build/MKS_DLC_LG0_V3_BL/src/external_device/SD/sdcard.o
                0x080021dc                SD_ReadDisk
 .text.SD_WriteDisk
                0x08002248       0x88 .pio/build/MKS_DLC_LG0_V3_BL/src/external_device/SD/sdcard.o
                0x08002248                SD_WriteDisk
 .text.printf_info_init
                0x080022d0       0x30 .pio/build/MKS_DLC_LG0_V3_BL/src/hal/hal.o
                0x080022d0                printf_info_init
 .text.printf_info
                0x08002300       0x5c .pio/build/MKS_DLC_LG0_V3_BL/src/hal/hal.o
                0x08002300                printf_info
 .text.printf_result_info
                0x0800235c       0x6c .pio/build/MKS_DLC_LG0_V3_BL/src/hal/hal.o
                0x0800235c                printf_result_info
 .text.hal_sd_enable
                0x080023c8       0x14 .pio/build/MKS_DLC_LG0_V3_BL/src/hal/hal_spi.o
                0x080023c8                hal_sd_enable
 .text.hal_sd_disable
                0x080023dc       0x14 .pio/build/MKS_DLC_LG0_V3_BL/src/hal/hal_spi.o
                0x080023dc                hal_sd_disable
 .text.hal_sd_read_write_byte
                0x080023f0       0x30 .pio/build/MKS_DLC_LG0_V3_BL/src/hal/hal_spi.o
                0x080023f0                hal_sd_read_write_byte
 .text.sd_spi_pin_init
                0x08002420       0xac .pio/build/MKS_DLC_LG0_V3_BL/src/hal/hal_spi.o
 .text.hal_sd_set_speed
                0x080024cc       0x1c .pio/build/MKS_DLC_LG0_V3_BL/src/hal/hal_spi.o
                0x080024cc                hal_sd_set_speed
 .text.sd_spi_init
                0x080024e8       0x50 .pio/build/MKS_DLC_LG0_V3_BL/src/hal/hal_spi.o
 .text.hal_sd_init
                0x08002538        0xc .pio/build/MKS_DLC_LG0_V3_BL/src/hal/hal_spi.o
                0x08002538                hal_sd_init
 .text.hal_sd_det_read
                0x08002544       0x14 .pio/build/MKS_DLC_LG0_V3_BL/src/hal/hal_spi.o
                0x08002544                hal_sd_det_read
 .text.hal_sd_deinit
                0x08002558       0x2c .pio/build/MKS_DLC_LG0_V3_BL/src/hal/hal_spi.o
                0x08002558                hal_sd_deinit
 .text.hal_sd_register
                0x08002584       0x48 .pio/build/MKS_DLC_LG0_V3_BL/src/hal/hal_spi.o
                0x08002584                hal_sd_register
 .text.hal_uart_gpio_init
                0x080025cc       0x6c .pio/build/MKS_DLC_LG0_V3_BL/src/hal/hal_uart.o
                0x080025cc                hal_uart_gpio_init
 .text.hal_uart_init
                0x08002638       0x38 .pio/build/MKS_DLC_LG0_V3_BL/src/hal/hal_uart.o
                0x08002638                hal_uart_init
 .text._write   0x08002670       0x18 .pio/build/MKS_DLC_LG0_V3_BL/src/hal/hal_uart.o
                0x08002670                _write
 .text.main     0x08002688       0x6c .pio/build/MKS_DLC_LG0_V3_BL/src/main.o
                0x08002688                main
 .text.SysTick_Handler
                0x080026f4        0x8 .pio/build/MKS_DLC_LG0_V3_BL/src/main.o
                0x080026f4                SysTick_Handler
 .text.HardFault_Handler
                0x080026fc        0x2 .pio/build/MKS_DLC_LG0_V3_BL/src/main.o
                0x080026fc                HardFault_Handler
 .text.Error_Handler
                0x080026fe        0x4 .pio/build/MKS_DLC_LG0_V3_BL/src/mcu/stm32_f401rc_hal_system.o
                0x080026fe                Error_Handler
 *fill*         0x08002702        0x2 
 .text.hal_stm32f401_system_init
                0x08002704       0xa4 .pio/build/MKS_DLC_LG0_V3_BL/src/mcu/stm32_f401rc_hal_system.o
                0x08002704                hal_stm32f401_system_init
 .text.hal_get_flash_sector
                0x080027a8       0x44 .pio/build/MKS_DLC_LG0_V3_BL/src/mcu/stm32_f401rc_hal_system.o
                0x080027a8                hal_get_flash_sector
 .text.hal_flash_erase
                0x080027ec       0x7c .pio/build/MKS_DLC_LG0_V3_BL/src/mcu/stm32_f401rc_hal_system.o
                0x080027ec                hal_flash_erase
 .text.hal_flash_write
                0x08002868       0x3e .pio/build/MKS_DLC_LG0_V3_BL/src/mcu/stm32_f401rc_hal_system.o
                0x08002868                hal_flash_write
 .text.ld_word  0x080028a6        0xa .pio/build/MKS_DLC_LG0_V3_BL/lib85f/libfatfs.a(ff.o)
 .text.ld_dword
                0x080028b0       0x16 .pio/build/MKS_DLC_LG0_V3_BL/lib85f/libfatfs.a(ff.o)
 .text.st_word  0x080028c6        0x8 .pio/build/MKS_DLC_LG0_V3_BL/lib85f/libfatfs.a(ff.o)
 .text.st_dword
                0x080028ce       0x14 .pio/build/MKS_DLC_LG0_V3_BL/lib85f/libfatfs.a(ff.o)
 .text.dbc_1st  0x080028e2        0x4 .pio/build/MKS_DLC_LG0_V3_BL/lib85f/libfatfs.a(ff.o)
 .text.dbc_2nd  0x080028e6        0x4 .pio/build/MKS_DLC_LG0_V3_BL/lib85f/libfatfs.a(ff.o)
 *fill*         0x080028ea        0x2 
 .text.chk_lock
                0x080028ec       0x74 .pio/build/MKS_DLC_LG0_V3_BL/lib85f/libfatfs.a(ff.o)
 .text.enq_lock
                0x08002960       0x20 .pio/build/MKS_DLC_LG0_V3_BL/lib85f/libfatfs.a(ff.o)
 .text.inc_lock
                0x08002980       0xa4 .pio/build/MKS_DLC_LG0_V3_BL/lib85f/libfatfs.a(ff.o)
 .text.dec_lock
                0x08002a24       0x40 .pio/build/MKS_DLC_LG0_V3_BL/lib85f/libfatfs.a(ff.o)
 .text.clear_lock
                0x08002a64       0x38 .pio/build/MKS_DLC_LG0_V3_BL/lib85f/libfatfs.a(ff.o)
 .text.clst2sect
                0x08002a9c       0x18 .pio/build/MKS_DLC_LG0_V3_BL/lib85f/libfatfs.a(ff.o)
 .text.clmt_clust
                0x08002ab4       0x22 .pio/build/MKS_DLC_LG0_V3_BL/lib85f/libfatfs.a(ff.o)
 .text.ld_clust
                0x08002ad6       0x26 .pio/build/MKS_DLC_LG0_V3_BL/lib85f/libfatfs.a(ff.o)
 .text.st_clust
                0x08002afc       0x26 .pio/build/MKS_DLC_LG0_V3_BL/lib85f/libfatfs.a(ff.o)
 *fill*         0x08002b22        0x2 
 .text.pick_lfn
                0x08002b24       0x90 .pio/build/MKS_DLC_LG0_V3_BL/lib85f/libfatfs.a(ff.o)
 .text.put_lfn  0x08002bb4       0x78 .pio/build/MKS_DLC_LG0_V3_BL/lib85f/libfatfs.a(ff.o)
 .text.sum_sfn  0x08002c2c       0x1c .pio/build/MKS_DLC_LG0_V3_BL/lib85f/libfatfs.a(ff.o)
 .text.get_ldnumber
                0x08002c48       0x56 .pio/build/MKS_DLC_LG0_V3_BL/lib85f/libfatfs.a(ff.o)
 .text.validate
                0x08002c9e       0x48 .pio/build/MKS_DLC_LG0_V3_BL/lib85f/libfatfs.a(ff.o)
 .text.sync_window
                0x08002ce6       0x50 .pio/build/MKS_DLC_LG0_V3_BL/lib85f/libfatfs.a(ff.o)
 .text.move_window
                0x08002d36       0x34 .pio/build/MKS_DLC_LG0_V3_BL/lib85f/libfatfs.a(ff.o)
 *fill*         0x08002d6a        0x2 
 .text.check_fs
                0x08002d6c       0xd4 .pio/build/MKS_DLC_LG0_V3_BL/lib85f/libfatfs.a(ff.o)
 .text.find_volume
                0x08002e40       0x70 .pio/build/MKS_DLC_LG0_V3_BL/lib85f/libfatfs.a(ff.o)
 .text.mount_volume
                0x08002eb0      0x2b4 .pio/build/MKS_DLC_LG0_V3_BL/lib85f/libfatfs.a(ff.o)
 .text.put_fat  0x08003164      0x10a .pio/build/MKS_DLC_LG0_V3_BL/lib85f/libfatfs.a(ff.o)
 .text.get_fat  0x0800326e       0xd0 .pio/build/MKS_DLC_LG0_V3_BL/lib85f/libfatfs.a(ff.o)
 .text.dir_sdi  0x0800333e       0xa2 .pio/build/MKS_DLC_LG0_V3_BL/lib85f/libfatfs.a(ff.o)
 .text.create_chain
                0x080033e0      0x104 .pio/build/MKS_DLC_LG0_V3_BL/lib85f/libfatfs.a(ff.o)
 .text.remove_chain
                0x080034e4       0x88 .pio/build/MKS_DLC_LG0_V3_BL/lib85f/libfatfs.a(ff.o)
 .text.dir_clear
                0x0800356c       0x52 .pio/build/MKS_DLC_LG0_V3_BL/lib85f/libfatfs.a(ff.o)
 .text.dir_next
                0x080035be       0xc6 .pio/build/MKS_DLC_LG0_V3_BL/lib85f/libfatfs.a(ff.o)
 .text.dir_alloc
                0x08003684       0x50 .pio/build/MKS_DLC_LG0_V3_BL/lib85f/libfatfs.a(ff.o)
 .text.dir_read
                0x080036d4       0xbc .pio/build/MKS_DLC_LG0_V3_BL/lib85f/libfatfs.a(ff.o)
 .text.dir_remove
                0x08003790       0x52 .pio/build/MKS_DLC_LG0_V3_BL/lib85f/libfatfs.a(ff.o)
 .text.tchar2uni
                0x080037e2       0x48 .pio/build/MKS_DLC_LG0_V3_BL/lib85f/libfatfs.a(ff.o)
 *fill*         0x0800382a        0x2 
 .text.create_name
                0x0800382c      0x248 .pio/build/MKS_DLC_LG0_V3_BL/lib85f/libfatfs.a(ff.o)
 .text.cmp_lfn  0x08003a74       0xa4 .pio/build/MKS_DLC_LG0_V3_BL/lib85f/libfatfs.a(ff.o)
 .text.dir_find
                0x08003b18       0xe6 .pio/build/MKS_DLC_LG0_V3_BL/lib85f/libfatfs.a(ff.o)
 .text.follow_path
                0x08003bfe       0x8c .pio/build/MKS_DLC_LG0_V3_BL/lib85f/libfatfs.a(ff.o)
 .text.gen_numname
                0x08003c8a       0xba .pio/build/MKS_DLC_LG0_V3_BL/lib85f/libfatfs.a(ff.o)
 .text.dir_register
                0x08003d44      0x148 .pio/build/MKS_DLC_LG0_V3_BL/lib85f/libfatfs.a(ff.o)
 .text.sync_fs  0x08003e8c       0x8c .pio/build/MKS_DLC_LG0_V3_BL/lib85f/libfatfs.a(ff.o)
 .text.f_mount  0x08003f18       0x58 .pio/build/MKS_DLC_LG0_V3_BL/lib85f/libfatfs.a(ff.o)
                0x08003f18                f_mount
 .text.f_read   0x08003f70      0x18c .pio/build/MKS_DLC_LG0_V3_BL/lib85f/libfatfs.a(ff.o)
                0x08003f70                f_read
 .text.f_unlink
                0x080040fc       0xc0 .pio/build/MKS_DLC_LG0_V3_BL/lib85f/libfatfs.a(ff.o)
                0x080040fc                f_unlink
 .text.f_rename
                0x080041bc      0x164 .pio/build/MKS_DLC_LG0_V3_BL/lib85f/libfatfs.a(ff.o)
                0x080041bc                f_rename
 .text.get_fattime
                0x08004320        0x4 .pio/build/MKS_DLC_LG0_V3_BL/lib85f/libfatfs.a(ff.o)
                0x08004320                get_fattime
 .text.f_open   0x08004324      0x242 .pio/build/MKS_DLC_LG0_V3_BL/lib85f/libfatfs.a(ff.o)
                0x08004324                f_open
 .text.f_sync   0x08004566       0xa0 .pio/build/MKS_DLC_LG0_V3_BL/lib85f/libfatfs.a(ff.o)
                0x08004566                f_sync
 .text.f_close  0x08004606       0x34 .pio/build/MKS_DLC_LG0_V3_BL/lib85f/libfatfs.a(ff.o)
                0x08004606                f_close
 *fill*         0x0800463a        0x2 
 .text.ff_uni2oem
                0x0800463c       0x40 .pio/build/MKS_DLC_LG0_V3_BL/lib85f/libfatfs.a(ffunicode.o)
                0x0800463c                ff_uni2oem
 .text.ff_oem2uni
                0x0800467c       0x2c .pio/build/MKS_DLC_LG0_V3_BL/lib85f/libfatfs.a(ffunicode.o)
                0x0800467c                ff_oem2uni
 .text.ff_wtoupper
                0x080046a8       0x9c .pio/build/MKS_DLC_LG0_V3_BL/lib85f/libfatfs.a(ffunicode.o)
                0x080046a8                ff_wtoupper
 .text.disk_status
                0x08004744        0xc .pio/build/MKS_DLC_LG0_V3_BL/lib85f/libfatfs.a(diskio.o)
                0x08004744                disk_status
 .text.disk_initialize
                0x08004750       0x34 .pio/build/MKS_DLC_LG0_V3_BL/lib85f/libfatfs.a(diskio.o)
                0x08004750                disk_initialize
 .text.disk_read
                0x08004784       0x30 .pio/build/MKS_DLC_LG0_V3_BL/lib85f/libfatfs.a(diskio.o)
                0x08004784                disk_read
 .text.disk_write
                0x080047b4       0x30 .pio/build/MKS_DLC_LG0_V3_BL/lib85f/libfatfs.a(diskio.o)
                0x080047b4                disk_write
 .text.disk_ioctl
                0x080047e4       0x3c .pio/build/MKS_DLC_LG0_V3_BL/lib85f/libfatfs.a(diskio.o)
                0x080047e4                disk_ioctl
 .text.__libc_init_array
                0x08004820       0x48 c:/users/administrator/.platformio/packages/toolchain-gccarmnoneeabi@1.70201.0/bin/../lib/gcc/arm-none-eabi/7.2.1/../../../../arm-none-eabi/lib/thumb/v7e-m\libc_nano.a(lib_a-init.o)
                0x08004820                __libc_init_array
 .text.memcmp   0x08004868       0x1e c:/users/administrator/.platformio/packages/toolchain-gccarmnoneeabi@1.70201.0/bin/../lib/gcc/arm-none-eabi/7.2.1/../../../../arm-none-eabi/lib/thumb/v7e-m\libc_nano.a(lib_a-memcmp.o)
                0x08004868                memcmp
 .text.memcpy   0x08004886       0x16 c:/users/administrator/.platformio/packages/toolchain-gccarmnoneeabi@1.70201.0/bin/../lib/gcc/arm-none-eabi/7.2.1/../../../../arm-none-eabi/lib/thumb/v7e-m\libc_nano.a(lib_a-memcpy-stub.o)
                0x08004886                memcpy
 .text.memset   0x0800489c       0x10 c:/users/administrator/.platformio/packages/toolchain-gccarmnoneeabi@1.70201.0/bin/../lib/gcc/arm-none-eabi/7.2.1/../../../../arm-none-eabi/lib/thumb/v7e-m\libc_nano.a(lib_a-memset.o)
                0x0800489c                memset
 .text.printf   0x080048ac       0x30 c:/users/administrator/.platformio/packages/toolchain-gccarmnoneeabi@1.70201.0/bin/../lib/gcc/arm-none-eabi/7.2.1/../../../../arm-none-eabi/lib/thumb/v7e-m\libc_nano.a(lib_a-printf.o)
                0x080048ac                iprintf
                0x080048ac                printf
 .text._puts_r  0x080048dc       0xb8 c:/users/administrator/.platformio/packages/toolchain-gccarmnoneeabi@1.70201.0/bin/../lib/gcc/arm-none-eabi/7.2.1/../../../../arm-none-eabi/lib/thumb/v7e-m\libc_nano.a(lib_a-puts.o)
                0x080048dc                _puts_r
 .text.puts     0x08004994       0x10 c:/users/administrator/.platformio/packages/toolchain-gccarmnoneeabi@1.70201.0/bin/../lib/gcc/arm-none-eabi/7.2.1/../../../../arm-none-eabi/lib/thumb/v7e-m\libc_nano.a(lib_a-puts.o)
                0x08004994                puts
 .text.strchr   0x080049a4       0x1a c:/users/administrator/.platformio/packages/toolchain-gccarmnoneeabi@1.70201.0/bin/../lib/gcc/arm-none-eabi/7.2.1/../../../../arm-none-eabi/lib/thumb/v7e-m\libc_nano.a(lib_a-strchr.o)
                0x080049a4                strchr
 .text.strcpy   0x080049be       0x10 c:/users/administrator/.platformio/packages/toolchain-gccarmnoneeabi@1.70201.0/bin/../lib/gcc/arm-none-eabi/7.2.1/../../../../arm-none-eabi/lib/thumb/v7e-m\libc_nano.a(lib_a-strcpy.o)
                0x080049be                strcpy
 *fill*         0x080049ce        0x2 
 .text.__swbuf_r
                0x080049d0       0xa4 c:/users/administrator/.platformio/packages/toolchain-gccarmnoneeabi@1.70201.0/bin/../lib/gcc/arm-none-eabi/7.2.1/../../../../arm-none-eabi/lib/thumb/v7e-m\libc_nano.a(lib_a-wbuf.o)
                0x080049d0                __swbuf_r
 .text.__swsetup_r
                0x08004a74       0xdc c:/users/administrator/.platformio/packages/toolchain-gccarmnoneeabi@1.70201.0/bin/../lib/gcc/arm-none-eabi/7.2.1/../../../../arm-none-eabi/lib/thumb/v7e-m\libc_nano.a(lib_a-wsetup.o)
                0x08004a74                __swsetup_r
 .text.__sflush_r
                0x08004b50      0x10c c:/users/administrator/.platformio/packages/toolchain-gccarmnoneeabi@1.70201.0/bin/../lib/gcc/arm-none-eabi/7.2.1/../../../../arm-none-eabi/lib/thumb/v7e-m\libc_nano.a(lib_a-fflush.o)
                0x08004b50                __sflush_r
 .text._fflush_r
                0x08004c5c       0x54 c:/users/administrator/.platformio/packages/toolchain-gccarmnoneeabi@1.70201.0/bin/../lib/gcc/arm-none-eabi/7.2.1/../../../../arm-none-eabi/lib/thumb/v7e-m\libc_nano.a(lib_a-fflush.o)
                0x08004c5c                _fflush_r
 .text.std      0x08004cb0       0x48 c:/users/administrator/.platformio/packages/toolchain-gccarmnoneeabi@1.70201.0/bin/../lib/gcc/arm-none-eabi/7.2.1/../../../../arm-none-eabi/lib/thumb/v7e-m\libc_nano.a(lib_a-findfp.o)
 .text._cleanup_r
                0x08004cf8        0xc c:/users/administrator/.platformio/packages/toolchain-gccarmnoneeabi@1.70201.0/bin/../lib/gcc/arm-none-eabi/7.2.1/../../../../arm-none-eabi/lib/thumb/v7e-m\libc_nano.a(lib_a-findfp.o)
                0x08004cf8                _cleanup_r
 .text.__sfmoreglue
                0x08004d04       0x2c c:/users/administrator/.platformio/packages/toolchain-gccarmnoneeabi@1.70201.0/bin/../lib/gcc/arm-none-eabi/7.2.1/../../../../arm-none-eabi/lib/thumb/v7e-m\libc_nano.a(lib_a-findfp.o)
                0x08004d04                __sfmoreglue
 .text.__sinit  0x08004d30       0x60 c:/users/administrator/.platformio/packages/toolchain-gccarmnoneeabi@1.70201.0/bin/../lib/gcc/arm-none-eabi/7.2.1/../../../../arm-none-eabi/lib/thumb/v7e-m\libc_nano.a(lib_a-findfp.o)
                0x08004d30                __sinit
 .text.__sfp    0x08004d90       0x78 c:/users/administrator/.platformio/packages/toolchain-gccarmnoneeabi@1.70201.0/bin/../lib/gcc/arm-none-eabi/7.2.1/../../../../arm-none-eabi/lib/thumb/v7e-m\libc_nano.a(lib_a-findfp.o)
                0x08004d90                __sfp
 .text._fwalk_reent
                0x08004e08       0x3c c:/users/administrator/.platformio/packages/toolchain-gccarmnoneeabi@1.70201.0/bin/../lib/gcc/arm-none-eabi/7.2.1/../../../../arm-none-eabi/lib/thumb/v7e-m\libc_nano.a(lib_a-fwalk.o)
                0x08004e08                _fwalk_reent
 .text.__swhatbuf_r
                0x08004e44       0x48 c:/users/administrator/.platformio/packages/toolchain-gccarmnoneeabi@1.70201.0/bin/../lib/gcc/arm-none-eabi/7.2.1/../../../../arm-none-eabi/lib/thumb/v7e-m\libc_nano.a(lib_a-makebuf.o)
                0x08004e44                __swhatbuf_r
 .text.__smakebuf_r
                0x08004e8c       0x80 c:/users/administrator/.platformio/packages/toolchain-gccarmnoneeabi@1.70201.0/bin/../lib/gcc/arm-none-eabi/7.2.1/../../../../arm-none-eabi/lib/thumb/v7e-m\libc_nano.a(lib_a-makebuf.o)
                0x08004e8c                __smakebuf_r
 .text._free_r  0x08004f0c       0x9c c:/users/administrator/.platformio/packages/toolchain-gccarmnoneeabi@1.70201.0/bin/../lib/gcc/arm-none-eabi/7.2.1/../../../../arm-none-eabi/lib/thumb/v7e-m\libc_nano.a(lib_a-nano-freer.o)
                0x08004f0c                _free_r
 .text._malloc_r
                0x08004fa8       0xb4 c:/users/administrator/.platformio/packages/toolchain-gccarmnoneeabi@1.70201.0/bin/../lib/gcc/arm-none-eabi/7.2.1/../../../../arm-none-eabi/lib/thumb/v7e-m\libc_nano.a(lib_a-nano-mallocr.o)
                0x08004fa8                _malloc_r
 .text.__sfputc_r
                0x0800505c       0x2a c:/users/administrator/.platformio/packages/toolchain-gccarmnoneeabi@1.70201.0/bin/../lib/gcc/arm-none-eabi/7.2.1/../../../../arm-none-eabi/lib/thumb/v7e-m\libc_nano.a(lib_a-nano-vfprintf.o)
 .text.__sfputs_r
                0x08005086       0x24 c:/users/administrator/.platformio/packages/toolchain-gccarmnoneeabi@1.70201.0/bin/../lib/gcc/arm-none-eabi/7.2.1/../../../../arm-none-eabi/lib/thumb/v7e-m\libc_nano.a(lib_a-nano-vfprintf.o)
                0x08005086                __sfputs_r
 *fill*         0x080050aa        0x2 
 .text._vfprintf_r
                0x080050ac      0x228 c:/users/administrator/.platformio/packages/toolchain-gccarmnoneeabi@1.70201.0/bin/../lib/gcc/arm-none-eabi/7.2.1/../../../../arm-none-eabi/lib/thumb/v7e-m\libc_nano.a(lib_a-nano-vfprintf.o)
                0x080050ac                _vfprintf_r
                0x080050ac                _vfiprintf_r
 .text._printf_common
                0x080052d4       0xea c:/users/administrator/.platformio/packages/toolchain-gccarmnoneeabi@1.70201.0/bin/../lib/gcc/arm-none-eabi/7.2.1/../../../../arm-none-eabi/lib/thumb/v7e-m\libc_nano.a(lib_a-nano-vfprintf_i.o)
                0x080052d4                _printf_common
 *fill*         0x080053be        0x2 
 .text._printf_i
                0x080053c0      0x224 c:/users/administrator/.platformio/packages/toolchain-gccarmnoneeabi@1.70201.0/bin/../lib/gcc/arm-none-eabi/7.2.1/../../../../arm-none-eabi/lib/thumb/v7e-m\libc_nano.a(lib_a-nano-vfprintf_i.o)
                0x080053c0                _printf_i
 .text._sbrk_r  0x080055e4       0x20 c:/users/administrator/.platformio/packages/toolchain-gccarmnoneeabi@1.70201.0/bin/../lib/gcc/arm-none-eabi/7.2.1/../../../../arm-none-eabi/lib/thumb/v7e-m\libc_nano.a(lib_a-sbrkr.o)
                0x080055e4                _sbrk_r
 .text.__sread  0x08005604       0x22 c:/users/administrator/.platformio/packages/toolchain-gccarmnoneeabi@1.70201.0/bin/../lib/gcc/arm-none-eabi/7.2.1/../../../../arm-none-eabi/lib/thumb/v7e-m\libc_nano.a(lib_a-stdio.o)
                0x08005604                __sread
 .text.__swrite
                0x08005626       0x38 c:/users/administrator/.platformio/packages/toolchain-gccarmnoneeabi@1.70201.0/bin/../lib/gcc/arm-none-eabi/7.2.1/../../../../arm-none-eabi/lib/thumb/v7e-m\libc_nano.a(lib_a-stdio.o)
                0x08005626                __swrite
 .text.__sseek  0x0800565e       0x24 c:/users/administrator/.platformio/packages/toolchain-gccarmnoneeabi@1.70201.0/bin/../lib/gcc/arm-none-eabi/7.2.1/../../../../arm-none-eabi/lib/thumb/v7e-m\libc_nano.a(lib_a-stdio.o)
                0x0800565e                __sseek
 .text.__sclose
                0x08005682        0x8 c:/users/administrator/.platformio/packages/toolchain-gccarmnoneeabi@1.70201.0/bin/../lib/gcc/arm-none-eabi/7.2.1/../../../../arm-none-eabi/lib/thumb/v7e-m\libc_nano.a(lib_a-stdio.o)
                0x08005682                __sclose
 *fill*         0x0800568a        0x2 
 .text._write_r
                0x0800568c       0x24 c:/users/administrator/.platformio/packages/toolchain-gccarmnoneeabi@1.70201.0/bin/../lib/gcc/arm-none-eabi/7.2.1/../../../../arm-none-eabi/lib/thumb/v7e-m\libc_nano.a(lib_a-writer.o)
                0x0800568c                _write_r
 .text._close_r
                0x080056b0       0x20 c:/users/administrator/.platformio/packages/toolchain-gccarmnoneeabi@1.70201.0/bin/../lib/gcc/arm-none-eabi/7.2.1/../../../../arm-none-eabi/lib/thumb/v7e-m\libc_nano.a(lib_a-closer.o)
                0x080056b0                _close_r
 .text._fstat_r
                0x080056d0       0x24 c:/users/administrator/.platformio/packages/toolchain-gccarmnoneeabi@1.70201.0/bin/../lib/gcc/arm-none-eabi/7.2.1/../../../../arm-none-eabi/lib/thumb/v7e-m\libc_nano.a(lib_a-fstatr.o)
                0x080056d0                _fstat_r
 .text._isatty_r
                0x080056f4       0x20 c:/users/administrator/.platformio/packages/toolchain-gccarmnoneeabi@1.70201.0/bin/../lib/gcc/arm-none-eabi/7.2.1/../../../../arm-none-eabi/lib/thumb/v7e-m\libc_nano.a(lib_a-isattyr.o)
                0x080056f4                _isatty_r
 .text._lseek_r
                0x08005714       0x24 c:/users/administrator/.platformio/packages/toolchain-gccarmnoneeabi@1.70201.0/bin/../lib/gcc/arm-none-eabi/7.2.1/../../../../arm-none-eabi/lib/thumb/v7e-m\libc_nano.a(lib_a-lseekr.o)
                0x08005714                _lseek_r
 .text.__malloc_lock
                0x08005738        0x2 c:/users/administrator/.platformio/packages/toolchain-gccarmnoneeabi@1.70201.0/bin/../lib/gcc/arm-none-eabi/7.2.1/../../../../arm-none-eabi/lib/thumb/v7e-m\libc_nano.a(lib_a-mlock.o)
                0x08005738                __malloc_lock
 .text.__malloc_unlock
                0x0800573a        0x2 c:/users/administrator/.platformio/packages/toolchain-gccarmnoneeabi@1.70201.0/bin/../lib/gcc/arm-none-eabi/7.2.1/../../../../arm-none-eabi/lib/thumb/v7e-m\libc_nano.a(lib_a-mlock.o)
                0x0800573a                __malloc_unlock
 .text._read_r  0x0800573c       0x24 c:/users/administrator/.platformio/packages/toolchain-gccarmnoneeabi@1.70201.0/bin/../lib/gcc/arm-none-eabi/7.2.1/../../../../arm-none-eabi/lib/thumb/v7e-m\libc_nano.a(lib_a-readr.o)
                0x0800573c                _read_r
 .text._close   0x08005760       0x10 c:/users/administrator/.platformio/packages/toolchain-gccarmnoneeabi@1.70201.0/bin/../lib/gcc/arm-none-eabi/7.2.1/../../../../arm-none-eabi/lib/thumb/v7e-m\libnosys.a(close.o)
                0x08005760                _close
 .text._fstat   0x08005770       0x10 c:/users/administrator/.platformio/packages/toolchain-gccarmnoneeabi@1.70201.0/bin/../lib/gcc/arm-none-eabi/7.2.1/../../../../arm-none-eabi/lib/thumb/v7e-m\libnosys.a(fstat.o)
                0x08005770                _fstat
 .text._isatty  0x08005780       0x10 c:/users/administrator/.platformio/packages/toolchain-gccarmnoneeabi@1.70201.0/bin/../lib/gcc/arm-none-eabi/7.2.1/../../../../arm-none-eabi/lib/thumb/v7e-m\libnosys.a(isatty.o)
                0x08005780                _isatty
 .text._lseek   0x08005790       0x10 c:/users/administrator/.platformio/packages/toolchain-gccarmnoneeabi@1.70201.0/bin/../lib/gcc/arm-none-eabi/7.2.1/../../../../arm-none-eabi/lib/thumb/v7e-m\libnosys.a(lseek.o)
                0x08005790                _lseek
 .text._read    0x080057a0       0x10 c:/users/administrator/.platformio/packages/toolchain-gccarmnoneeabi@1.70201.0/bin/../lib/gcc/arm-none-eabi/7.2.1/../../../../arm-none-eabi/lib/thumb/v7e-m\libnosys.a(read.o)
                0x080057a0                _read
 .text._sbrk    0x080057b0       0x1c c:/users/administrator/.platformio/packages/toolchain-gccarmnoneeabi@1.70201.0/bin/../lib/gcc/arm-none-eabi/7.2.1/../../../../arm-none-eabi/lib/thumb/v7e-m\libnosys.a(sbrk.o)
                0x080057b0                _sbrk
 .text.Reset_Handler
                0x080057cc       0x50 .pio/build/MKS_DLC_LG0_V3_BL/libFrameworkCMSISDevice.a(startup_stm32f401xc.o)
                0x080057cc                Reset_Handler
 .text.Default_Handler
                0x0800581c        0x2 .pio/build/MKS_DLC_LG0_V3_BL/libFrameworkCMSISDevice.a(startup_stm32f401xc.o)
                0x0800581c                RTC_Alarm_IRQHandler
                0x0800581c                EXTI2_IRQHandler
                0x0800581c                DebugMon_Handler
                0x0800581c                SPI4_IRQHandler
                0x0800581c                TIM1_CC_IRQHandler
                0x0800581c                DMA2_Stream5_IRQHandler
                0x0800581c                DMA1_Stream5_IRQHandler
                0x0800581c                PVD_IRQHandler
                0x0800581c                SDIO_IRQHandler
                0x0800581c                TAMP_STAMP_IRQHandler
                0x0800581c                PendSV_Handler
                0x0800581c                NMI_Handler
                0x0800581c                EXTI3_IRQHandler
                0x0800581c                TIM1_UP_TIM10_IRQHandler
                0x0800581c                I2C3_ER_IRQHandler
                0x0800581c                EXTI0_IRQHandler
                0x0800581c                I2C2_EV_IRQHandler
                0x0800581c                DMA1_Stream2_IRQHandler
                0x0800581c                FPU_IRQHandler
                0x0800581c                UsageFault_Handler
                0x0800581c                DMA2_Stream2_IRQHandler
                0x0800581c                SPI1_IRQHandler
                0x0800581c                TIM1_BRK_TIM9_IRQHandler
                0x0800581c                DMA2_Stream3_IRQHandler
                0x0800581c                USART6_IRQHandler
                0x0800581c                DMA2_Stream0_IRQHandler
                0x0800581c                TIM4_IRQHandler
                0x0800581c                I2C1_EV_IRQHandler
                0x0800581c                DMA1_Stream6_IRQHandler
                0x0800581c                DMA1_Stream1_IRQHandler
                0x0800581c                TIM3_IRQHandler
                0x0800581c                RCC_IRQHandler
                0x0800581c                Default_Handler
                0x0800581c                EXTI15_10_IRQHandler
                0x0800581c                ADC_IRQHandler
                0x0800581c                DMA1_Stream7_IRQHandler
                0x0800581c                TIM5_IRQHandler
                0x0800581c                DMA2_Stream7_IRQHandler
                0x0800581c                I2C3_EV_IRQHandler
                0x0800581c                EXTI9_5_IRQHandler
                0x0800581c                RTC_WKUP_IRQHandler
                0x0800581c                SPI2_IRQHandler
                0x0800581c                MemManage_Handler
                0x0800581c                DMA1_Stream0_IRQHandler
                0x0800581c                SVC_Handler
                0x0800581c                EXTI4_IRQHandler
                0x0800581c                WWDG_IRQHandler
                0x0800581c                TIM2_IRQHandler
                0x0800581c                OTG_FS_WKUP_IRQHandler
                0x0800581c                TIM1_TRG_COM_TIM11_IRQHandler
                0x0800581c                EXTI1_IRQHandler
                0x0800581c                USART2_IRQHandler
                0x0800581c                I2C2_ER_IRQHandler
                0x0800581c                DMA2_Stream1_IRQHandler
                0x0800581c                FLASH_IRQHandler
                0x0800581c                DMA2_Stream4_IRQHandler
                0x0800581c                BusFault_Handler
                0x0800581c                USART1_IRQHandler
                0x0800581c                OTG_FS_IRQHandler
                0x0800581c                SPI3_IRQHandler
                0x0800581c                DMA1_Stream4_IRQHandler
                0x0800581c                I2C1_ER_IRQHandler
                0x0800581c                DMA2_Stream6_IRQHandler
                0x0800581c                DMA1_Stream3_IRQHandler
 .text.SystemInit
                0x0800581e        0x2 .pio/build/MKS_DLC_LG0_V3_BL/libFrameworkCMSISDevice.a(system_stm32f4xx.o)
                0x0800581e                SystemInit
 *(.glue_7)
 .glue_7        0x08005820        0x0 linker stubs
 *(.glue_7t)
 .glue_7t       0x08005820        0x0 linker stubs
 *(.eh_frame)
 .eh_frame      0x08005820        0x0 c:/users/administrator/.platformio/packages/toolchain-gccarmnoneeabi@1.70201.0/bin/../lib/gcc/arm-none-eabi/7.2.1/thumb/v7e-m/crtbegin.o
 *(.init)
 .init          0x08005820        0x4 c:/users/administrator/.platformio/packages/toolchain-gccarmnoneeabi@1.70201.0/bin/../lib/gcc/arm-none-eabi/7.2.1/thumb/v7e-m/crti.o
                0x08005820                _init
 .init          0x08005824        0x8 c:/users/administrator/.platformio/packages/toolchain-gccarmnoneeabi@1.70201.0/bin/../lib/gcc/arm-none-eabi/7.2.1/thumb/v7e-m/crtn.o
 *(.fini)
 .fini          0x0800582c        0x4 c:/users/administrator/.platformio/packages/toolchain-gccarmnoneeabi@1.70201.0/bin/../lib/gcc/arm-none-eabi/7.2.1/thumb/v7e-m/crti.o
                0x0800582c                _fini
 .fini          0x08005830        0x8 c:/users/administrator/.platformio/packages/toolchain-gccarmnoneeabi@1.70201.0/bin/../lib/gcc/arm-none-eabi/7.2.1/thumb/v7e-m/crtn.o
                0x08005838                . = ALIGN (0x4)
                0x08005838                _etext = .

.vfp11_veneer   0x08005838        0x0
 .vfp11_veneer  0x08005838        0x0 linker stubs

.v4_bx          0x08005838        0x0
 .v4_bx         0x08005838        0x0 linker stubs

.iplt           0x08005838        0x0
 .iplt          0x08005838        0x0 c:/users/administrator/.platformio/packages/toolchain-gccarmnoneeabi@1.70201.0/bin/../lib/gcc/arm-none-eabi/7.2.1/thumb/v7e-m/crtbegin.o

.rodata         0x08005838      0x670
                0x08005838                . = ALIGN (0x4)
 *(.rodata)
 *(.rodata*)
 .rodata.bl_write_flash.str1.4
                0x08005838       0x53 .pio/build/MKS_DLC_LG0_V3_BL/src/bootloader.o
 *fill*         0x0800588b        0x1 
 .rodata.str1.4
                0x0800588c       0x26 .pio/build/MKS_DLC_LG0_V3_BL/src/bootloader.o
 *fill*         0x080058b2        0x2 
 .rodata.printf_info.str1.4
                0x080058b4       0x79 .pio/build/MKS_DLC_LG0_V3_BL/src/hal/hal.o
 *fill*         0x0800592d        0x3 
 .rodata.printf_result_info.str1.4
                0x08005930       0x1e .pio/build/MKS_DLC_LG0_V3_BL/src/hal/hal.o
 *fill*         0x0800594e        0x2 
 .rodata.main.str1.4
                0x08005950        0x3 .pio/build/MKS_DLC_LG0_V3_BL/src/main.o
 *fill*         0x08005953        0x1 
 .rodata.ExCvt  0x08005954       0x80 .pio/build/MKS_DLC_LG0_V3_BL/lib85f/libfatfs.a(ff.o)
 .rodata.LfnOfs
                0x080059d4        0xd .pio/build/MKS_DLC_LG0_V3_BL/lib85f/libfatfs.a(ff.o)
 *fill*         0x080059e1        0x3 
 .rodata.check_fs.str1.4
                0x080059e4        0x9 .pio/build/MKS_DLC_LG0_V3_BL/lib85f/libfatfs.a(ff.o)
 *fill*         0x080059ed        0x3 
 .rodata.create_name.str1.4
                0x080059f0       0x13 .pio/build/MKS_DLC_LG0_V3_BL/lib85f/libfatfs.a(ff.o)
 *fill*         0x08005a03        0x1 
 .rodata.cvt1.4389
                0x08005a04      0x1f2 .pio/build/MKS_DLC_LG0_V3_BL/lib85f/libfatfs.a(ffunicode.o)
 *fill*         0x08005bf6        0x2 
 .rodata.cvt2.4390
                0x08005bf8       0xbc .pio/build/MKS_DLC_LG0_V3_BL/lib85f/libfatfs.a(ffunicode.o)
 .rodata.uc437  0x08005cb4      0x100 .pio/build/MKS_DLC_LG0_V3_BL/lib85f/libfatfs.a(ffunicode.o)
 .rodata.disk_initialize.str1.4
                0x08005db4       0x44 .pio/build/MKS_DLC_LG0_V3_BL/lib85f/libfatfs.a(diskio.o)
                                 0x41 (size before relaxing)
 .rodata._global_impure_ptr
                0x08005df8        0x4 c:/users/administrator/.platformio/packages/toolchain-gccarmnoneeabi@1.70201.0/bin/../lib/gcc/arm-none-eabi/7.2.1/../../../../arm-none-eabi/lib/thumb/v7e-m\libc_nano.a(lib_a-impure.o)
                0x08005df8                _global_impure_ptr
 .rodata.__sf_fake_stderr
                0x08005dfc       0x20 c:/users/administrator/.platformio/packages/toolchain-gccarmnoneeabi@1.70201.0/bin/../lib/gcc/arm-none-eabi/7.2.1/../../../../arm-none-eabi/lib/thumb/v7e-m\libc_nano.a(lib_a-findfp.o)
                0x08005dfc                __sf_fake_stderr
 .rodata.__sf_fake_stdin
                0x08005e1c       0x20 c:/users/administrator/.platformio/packages/toolchain-gccarmnoneeabi@1.70201.0/bin/../lib/gcc/arm-none-eabi/7.2.1/../../../../arm-none-eabi/lib/thumb/v7e-m\libc_nano.a(lib_a-findfp.o)
                0x08005e1c                __sf_fake_stdin
 .rodata.__sf_fake_stdout
                0x08005e3c       0x20 c:/users/administrator/.platformio/packages/toolchain-gccarmnoneeabi@1.70201.0/bin/../lib/gcc/arm-none-eabi/7.2.1/../../../../arm-none-eabi/lib/thumb/v7e-m\libc_nano.a(lib_a-findfp.o)
                0x08005e3c                __sf_fake_stdout
 .rodata._vfprintf_r.str1.1
                0x08005e5c       0x11 c:/users/administrator/.platformio/packages/toolchain-gccarmnoneeabi@1.70201.0/bin/../lib/gcc/arm-none-eabi/7.2.1/../../../../arm-none-eabi/lib/thumb/v7e-m\libc_nano.a(lib_a-nano-vfprintf.o)
 .rodata._printf_i.str1.1
                0x08005e6d       0x22 c:/users/administrator/.platformio/packages/toolchain-gccarmnoneeabi@1.70201.0/bin/../lib/gcc/arm-none-eabi/7.2.1/../../../../arm-none-eabi/lib/thumb/v7e-m\libc_nano.a(lib_a-nano-vfprintf_i.o)
 *fill*         0x08005e8f        0x1 
 .rodata.AHBPrescTable
                0x08005e90       0x10 .pio/build/MKS_DLC_LG0_V3_BL/libFrameworkCMSISDevice.a(system_stm32f4xx.o)
                0x08005e90                AHBPrescTable
 .rodata.APBPrescTable
                0x08005ea0        0x8 .pio/build/MKS_DLC_LG0_V3_BL/libFrameworkCMSISDevice.a(system_stm32f4xx.o)
                0x08005ea0                APBPrescTable
                0x08005ea8                . = ALIGN (0x4)

.ARM.extab      0x08005ea8        0x0
                0x08005ea8                . = ALIGN (0x4)
 *(.ARM.extab* .gnu.linkonce.armextab.*)
                0x08005ea8                . = ALIGN (0x4)

.ARM            0x08005ea8        0x8
                0x08005ea8                . = ALIGN (0x4)
                0x08005ea8                __exidx_start = .
 *(.ARM.exidx*)
 .ARM.exidx     0x08005ea8        0x8 c:/users/administrator/.platformio/packages/toolchain-gccarmnoneeabi@1.70201.0/bin/../lib/gcc/arm-none-eabi/7.2.1/thumb/v7e-m\libgcc.a(_udivmoddi4.o)
                0x08005eb0                __exidx_end = .
                0x08005eb0                . = ALIGN (0x4)

.rel.dyn        0x08005eb0        0x0
 .rel.iplt      0x08005eb0        0x0 c:/users/administrator/.platformio/packages/toolchain-gccarmnoneeabi@1.70201.0/bin/../lib/gcc/arm-none-eabi/7.2.1/thumb/v7e-m/crtbegin.o

.preinit_array  0x08005eb0        0x0
                0x08005eb0                . = ALIGN (0x4)
                0x08005eb0                PROVIDE (__preinit_array_start, .)
 *(.preinit_array*)
                0x08005eb0                PROVIDE (__preinit_array_end, .)
                0x08005eb0                . = ALIGN (0x4)

.init_array     0x08005eb0        0x4
                0x08005eb0                . = ALIGN (0x4)
                0x08005eb0                PROVIDE (__init_array_start, .)
 *(SORT_BY_NAME(.init_array.*))
 *(.init_array*)
 .init_array    0x08005eb0        0x4 c:/users/administrator/.platformio/packages/toolchain-gccarmnoneeabi@1.70201.0/bin/../lib/gcc/arm-none-eabi/7.2.1/thumb/v7e-m/crtbegin.o
                0x08005eb4                PROVIDE (__init_array_end, .)
                0x08005eb4                . = ALIGN (0x4)

.fini_array     0x08005eb4        0x4
                0x08005eb4                . = ALIGN (0x4)
                [!provide]                PROVIDE (__fini_array_start, .)
 *(SORT_BY_NAME(.fini_array.*))
 *(.fini_array*)
 .fini_array    0x08005eb4        0x4 c:/users/administrator/.platformio/packages/toolchain-gccarmnoneeabi@1.70201.0/bin/../lib/gcc/arm-none-eabi/7.2.1/thumb/v7e-m/crtbegin.o
                [!provide]                PROVIDE (__fini_array_end, .)
                0x08005eb8                . = ALIGN (0x4)
                0x08005eb8                _sidata = LOADADDR (.data)

.data           0x20000000       0x7c load address 0x08005eb8
                0x20000000                . = ALIGN (0x4)
                0x20000000                _sdata = .
 *(.data)
 *(.data*)
 .data.uwTickFreq
                0x20000000        0x1 .pio/build/MKS_DLC_LG0_V3_BL/FrameworkHALDriver/Src/stm32f4xx_hal.o
                0x20000000                uwTickFreq
 *fill*         0x20000001        0x3 
 .data.uwTickPrio
                0x20000004        0x4 .pio/build/MKS_DLC_LG0_V3_BL/FrameworkHALDriver/Src/stm32f4xx_hal.o
                0x20000004                uwTickPrio
 .data.FW_FILE_SD
                0x20000008        0x4 .pio/build/MKS_DLC_LG0_V3_BL/src/bootloader.o
                0x20000008                FW_FILE_SD
 .data.FW_OLD_FILE_SD
                0x2000000c        0x4 .pio/build/MKS_DLC_LG0_V3_BL/src/bootloader.o
                0x2000000c                FW_OLD_FILE_SD
 .data.hlfP     0x20000010        0x4 .pio/build/MKS_DLC_LG0_V3_BL/src/bootloader.o
                0x20000010                hlfP
 .data._impure_ptr
                0x20000014        0x4 c:/users/administrator/.platformio/packages/toolchain-gccarmnoneeabi@1.70201.0/bin/../lib/gcc/arm-none-eabi/7.2.1/../../../../arm-none-eabi/lib/thumb/v7e-m\libc_nano.a(lib_a-impure.o)
                0x20000014                _impure_ptr
 .data.impure_data
                0x20000018       0x60 c:/users/administrator/.platformio/packages/toolchain-gccarmnoneeabi@1.70201.0/bin/../lib/gcc/arm-none-eabi/7.2.1/../../../../arm-none-eabi/lib/thumb/v7e-m\libc_nano.a(lib_a-impure.o)
 .data.SystemCoreClock
                0x20000078        0x4 .pio/build/MKS_DLC_LG0_V3_BL/libFrameworkCMSISDevice.a(system_stm32f4xx.o)
                0x20000078                SystemCoreClock
 *(.RamFunc)
 *(.RamFunc*)
                0x2000007c                . = ALIGN (0x4)
                0x2000007c                _edata = .

.igot.plt       0x2000007c        0x0 load address 0x08005f34
 .igot.plt      0x2000007c        0x0 c:/users/administrator/.platformio/packages/toolchain-gccarmnoneeabi@1.70201.0/bin/../lib/gcc/arm-none-eabi/7.2.1/thumb/v7e-m/crtbegin.o
                0x2000007c                . = ALIGN (0x4)

.bss            0x2000007c      0x844 load address 0x08005f34
                0x2000007c                _sbss = .
                0x2000007c                __bss_start__ = _sbss
 *(.bss)
 .bss           0x2000007c       0x1c c:/users/administrator/.platformio/packages/toolchain-gccarmnoneeabi@1.70201.0/bin/../lib/gcc/arm-none-eabi/7.2.1/thumb/v7e-m/crtbegin.o
 *(.bss*)
 .bss.Address   0x20000098        0x4 .pio/build/MKS_DLC_LG0_V3_BL/src/bootloader.o
                0x20000098                Address
 .bss.fw_size_count
                0x2000009c        0x4 .pio/build/MKS_DLC_LG0_V3_BL/src/bootloader.o
                0x2000009c                fw_size_count
 .bss.msp       0x200000a0        0x4 .pio/build/MKS_DLC_LG0_V3_BL/src/bootloader.o
                0x200000a0                msp
 .bss.reset     0x200000a4        0x4 .pio/build/MKS_DLC_LG0_V3_BL/src/bootloader.o
                0x200000a4                reset
 .bss.SD_Type   0x200000a8        0x1 .pio/build/MKS_DLC_LG0_V3_BL/src/external_device/SD/sdcard.o
                0x200000a8                SD_Type
 *fill*         0x200000a9        0x3 
 .bss.FatFs     0x200000ac        0x8 .pio/build/MKS_DLC_LG0_V3_BL/lib85f/libfatfs.a(ff.o)
 .bss.Files     0x200000b4       0x30 .pio/build/MKS_DLC_LG0_V3_BL/lib85f/libfatfs.a(ff.o)
 .bss.Fsid      0x200000e4        0x2 .pio/build/MKS_DLC_LG0_V3_BL/lib85f/libfatfs.a(ff.o)
 *fill*         0x200000e6        0x2 
 .bss.__malloc_free_list
                0x200000e8        0x4 c:/users/administrator/.platformio/packages/toolchain-gccarmnoneeabi@1.70201.0/bin/../lib/gcc/arm-none-eabi/7.2.1/../../../../arm-none-eabi/lib/thumb/v7e-m\libc_nano.a(lib_a-nano-mallocr.o)
                0x200000e8                __malloc_free_list
 .bss.__malloc_sbrk_start
                0x200000ec        0x4 c:/users/administrator/.platformio/packages/toolchain-gccarmnoneeabi@1.70201.0/bin/../lib/gcc/arm-none-eabi/7.2.1/../../../../arm-none-eabi/lib/thumb/v7e-m\libc_nano.a(lib_a-nano-mallocr.o)
                0x200000ec                __malloc_sbrk_start
 .bss.heap_end.4102
                0x200000f0        0x4 c:/users/administrator/.platformio/packages/toolchain-gccarmnoneeabi@1.70201.0/bin/../lib/gcc/arm-none-eabi/7.2.1/../../../../arm-none-eabi/lib/thumb/v7e-m\libnosys.a(sbrk.o)
 *(COMMON)
 COMMON         0x200000f4        0x4 .pio/build/MKS_DLC_LG0_V3_BL/FrameworkHALDriver/Src/stm32f4xx_hal.o
                0x200000f4                uwTick
 COMMON         0x200000f8       0x20 .pio/build/MKS_DLC_LG0_V3_BL/FrameworkHALDriver/Src/stm32f4xx_hal_flash.o
                0x200000f8                pFlash
 COMMON         0x20000118      0x48a .pio/build/MKS_DLC_LG0_V3_BL/src/bootloader.o
                0x20000118                hal_bl
                0x20000164                old_name_buff
                0x20000184                file_read_buff
                0x20000584                firmware_name_buff
 *fill*         0x200005a2        0x2 
 COMMON         0x200005a4       0x28 .pio/build/MKS_DLC_LG0_V3_BL/src/external_device/SD/sdcard.o
                0x200005a4                hal_sd
 COMMON         0x200005cc        0xe .pio/build/MKS_DLC_LG0_V3_BL/src/hal/hal.o
                0x200005cc                hal_flag
                0x200005d0                hal_info
 *fill*         0x200005da        0x2 
 COMMON         0x200005dc       0x58 .pio/build/MKS_DLC_LG0_V3_BL/src/hal/hal_spi.o
                0x200005dc                sd_hspi
 COMMON         0x20000634       0x44 .pio/build/MKS_DLC_LG0_V3_BL/src/hal/hal_uart.o
                0x20000634                debug_uart
 COMMON         0x20000678      0x230 .pio/build/MKS_DLC_LG0_V3_BL/src/main.o
                0x20000678                fil
 COMMON         0x200008a8       0x14 .pio/build/MKS_DLC_LG0_V3_BL/src/mcu/stm32_f401rc_hal_system.o
                0x200008a8                bl_flash
 COMMON         0x200008bc        0x4 c:/users/administrator/.platformio/packages/toolchain-gccarmnoneeabi@1.70201.0/bin/../lib/gcc/arm-none-eabi/7.2.1/../../../../arm-none-eabi/lib/thumb/v7e-m\libc_nano.a(lib_a-reent.o)
                0x200008bc                errno
                0x200008c0                . = ALIGN (0x4)
                0x200008c0                _ebss = .
                0x200008c0                __bss_end__ = _ebss

._user_heap_stack
                0x200008c0      0x600 load address 0x08005f34
                0x200008c0                . = ALIGN (0x8)
                0x200008c0                PROVIDE (end, .)
                [!provide]                PROVIDE (_end, .)
                0x20000ac0                . = (. + _Min_Heap_Size)
 *fill*         0x200008c0      0x200 
                0x20000ec0                . = (. + _Min_Stack_Size)
 *fill*         0x20000ac0      0x400 
                0x20000ec0                . = ALIGN (0x8)

/DISCARD/
 libc.a(*)
 libm.a(*)
 libgcc.a(*)

.ARM.attributes
                0x00000000       0x2a
 *(.ARM.attributes)
 .ARM.attributes
                0x00000000       0x1e c:/users/administrator/.platformio/packages/toolchain-gccarmnoneeabi@1.70201.0/bin/../lib/gcc/arm-none-eabi/7.2.1/thumb/v7e-m/crti.o
 .ARM.attributes
                0x0000001e       0x2e c:/users/administrator/.platformio/packages/toolchain-gccarmnoneeabi@1.70201.0/bin/../lib/gcc/arm-none-eabi/7.2.1/thumb/v7e-m/crtbegin.o
 .ARM.attributes
                0x0000004c       0x33 .pio/build/MKS_DLC_LG0_V3_BL/FrameworkHALDriver/Src/stm32f4xx_hal.o
 .ARM.attributes
                0x0000007f       0x33 .pio/build/MKS_DLC_LG0_V3_BL/FrameworkHALDriver/Src/stm32f4xx_hal_cortex.o
 .ARM.attributes
                0x000000b2       0x33 .pio/build/MKS_DLC_LG0_V3_BL/FrameworkHALDriver/Src/stm32f4xx_hal_flash.o
 .ARM.attributes
                0x000000e5       0x33 .pio/build/MKS_DLC_LG0_V3_BL/FrameworkHALDriver/Src/stm32f4xx_hal_flash_ex.o
 .ARM.attributes
                0x00000118       0x33 .pio/build/MKS_DLC_LG0_V3_BL/FrameworkHALDriver/Src/stm32f4xx_hal_gpio.o
 .ARM.attributes
                0x0000014b       0x33 .pio/build/MKS_DLC_LG0_V3_BL/FrameworkHALDriver/Src/stm32f4xx_hal_rcc.o
 .ARM.attributes
                0x0000017e       0x33 .pio/build/MKS_DLC_LG0_V3_BL/FrameworkHALDriver/Src/stm32f4xx_hal_spi.o
 .ARM.attributes
                0x000001b1       0x33 .pio/build/MKS_DLC_LG0_V3_BL/FrameworkHALDriver/Src/stm32f4xx_hal_uart.o
 .ARM.attributes
                0x000001e4       0x33 .pio/build/MKS_DLC_LG0_V3_BL/src/bootloader.o
 .ARM.attributes
                0x00000217       0x33 .pio/build/MKS_DLC_LG0_V3_BL/src/external_device/SD/sdcard.o
 .ARM.attributes
                0x0000024a       0x33 .pio/build/MKS_DLC_LG0_V3_BL/src/hal/hal.o
 .ARM.attributes
                0x0000027d       0x33 .pio/build/MKS_DLC_LG0_V3_BL/src/hal/hal_spi.o
 .ARM.attributes
                0x000002b0       0x33 .pio/build/MKS_DLC_LG0_V3_BL/src/hal/hal_uart.o
 .ARM.attributes
                0x000002e3       0x33 .pio/build/MKS_DLC_LG0_V3_BL/src/main.o
 .ARM.attributes
                0x00000316       0x33 .pio/build/MKS_DLC_LG0_V3_BL/src/mcu/stm32_f401rc_hal_system.o
 .ARM.attributes
                0x00000349       0x33 .pio/build/MKS_DLC_LG0_V3_BL/lib85f/libfatfs.a(ff.o)
 .ARM.attributes
                0x0000037c       0x33 .pio/build/MKS_DLC_LG0_V3_BL/lib85f/libfatfs.a(ffunicode.o)
 .ARM.attributes
                0x000003af       0x33 .pio/build/MKS_DLC_LG0_V3_BL/lib85f/libfatfs.a(diskio.o)
 .ARM.attributes
                0x000003e2       0x2e c:/users/administrator/.platformio/packages/toolchain-gccarmnoneeabi@1.70201.0/bin/../lib/gcc/arm-none-eabi/7.2.1/../../../../arm-none-eabi/lib/thumb/v7e-m\libc_nano.a(lib_a-impure.o)
 .ARM.attributes
                0x00000410       0x2e c:/users/administrator/.platformio/packages/toolchain-gccarmnoneeabi@1.70201.0/bin/../lib/gcc/arm-none-eabi/7.2.1/../../../../arm-none-eabi/lib/thumb/v7e-m\libc_nano.a(lib_a-init.o)
 .ARM.attributes
                0x0000043e       0x2e c:/users/administrator/.platformio/packages/toolchain-gccarmnoneeabi@1.70201.0/bin/../lib/gcc/arm-none-eabi/7.2.1/../../../../arm-none-eabi/lib/thumb/v7e-m\libc_nano.a(lib_a-memcmp.o)
 .ARM.attributes
                0x0000046c       0x2e c:/users/administrator/.platformio/packages/toolchain-gccarmnoneeabi@1.70201.0/bin/../lib/gcc/arm-none-eabi/7.2.1/../../../../arm-none-eabi/lib/thumb/v7e-m\libc_nano.a(lib_a-memcpy-stub.o)
 .ARM.attributes
                0x0000049a       0x2e c:/users/administrator/.platformio/packages/toolchain-gccarmnoneeabi@1.70201.0/bin/../lib/gcc/arm-none-eabi/7.2.1/../../../../arm-none-eabi/lib/thumb/v7e-m\libc_nano.a(lib_a-memset.o)
 .ARM.attributes
                0x000004c8       0x2e c:/users/administrator/.platformio/packages/toolchain-gccarmnoneeabi@1.70201.0/bin/../lib/gcc/arm-none-eabi/7.2.1/../../../../arm-none-eabi/lib/thumb/v7e-m\libc_nano.a(lib_a-printf.o)
 .ARM.attributes
                0x000004f6       0x2e c:/users/administrator/.platformio/packages/toolchain-gccarmnoneeabi@1.70201.0/bin/../lib/gcc/arm-none-eabi/7.2.1/../../../../arm-none-eabi/lib/thumb/v7e-m\libc_nano.a(lib_a-puts.o)
 .ARM.attributes
                0x00000524       0x2e c:/users/administrator/.platformio/packages/toolchain-gccarmnoneeabi@1.70201.0/bin/../lib/gcc/arm-none-eabi/7.2.1/../../../../arm-none-eabi/lib/thumb/v7e-m\libc_nano.a(lib_a-strchr.o)
 .ARM.attributes
                0x00000552       0x2e c:/users/administrator/.platformio/packages/toolchain-gccarmnoneeabi@1.70201.0/bin/../lib/gcc/arm-none-eabi/7.2.1/../../../../arm-none-eabi/lib/thumb/v7e-m\libc_nano.a(lib_a-strcpy.o)
 .ARM.attributes
                0x00000580       0x2e c:/users/administrator/.platformio/packages/toolchain-gccarmnoneeabi@1.70201.0/bin/../lib/gcc/arm-none-eabi/7.2.1/../../../../arm-none-eabi/lib/thumb/v7e-m\libc_nano.a(lib_a-wbuf.o)
 .ARM.attributes
                0x000005ae       0x2e c:/users/administrator/.platformio/packages/toolchain-gccarmnoneeabi@1.70201.0/bin/../lib/gcc/arm-none-eabi/7.2.1/../../../../arm-none-eabi/lib/thumb/v7e-m\libc_nano.a(lib_a-wsetup.o)
 .ARM.attributes
                0x000005dc       0x2e c:/users/administrator/.platformio/packages/toolchain-gccarmnoneeabi@1.70201.0/bin/../lib/gcc/arm-none-eabi/7.2.1/../../../../arm-none-eabi/lib/thumb/v7e-m\libc_nano.a(lib_a-fflush.o)
 .ARM.attributes
                0x0000060a       0x2e c:/users/administrator/.platformio/packages/toolchain-gccarmnoneeabi@1.70201.0/bin/../lib/gcc/arm-none-eabi/7.2.1/../../../../arm-none-eabi/lib/thumb/v7e-m\libc_nano.a(lib_a-findfp.o)
 .ARM.attributes
                0x00000638       0x2e c:/users/administrator/.platformio/packages/toolchain-gccarmnoneeabi@1.70201.0/bin/../lib/gcc/arm-none-eabi/7.2.1/../../../../arm-none-eabi/lib/thumb/v7e-m\libc_nano.a(lib_a-fwalk.o)
 .ARM.attributes
                0x00000666       0x2e c:/users/administrator/.platformio/packages/toolchain-gccarmnoneeabi@1.70201.0/bin/../lib/gcc/arm-none-eabi/7.2.1/../../../../arm-none-eabi/lib/thumb/v7e-m\libc_nano.a(lib_a-makebuf.o)
 .ARM.attributes
                0x00000694       0x2e c:/users/administrator/.platformio/packages/toolchain-gccarmnoneeabi@1.70201.0/bin/../lib/gcc/arm-none-eabi/7.2.1/../../../../arm-none-eabi/lib/thumb/v7e-m\libc_nano.a(lib_a-nano-freer.o)
 .ARM.attributes
                0x000006c2       0x2e c:/users/administrator/.platformio/packages/toolchain-gccarmnoneeabi@1.70201.0/bin/../lib/gcc/arm-none-eabi/7.2.1/../../../../arm-none-eabi/lib/thumb/v7e-m\libc_nano.a(lib_a-nano-mallocr.o)
 .ARM.attributes
                0x000006f0       0x2e c:/users/administrator/.platformio/packages/toolchain-gccarmnoneeabi@1.70201.0/bin/../lib/gcc/arm-none-eabi/7.2.1/../../../../arm-none-eabi/lib/thumb/v7e-m\libc_nano.a(lib_a-nano-vfprintf.o)
 .ARM.attributes
                0x0000071e       0x2e c:/users/administrator/.platformio/packages/toolchain-gccarmnoneeabi@1.70201.0/bin/../lib/gcc/arm-none-eabi/7.2.1/../../../../arm-none-eabi/lib/thumb/v7e-m\libc_nano.a(lib_a-nano-vfprintf_i.o)
 .ARM.attributes
                0x0000074c       0x2e c:/users/administrator/.platformio/packages/toolchain-gccarmnoneeabi@1.70201.0/bin/../lib/gcc/arm-none-eabi/7.2.1/../../../../arm-none-eabi/lib/thumb/v7e-m\libc_nano.a(lib_a-sbrkr.o)
 .ARM.attributes
                0x0000077a       0x2e c:/users/administrator/.platformio/packages/toolchain-gccarmnoneeabi@1.70201.0/bin/../lib/gcc/arm-none-eabi/7.2.1/../../../../arm-none-eabi/lib/thumb/v7e-m\libc_nano.a(lib_a-stdio.o)
 .ARM.attributes
                0x000007a8       0x2e c:/users/administrator/.platformio/packages/toolchain-gccarmnoneeabi@1.70201.0/bin/../lib/gcc/arm-none-eabi/7.2.1/../../../../arm-none-eabi/lib/thumb/v7e-m\libc_nano.a(lib_a-writer.o)
 .ARM.attributes
                0x000007d6       0x2e c:/users/administrator/.platformio/packages/toolchain-gccarmnoneeabi@1.70201.0/bin/../lib/gcc/arm-none-eabi/7.2.1/../../../../arm-none-eabi/lib/thumb/v7e-m\libc_nano.a(lib_a-closer.o)
 .ARM.attributes
                0x00000804       0x2e c:/users/administrator/.platformio/packages/toolchain-gccarmnoneeabi@1.70201.0/bin/../lib/gcc/arm-none-eabi/7.2.1/../../../../arm-none-eabi/lib/thumb/v7e-m\libc_nano.a(lib_a-fstatr.o)
 .ARM.attributes
                0x00000832       0x2e c:/users/administrator/.platformio/packages/toolchain-gccarmnoneeabi@1.70201.0/bin/../lib/gcc/arm-none-eabi/7.2.1/../../../../arm-none-eabi/lib/thumb/v7e-m\libc_nano.a(lib_a-isattyr.o)
 .ARM.attributes
                0x00000860       0x2e c:/users/administrator/.platformio/packages/toolchain-gccarmnoneeabi@1.70201.0/bin/../lib/gcc/arm-none-eabi/7.2.1/../../../../arm-none-eabi/lib/thumb/v7e-m\libc_nano.a(lib_a-lseekr.o)
 .ARM.attributes
                0x0000088e       0x1c c:/users/administrator/.platformio/packages/toolchain-gccarmnoneeabi@1.70201.0/bin/../lib/gcc/arm-none-eabi/7.2.1/../../../../arm-none-eabi/lib/thumb/v7e-m\libc_nano.a(lib_a-memchr.o)
 .ARM.attributes
                0x000008aa       0x2e c:/users/administrator/.platformio/packages/toolchain-gccarmnoneeabi@1.70201.0/bin/../lib/gcc/arm-none-eabi/7.2.1/../../../../arm-none-eabi/lib/thumb/v7e-m\libc_nano.a(lib_a-mlock.o)
 .ARM.attributes
                0x000008d8       0x2e c:/users/administrator/.platformio/packages/toolchain-gccarmnoneeabi@1.70201.0/bin/../lib/gcc/arm-none-eabi/7.2.1/../../../../arm-none-eabi/lib/thumb/v7e-m\libc_nano.a(lib_a-readr.o)
 .ARM.attributes
                0x00000906       0x2e c:/users/administrator/.platformio/packages/toolchain-gccarmnoneeabi@1.70201.0/bin/../lib/gcc/arm-none-eabi/7.2.1/../../../../arm-none-eabi/lib/thumb/v7e-m\libc_nano.a(lib_a-reent.o)
 .ARM.attributes
                0x00000934       0x1e c:/users/administrator/.platformio/packages/toolchain-gccarmnoneeabi@1.70201.0/bin/../lib/gcc/arm-none-eabi/7.2.1/thumb/v7e-m\libgcc.a(_aeabi_uldivmod.o)
 .ARM.attributes
                0x00000952       0x2e c:/users/administrator/.platformio/packages/toolchain-gccarmnoneeabi@1.70201.0/bin/../lib/gcc/arm-none-eabi/7.2.1/thumb/v7e-m\libgcc.a(_udivmoddi4.o)
 .ARM.attributes
                0x00000980       0x1e c:/users/administrator/.platformio/packages/toolchain-gccarmnoneeabi@1.70201.0/bin/../lib/gcc/arm-none-eabi/7.2.1/thumb/v7e-m\libgcc.a(_dvmd_tls.o)
 .ARM.attributes
                0x0000099e       0x2e c:/users/administrator/.platformio/packages/toolchain-gccarmnoneeabi@1.70201.0/bin/../lib/gcc/arm-none-eabi/7.2.1/../../../../arm-none-eabi/lib/thumb/v7e-m\libnosys.a(close.o)
 .ARM.attributes
                0x000009cc       0x2e c:/users/administrator/.platformio/packages/toolchain-gccarmnoneeabi@1.70201.0/bin/../lib/gcc/arm-none-eabi/7.2.1/../../../../arm-none-eabi/lib/thumb/v7e-m\libnosys.a(fstat.o)
 .ARM.attributes
                0x000009fa       0x2e c:/users/administrator/.platformio/packages/toolchain-gccarmnoneeabi@1.70201.0/bin/../lib/gcc/arm-none-eabi/7.2.1/../../../../arm-none-eabi/lib/thumb/v7e-m\libnosys.a(isatty.o)
 .ARM.attributes
                0x00000a28       0x2e c:/users/administrator/.platformio/packages/toolchain-gccarmnoneeabi@1.70201.0/bin/../lib/gcc/arm-none-eabi/7.2.1/../../../../arm-none-eabi/lib/thumb/v7e-m\libnosys.a(lseek.o)
 .ARM.attributes
                0x00000a56       0x2e c:/users/administrator/.platformio/packages/toolchain-gccarmnoneeabi@1.70201.0/bin/../lib/gcc/arm-none-eabi/7.2.1/../../../../arm-none-eabi/lib/thumb/v7e-m\libnosys.a(read.o)
 .ARM.attributes
                0x00000a84       0x2e c:/users/administrator/.platformio/packages/toolchain-gccarmnoneeabi@1.70201.0/bin/../lib/gcc/arm-none-eabi/7.2.1/../../../../arm-none-eabi/lib/thumb/v7e-m\libnosys.a(sbrk.o)
 .ARM.attributes
                0x00000ab2       0x21 .pio/build/MKS_DLC_LG0_V3_BL/libFrameworkCMSISDevice.a(startup_stm32f401xc.o)
 .ARM.attributes
                0x00000ad3       0x33 .pio/build/MKS_DLC_LG0_V3_BL/libFrameworkCMSISDevice.a(system_stm32f4xx.o)
 .ARM.attributes
                0x00000b06       0x1e c:/users/administrator/.platformio/packages/toolchain-gccarmnoneeabi@1.70201.0/bin/../lib/gcc/arm-none-eabi/7.2.1/thumb/v7e-m/crtn.o
OUTPUT(.pio/build/MKS_DLC_LG0_V3_BL/firmware.elf elf32-littlearm)

.comment        0x00000000       0x7e
 .comment       0x00000000       0x7e .pio/build/MKS_DLC_LG0_V3_BL/FrameworkHALDriver/Src/stm32f4xx_hal.o
                                 0x7f (size before relaxing)
 .comment       0x0000007e       0x7f .pio/build/MKS_DLC_LG0_V3_BL/FrameworkHALDriver/Src/stm32f4xx_hal_cortex.o
 .comment       0x0000007e       0x7f .pio/build/MKS_DLC_LG0_V3_BL/FrameworkHALDriver/Src/stm32f4xx_hal_flash.o
 .comment       0x0000007e       0x7f .pio/build/MKS_DLC_LG0_V3_BL/FrameworkHALDriver/Src/stm32f4xx_hal_flash_ex.o
 .comment       0x0000007e       0x7f .pio/build/MKS_DLC_LG0_V3_BL/FrameworkHALDriver/Src/stm32f4xx_hal_gpio.o
 .comment       0x0000007e       0x7f .pio/build/MKS_DLC_LG0_V3_BL/FrameworkHALDriver/Src/stm32f4xx_hal_rcc.o
 .comment       0x0000007e       0x7f .pio/build/MKS_DLC_LG0_V3_BL/FrameworkHALDriver/Src/stm32f4xx_hal_spi.o
 .comment       0x0000007e       0x7f .pio/build/MKS_DLC_LG0_V3_BL/FrameworkHALDriver/Src/stm32f4xx_hal_uart.o
 .comment       0x0000007e       0x7f .pio/build/MKS_DLC_LG0_V3_BL/src/bootloader.o
 .comment       0x0000007e       0x7f .pio/build/MKS_DLC_LG0_V3_BL/src/external_device/SD/sdcard.o
 .comment       0x0000007e       0x7f .pio/build/MKS_DLC_LG0_V3_BL/src/hal/hal.o
 .comment       0x0000007e       0x7f .pio/build/MKS_DLC_LG0_V3_BL/src/hal/hal_spi.o
 .comment       0x0000007e       0x7f .pio/build/MKS_DLC_LG0_V3_BL/src/hal/hal_uart.o
 .comment       0x0000007e       0x7f .pio/build/MKS_DLC_LG0_V3_BL/src/main.o
 .comment       0x0000007e       0x7f .pio/build/MKS_DLC_LG0_V3_BL/src/mcu/stm32_f401rc_hal_system.o
 .comment       0x0000007e       0x7f .pio/build/MKS_DLC_LG0_V3_BL/lib85f/libfatfs.a(ff.o)
 .comment       0x0000007e       0x7f .pio/build/MKS_DLC_LG0_V3_BL/lib85f/libfatfs.a(ffunicode.o)
 .comment       0x0000007e       0x7f .pio/build/MKS_DLC_LG0_V3_BL/lib85f/libfatfs.a(diskio.o)
 .comment       0x0000007e       0x7f .pio/build/MKS_DLC_LG0_V3_BL/libFrameworkCMSISDevice.a(system_stm32f4xx.o)

.debug_frame    0x00000000      0x904
 .debug_frame   0x00000000       0x2c c:/users/administrator/.platformio/packages/toolchain-gccarmnoneeabi@1.70201.0/bin/../lib/gcc/arm-none-eabi/7.2.1/../../../../arm-none-eabi/lib/thumb/v7e-m\libc_nano.a(lib_a-init.o)
 .debug_frame   0x0000002c       0x2c c:/users/administrator/.platformio/packages/toolchain-gccarmnoneeabi@1.70201.0/bin/../lib/gcc/arm-none-eabi/7.2.1/../../../../arm-none-eabi/lib/thumb/v7e-m\libc_nano.a(lib_a-memcmp.o)
 .debug_frame   0x00000058       0x28 c:/users/administrator/.platformio/packages/toolchain-gccarmnoneeabi@1.70201.0/bin/../lib/gcc/arm-none-eabi/7.2.1/../../../../arm-none-eabi/lib/thumb/v7e-m\libc_nano.a(lib_a-memcpy-stub.o)
 .debug_frame   0x00000080       0x20 c:/users/administrator/.platformio/packages/toolchain-gccarmnoneeabi@1.70201.0/bin/../lib/gcc/arm-none-eabi/7.2.1/../../../../arm-none-eabi/lib/thumb/v7e-m\libc_nano.a(lib_a-memset.o)
 .debug_frame   0x000000a0       0x74 c:/users/administrator/.platformio/packages/toolchain-gccarmnoneeabi@1.70201.0/bin/../lib/gcc/arm-none-eabi/7.2.1/../../../../arm-none-eabi/lib/thumb/v7e-m\libc_nano.a(lib_a-printf.o)
 .debug_frame   0x00000114       0x3c c:/users/administrator/.platformio/packages/toolchain-gccarmnoneeabi@1.70201.0/bin/../lib/gcc/arm-none-eabi/7.2.1/../../../../arm-none-eabi/lib/thumb/v7e-m\libc_nano.a(lib_a-puts.o)
 .debug_frame   0x00000150       0x20 c:/users/administrator/.platformio/packages/toolchain-gccarmnoneeabi@1.70201.0/bin/../lib/gcc/arm-none-eabi/7.2.1/../../../../arm-none-eabi/lib/thumb/v7e-m\libc_nano.a(lib_a-strchr.o)
 .debug_frame   0x00000170       0x20 c:/users/administrator/.platformio/packages/toolchain-gccarmnoneeabi@1.70201.0/bin/../lib/gcc/arm-none-eabi/7.2.1/../../../../arm-none-eabi/lib/thumb/v7e-m\libc_nano.a(lib_a-strcpy.o)
 .debug_frame   0x00000190       0x40 c:/users/administrator/.platformio/packages/toolchain-gccarmnoneeabi@1.70201.0/bin/../lib/gcc/arm-none-eabi/7.2.1/../../../../arm-none-eabi/lib/thumb/v7e-m\libc_nano.a(lib_a-wbuf.o)
 .debug_frame   0x000001d0       0x2c c:/users/administrator/.platformio/packages/toolchain-gccarmnoneeabi@1.70201.0/bin/../lib/gcc/arm-none-eabi/7.2.1/../../../../arm-none-eabi/lib/thumb/v7e-m\libc_nano.a(lib_a-wsetup.o)
 .debug_frame   0x000001fc       0x68 c:/users/administrator/.platformio/packages/toolchain-gccarmnoneeabi@1.70201.0/bin/../lib/gcc/arm-none-eabi/7.2.1/../../../../arm-none-eabi/lib/thumb/v7e-m\libc_nano.a(lib_a-fflush.o)
 .debug_frame   0x00000264      0x11c c:/users/administrator/.platformio/packages/toolchain-gccarmnoneeabi@1.70201.0/bin/../lib/gcc/arm-none-eabi/7.2.1/../../../../arm-none-eabi/lib/thumb/v7e-m\libc_nano.a(lib_a-findfp.o)
 .debug_frame   0x00000380       0x54 c:/users/administrator/.platformio/packages/toolchain-gccarmnoneeabi@1.70201.0/bin/../lib/gcc/arm-none-eabi/7.2.1/../../../../arm-none-eabi/lib/thumb/v7e-m\libc_nano.a(lib_a-fwalk.o)
 .debug_frame   0x000003d4       0x58 c:/users/administrator/.platformio/packages/toolchain-gccarmnoneeabi@1.70201.0/bin/../lib/gcc/arm-none-eabi/7.2.1/../../../../arm-none-eabi/lib/thumb/v7e-m\libc_nano.a(lib_a-makebuf.o)
 .debug_frame   0x0000042c       0x38 c:/users/administrator/.platformio/packages/toolchain-gccarmnoneeabi@1.70201.0/bin/../lib/gcc/arm-none-eabi/7.2.1/../../../../arm-none-eabi/lib/thumb/v7e-m\libc_nano.a(lib_a-nano-freer.o)
 .debug_frame   0x00000464       0x2c c:/users/administrator/.platformio/packages/toolchain-gccarmnoneeabi@1.70201.0/bin/../lib/gcc/arm-none-eabi/7.2.1/../../../../arm-none-eabi/lib/thumb/v7e-m\libc_nano.a(lib_a-nano-mallocr.o)
 .debug_frame   0x00000490       0xac c:/users/administrator/.platformio/packages/toolchain-gccarmnoneeabi@1.70201.0/bin/../lib/gcc/arm-none-eabi/7.2.1/../../../../arm-none-eabi/lib/thumb/v7e-m\libc_nano.a(lib_a-nano-vfprintf.o)
 .debug_frame   0x0000053c       0x60 c:/users/administrator/.platformio/packages/toolchain-gccarmnoneeabi@1.70201.0/bin/../lib/gcc/arm-none-eabi/7.2.1/../../../../arm-none-eabi/lib/thumb/v7e-m\libc_nano.a(lib_a-nano-vfprintf_i.o)
 .debug_frame   0x0000059c       0x2c c:/users/administrator/.platformio/packages/toolchain-gccarmnoneeabi@1.70201.0/bin/../lib/gcc/arm-none-eabi/7.2.1/../../../../arm-none-eabi/lib/thumb/v7e-m\libc_nano.a(lib_a-sbrkr.o)
 .debug_frame   0x000005c8       0x88 c:/users/administrator/.platformio/packages/toolchain-gccarmnoneeabi@1.70201.0/bin/../lib/gcc/arm-none-eabi/7.2.1/../../../../arm-none-eabi/lib/thumb/v7e-m\libc_nano.a(lib_a-stdio.o)
 .debug_frame   0x00000650       0x2c c:/users/administrator/.platformio/packages/toolchain-gccarmnoneeabi@1.70201.0/bin/../lib/gcc/arm-none-eabi/7.2.1/../../../../arm-none-eabi/lib/thumb/v7e-m\libc_nano.a(lib_a-writer.o)
 .debug_frame   0x0000067c       0x2c c:/users/administrator/.platformio/packages/toolchain-gccarmnoneeabi@1.70201.0/bin/../lib/gcc/arm-none-eabi/7.2.1/../../../../arm-none-eabi/lib/thumb/v7e-m\libc_nano.a(lib_a-closer.o)
 .debug_frame   0x000006a8       0x2c c:/users/administrator/.platformio/packages/toolchain-gccarmnoneeabi@1.70201.0/bin/../lib/gcc/arm-none-eabi/7.2.1/../../../../arm-none-eabi/lib/thumb/v7e-m\libc_nano.a(lib_a-fstatr.o)
 .debug_frame   0x000006d4       0x2c c:/users/administrator/.platformio/packages/toolchain-gccarmnoneeabi@1.70201.0/bin/../lib/gcc/arm-none-eabi/7.2.1/../../../../arm-none-eabi/lib/thumb/v7e-m\libc_nano.a(lib_a-isattyr.o)
 .debug_frame   0x00000700       0x2c c:/users/administrator/.platformio/packages/toolchain-gccarmnoneeabi@1.70201.0/bin/../lib/gcc/arm-none-eabi/7.2.1/../../../../arm-none-eabi/lib/thumb/v7e-m\libc_nano.a(lib_a-lseekr.o)
 .debug_frame   0x0000072c       0x30 c:/users/administrator/.platformio/packages/toolchain-gccarmnoneeabi@1.70201.0/bin/../lib/gcc/arm-none-eabi/7.2.1/../../../../arm-none-eabi/lib/thumb/v7e-m\libc_nano.a(lib_a-mlock.o)
 .debug_frame   0x0000075c       0x2c c:/users/administrator/.platformio/packages/toolchain-gccarmnoneeabi@1.70201.0/bin/../lib/gcc/arm-none-eabi/7.2.1/../../../../arm-none-eabi/lib/thumb/v7e-m\libc_nano.a(lib_a-readr.o)
 .debug_frame   0x00000788       0x5c c:/users/administrator/.platformio/packages/toolchain-gccarmnoneeabi@1.70201.0/bin/../lib/gcc/arm-none-eabi/7.2.1/../../../../arm-none-eabi/lib/thumb/v7e-m\libc_nano.a(lib_a-reent.o)
 .debug_frame   0x000007e4       0x2c c:/users/administrator/.platformio/packages/toolchain-gccarmnoneeabi@1.70201.0/bin/../lib/gcc/arm-none-eabi/7.2.1/thumb/v7e-m\libgcc.a(_aeabi_uldivmod.o)
 .debug_frame   0x00000810       0x34 c:/users/administrator/.platformio/packages/toolchain-gccarmnoneeabi@1.70201.0/bin/../lib/gcc/arm-none-eabi/7.2.1/thumb/v7e-m\libgcc.a(_udivmoddi4.o)
 .debug_frame   0x00000844       0x20 c:/users/administrator/.platformio/packages/toolchain-gccarmnoneeabi@1.70201.0/bin/../lib/gcc/arm-none-eabi/7.2.1/../../../../arm-none-eabi/lib/thumb/v7e-m\libnosys.a(close.o)
 .debug_frame   0x00000864       0x20 c:/users/administrator/.platformio/packages/toolchain-gccarmnoneeabi@1.70201.0/bin/../lib/gcc/arm-none-eabi/7.2.1/../../../../arm-none-eabi/lib/thumb/v7e-m\libnosys.a(fstat.o)
 .debug_frame   0x00000884       0x20 c:/users/administrator/.platformio/packages/toolchain-gccarmnoneeabi@1.70201.0/bin/../lib/gcc/arm-none-eabi/7.2.1/../../../../arm-none-eabi/lib/thumb/v7e-m\libnosys.a(isatty.o)
 .debug_frame   0x000008a4       0x20 c:/users/administrator/.platformio/packages/toolchain-gccarmnoneeabi@1.70201.0/bin/../lib/gcc/arm-none-eabi/7.2.1/../../../../arm-none-eabi/lib/thumb/v7e-m\libnosys.a(lseek.o)
 .debug_frame   0x000008c4       0x20 c:/users/administrator/.platformio/packages/toolchain-gccarmnoneeabi@1.70201.0/bin/../lib/gcc/arm-none-eabi/7.2.1/../../../../arm-none-eabi/lib/thumb/v7e-m\libnosys.a(read.o)
 .debug_frame   0x000008e4       0x20 c:/users/administrator/.platformio/packages/toolchain-gccarmnoneeabi@1.70201.0/bin/../lib/gcc/arm-none-eabi/7.2.1/../../../../arm-none-eabi/lib/thumb/v7e-m\libnosys.a(sbrk.o)

.stab           0x00000000       0x84
 .stab          0x00000000       0x24 c:/users/administrator/.platformio/packages/toolchain-gccarmnoneeabi@1.70201.0/bin/../lib/gcc/arm-none-eabi/7.2.1/../../../../arm-none-eabi/lib/thumb/v7e-m\libnosys.a(close.o)
 .stab          0x00000024       0x18 c:/users/administrator/.platformio/packages/toolchain-gccarmnoneeabi@1.70201.0/bin/../lib/gcc/arm-none-eabi/7.2.1/../../../../arm-none-eabi/lib/thumb/v7e-m\libnosys.a(fstat.o)
                                 0x24 (size before relaxing)
 .stab          0x0000003c       0x18 c:/users/administrator/.platformio/packages/toolchain-gccarmnoneeabi@1.70201.0/bin/../lib/gcc/arm-none-eabi/7.2.1/../../../../arm-none-eabi/lib/thumb/v7e-m\libnosys.a(isatty.o)
                                 0x24 (size before relaxing)
 .stab          0x00000054       0x18 c:/users/administrator/.platformio/packages/toolchain-gccarmnoneeabi@1.70201.0/bin/../lib/gcc/arm-none-eabi/7.2.1/../../../../arm-none-eabi/lib/thumb/v7e-m\libnosys.a(lseek.o)
                                 0x24 (size before relaxing)
 .stab          0x0000006c       0x18 c:/users/administrator/.platformio/packages/toolchain-gccarmnoneeabi@1.70201.0/bin/../lib/gcc/arm-none-eabi/7.2.1/../../../../arm-none-eabi/lib/thumb/v7e-m\libnosys.a(read.o)
                                 0x24 (size before relaxing)

.stabstr        0x00000000      0x117
 .stabstr       0x00000000      0x117 c:/users/administrator/.platformio/packages/toolchain-gccarmnoneeabi@1.70201.0/bin/../lib/gcc/arm-none-eabi/7.2.1/../../../../arm-none-eabi/lib/thumb/v7e-m\libnosys.a(close.o)