Archive member included to satisfy reference by file (symbol)

.pio/build/MKS_ROBIN_NANO_V3/lib804/libfatfs.a(ff.o)
                              .pio/build/MKS_ROBIN_NANO_V3/src/external_device/FS/mid_fs.o (f_mount)
.pio/build/MKS_ROBIN_NANO_V3/lib804/libfatfs.a(ffunicode.o)
                              .pio/build/MKS_ROBIN_NANO_V3/lib804/libfatfs.a(ff.o) (ff_uni2oem)
.pio/build/MKS_ROBIN_NANO_V3/lib804/libfatfs.a(diskio.o)
                              .pio/build/MKS_ROBIN_NANO_V3/lib804/libfatfs.a(ff.o) (disk_status)
c:/users/17639/.platformio/packages/toolchain-gccarmnoneeabi@1.70201.0/bin/../lib/gcc/arm-none-eabi/7.2.1/../../../../arm-none-eabi/lib/thumb/v7e-m\libc_nano.a(lib_a-exit.o)
                              c:/users/17639/.platformio/packages/toolchain-gccarmnoneeabi@1.70201.0/bin/../lib/gcc/arm-none-eabi/7.2.1/../../../../arm-none-eabi/lib/thumb/v7e-m/crt0.o (exit)
c:/users/17639/.platformio/packages/toolchain-gccarmnoneeabi@1.70201.0/bin/../lib/gcc/arm-none-eabi/7.2.1/../../../../arm-none-eabi/lib/thumb/v7e-m\libc_nano.a(lib_a-impure.o)
                              c:/users/17639/.platformio/packages/toolchain-gccarmnoneeabi@1.70201.0/bin/../lib/gcc/arm-none-eabi/7.2.1/../../../../arm-none-eabi/lib/thumb/v7e-m\libc_nano.a(lib_a-exit.o) (_global_impure_ptr)
c:/users/17639/.platformio/packages/toolchain-gccarmnoneeabi@1.70201.0/bin/../lib/gcc/arm-none-eabi/7.2.1/../../../../arm-none-eabi/lib/thumb/v7e-m\libc_nano.a(lib_a-init.o)
                              c:/users/17639/.platformio/packages/toolchain-gccarmnoneeabi@1.70201.0/bin/../lib/gcc/arm-none-eabi/7.2.1/../../../../arm-none-eabi/lib/thumb/v7e-m/crt0.o (__libc_init_array)
c:/users/17639/.platformio/packages/toolchain-gccarmnoneeabi@1.70201.0/bin/../lib/gcc/arm-none-eabi/7.2.1/../../../../arm-none-eabi/lib/thumb/v7e-m\libc_nano.a(lib_a-malloc.o)
                              .pio/build/MKS_ROBIN_NANO_V3/src/bootloader/bootloader.o (malloc)
c:/users/17639/.platformio/packages/toolchain-gccarmnoneeabi@1.70201.0/bin/../lib/gcc/arm-none-eabi/7.2.1/../../../../arm-none-eabi/lib/thumb/v7e-m\libc_nano.a(lib_a-memcmp.o)
                              .pio/build/MKS_ROBIN_NANO_V3/src/bootloader/HID_Bootloader/HID_Bootloader.o (memcmp)
c:/users/17639/.platformio/packages/toolchain-gccarmnoneeabi@1.70201.0/bin/../lib/gcc/arm-none-eabi/7.2.1/../../../../arm-none-eabi/lib/thumb/v7e-m\libc_nano.a(lib_a-memcpy-stub.o)
                              .pio/build/MKS_ROBIN_NANO_V3/src/bootloader/HID_Bootloader/HID_Bootloader.o (memcpy)
c:/users/17639/.platformio/packages/toolchain-gccarmnoneeabi@1.70201.0/bin/../lib/gcc/arm-none-eabi/7.2.1/../../../../arm-none-eabi/lib/thumb/v7e-m\libc_nano.a(lib_a-memset.o)
                              c:/users/17639/.platformio/packages/toolchain-gccarmnoneeabi@1.70201.0/bin/../lib/gcc/arm-none-eabi/7.2.1/../../../../arm-none-eabi/lib/thumb/v7e-m/crt0.o (memset)
c:/users/17639/.platformio/packages/toolchain-gccarmnoneeabi@1.70201.0/bin/../lib/gcc/arm-none-eabi/7.2.1/../../../../arm-none-eabi/lib/thumb/v7e-m\libc_nano.a(lib_a-nano-freer.o)
                              c:/users/17639/.platformio/packages/toolchain-gccarmnoneeabi@1.70201.0/bin/../lib/gcc/arm-none-eabi/7.2.1/../../../../arm-none-eabi/lib/thumb/v7e-m\libc_nano.a(lib_a-malloc.o) (_free_r)
c:/users/17639/.platformio/packages/toolchain-gccarmnoneeabi@1.70201.0/bin/../lib/gcc/arm-none-eabi/7.2.1/../../../../arm-none-eabi/lib/thumb/v7e-m\libc_nano.a(lib_a-nano-mallocr.o)
                              c:/users/17639/.platformio/packages/toolchain-gccarmnoneeabi@1.70201.0/bin/../lib/gcc/arm-none-eabi/7.2.1/../../../../arm-none-eabi/lib/thumb/v7e-m\libc_nano.a(lib_a-malloc.o) (_malloc_r)
c:/users/17639/.platformio/packages/toolchain-gccarmnoneeabi@1.70201.0/bin/../lib/gcc/arm-none-eabi/7.2.1/../../../../arm-none-eabi/lib/thumb/v7e-m\libc_nano.a(lib_a-printf.o)
                              .pio/build/MKS_ROBIN_NANO_V3/src/bootloader/bootloader.o (printf)
c:/users/17639/.platformio/packages/toolchain-gccarmnoneeabi@1.70201.0/bin/../lib/gcc/arm-none-eabi/7.2.1/../../../../arm-none-eabi/lib/thumb/v7e-m\libc_nano.a(lib_a-puts.o)
                              .pio/build/MKS_ROBIN_NANO_V3/src/hal/hal.o (puts)
c:/users/17639/.platformio/packages/toolchain-gccarmnoneeabi@1.70201.0/bin/../lib/gcc/arm-none-eabi/7.2.1/../../../../arm-none-eabi/lib/thumb/v7e-m\libc_nano.a(lib_a-sbrkr.o)
                              c:/users/17639/.platformio/packages/toolchain-gccarmnoneeabi@1.70201.0/bin/../lib/gcc/arm-none-eabi/7.2.1/../../../../arm-none-eabi/lib/thumb/v7e-m\libc_nano.a(lib_a-nano-mallocr.o) (_sbrk_r)
c:/users/17639/.platformio/packages/toolchain-gccarmnoneeabi@1.70201.0/bin/../lib/gcc/arm-none-eabi/7.2.1/../../../../arm-none-eabi/lib/thumb/v7e-m\libc_nano.a(lib_a-strchr.o)
                              .pio/build/MKS_ROBIN_NANO_V3/lib804/libfatfs.a(ff.o) (strchr)
[...]
Memory Configuration

Name             Origin             Length             Attributes
CCMRAM           0x10000000         0x00010000         xrw
RAM              0x20000000         0x00020000         xrw
FLASH            0x08000000         0x00080000         xr
*default*        0x00000000         0xffffffff

Linker script and memory map

LOAD c:/users/17639/.platformio/packages/toolchain-gccarmnoneeabi@1.70201.0/bin/../lib/gcc/arm-none-eabi/7.2.1/thumb/v7e-m/crti.o
LOAD c:/users/17639/.platformio/packages/toolchain-gccarmnoneeabi@1.70201.0/bin/../lib/gcc/arm-none-eabi/7.2.1/thumb/v7e-m/crtbegin.o
LOAD c:/users/17639/.platformio/packages/toolchain-gccarmnoneeabi@1.70201.0/bin/../lib/gcc/arm-none-eabi/7.2.1/../../../../arm-none-eabi/lib/thumb/v7e-m/crt0.o
LOAD .pio/build/MKS_ROBIN_NANO_V3/FrameworkHALDriver/Src/stm32f4xx_hal.o
LOAD .pio/build/MKS_ROBIN_NANO_V3/FrameworkHALDriver/Src/stm32f4xx_hal_adc.o
LOAD .pio/build/MKS_ROBIN_NANO_V3/FrameworkHALDriver/Src/stm32f4xx_hal_adc_ex.o
LOAD .pio/build/MKS_ROBIN_NANO_V3/FrameworkHALDriver/Src/stm32f4xx_hal_can.o
LOAD .pio/build/MKS_ROBIN_NANO_V3/FrameworkHALDriver/Src/stm32f4xx_hal_cec.o
LOAD .pio/build/MKS_ROBIN_NANO_V3/FrameworkHALDriver/Src/stm32f4xx_hal_cortex.o
LOAD .pio/build/MKS_ROBIN_NANO_V3/FrameworkHALDriver/Src/stm32f4xx_hal_crc.o
LOAD .pio/build/MKS_ROBIN_NANO_V3/FrameworkHALDriver/Src/stm32f4xx_hal_cryp.o
LOAD .pio/build/MKS_ROBIN_NANO_V3/FrameworkHALDriver/Src/stm32f4xx_hal_cryp_ex.o
LOAD .pio/build/MKS_ROBIN_NANO_V3/FrameworkHALDriver/Src/stm32f4xx_hal_dac.o
LOAD .pio/build/MKS_ROBIN_NANO_V3/FrameworkHALDriver/Src/stm32f4xx_hal_dac_ex.o
LOAD .pio/build/MKS_ROBIN_NANO_V3/FrameworkHALDriver/Src/stm32f4xx_hal_dcmi.o
LOAD .pio/build/MKS_ROBIN_NANO_V3/FrameworkHALDriver/Src/stm32f4xx_hal_dcmi_ex.o
LOAD .pio/build/MKS_ROBIN_NANO_V3/FrameworkHALDriver/Src/stm32f4xx_hal_dfsdm.o
LOAD .pio/build/MKS_ROBIN_NANO_V3/FrameworkHALDriver/Src/stm32f4xx_hal_dma.o
LOAD .pio/build/MKS_ROBIN_NANO_V3/FrameworkHALDriver/Src/stm32f4xx_hal_dma2d.o
LOAD .pio/build/MKS_ROBIN_NANO_V3/FrameworkHALDriver/Src/stm32f4xx_hal_dma_ex.o
LOAD .pio/build/MKS_ROBIN_NANO_V3/FrameworkHALDriver/Src/stm32f4xx_hal_dsi.o
LOAD .pio/build/MKS_ROBIN_NANO_V3/FrameworkHALDriver/Src/stm32f4xx_hal_eth.o
LOAD .pio/build/MKS_ROBIN_NANO_V3/FrameworkHALDriver/Src/stm32f4xx_hal_exti.o
LOAD .pio/build/MKS_ROBIN_NANO_V3/FrameworkHALDriver/Src/stm32f4xx_hal_flash.o
LOAD .pio/build/MKS_ROBIN_NANO_V3/FrameworkHALDriver/Src/stm32f4xx_hal_flash_ex.o
LOAD .pio/build/MKS_ROBIN_NANO_V3/FrameworkHALDriver/Src/stm32f4xx_hal_flash_ramfunc.o
LOAD .pio/build/MKS_ROBIN_NANO_V3/FrameworkHALDriver/Src/stm32f4xx_hal_fmpi2c.o
LOAD .pio/build/MKS_ROBIN_NANO_V3/FrameworkHALDriver/Src/stm32f4xx_hal_fmpi2c_ex.o
LOAD .pio/build/MKS_ROBIN_NANO_V3/FrameworkHALDriver/Src/stm32f4xx_hal_fmpsmbus.o
LOAD .pio/build/MKS_ROBIN_NANO_V3/FrameworkHALDriver/Src/stm32f4xx_hal_fmpsmbus_ex.o
LOAD .pio/build/MKS_ROBIN_NANO_V3/FrameworkHALDriver/Src/stm32f4xx_hal_gpio.o
LOAD .pio/build/MKS_ROBIN_NANO_V3/FrameworkHALDriver/Src/stm32f4xx_hal_hash.o
LOAD .pio/build/MKS_ROBIN_NANO_V3/FrameworkHALDriver/Src/stm32f4xx_hal_hash_ex.o
LOAD .pio/build/MKS_ROBIN_NANO_V3/FrameworkHALDriver/Src/stm32f4xx_hal_hcd.o
LOAD .pio/build/MKS_ROBIN_NANO_V3/FrameworkHALDriver/Src/stm32f4xx_hal_i2c.o
LOAD .pio/build/MKS_ROBIN_NANO_V3/FrameworkHALDriver/Src/stm32f4xx_hal_i2c_ex.o
LOAD .pio/build/MKS_ROBIN_NANO_V3/FrameworkHALDriver/Src/stm32f4xx_hal_i2s.o
LOAD .pio/build/MKS_ROBIN_NANO_V3/FrameworkHALDriver/Src/stm32f4xx_hal_i2s_ex.o
LOAD .pio/build/MKS_ROBIN_NANO_V3/FrameworkHALDriver/Src/stm32f4xx_hal_irda.o
LOAD .pio/build/MKS_ROBIN_NANO_V3/FrameworkHALDriver/Src/stm32f4xx_hal_iwdg.o
LOAD .pio/build/MKS_ROBIN_NANO_V3/FrameworkHALDriver/Src/stm32f4xx_hal_lptim.o
LOAD .pio/build/MKS_ROBIN_NANO_V3/FrameworkHALDriver/Src/stm32f4xx_hal_ltdc.o
LOAD .pio/build/MKS_ROBIN_NANO_V3/FrameworkHALDriver/Src/stm32f4xx_hal_ltdc_ex.o
LOAD .pio/build/MKS_ROBIN_NANO_V3/FrameworkHALDriver/Src/stm32f4xx_hal_mmc.o
LOAD .pio/build/MKS_ROBIN_NANO_V3/FrameworkHALDriver/Src/stm32f4xx_hal_nand.o
LOAD .pio/build/MKS_ROBIN_NANO_V3/FrameworkHALDriver/Src/stm32f4xx_hal_nor.o
LOAD .pio/build/MKS_ROBIN_NANO_V3/FrameworkHALDriver/Src/stm32f4xx_hal_pccard.o
LOAD .pio/build/MKS_ROBIN_NANO_V3/FrameworkHALDriver/Src/stm32f4xx_hal_pcd.o
LOAD .pio/build/MKS_ROBIN_NANO_V3/FrameworkHALDriver/Src/stm32f4xx_hal_pcd_ex.o
LOAD .pio/build/MKS_ROBIN_NANO_V3/FrameworkHALDriver/Src/stm32f4xx_hal_pwr.o
LOAD .pio/build/MKS_ROBIN_NANO_V3/FrameworkHALDriver/Src/stm32f4xx_hal_pwr_ex.o
LOAD .pio/build/MKS_ROBIN_NANO_V3/FrameworkHALDriver/Src/stm32f4xx_hal_qspi.o
LOAD .pio/build/MKS_ROBIN_NANO_V3/FrameworkHALDriver/Src/stm32f4xx_hal_rcc.o
LOAD .pio/build/MKS_ROBIN_NANO_V3/FrameworkHALDriver/Src/stm32f4xx_hal_rcc_ex.o
LOAD .pio/build/MKS_ROBIN_NANO_V3/FrameworkHALDriver/Src/stm32f4xx_hal_rng.o
LOAD .pio/build/MKS_ROBIN_NANO_V3/FrameworkHALDriver/Src/stm32f4xx_hal_rtc.o
LOAD .pio/build/MKS_ROBIN_NANO_V3/FrameworkHALDriver/Src/stm32f4xx_hal_rtc_ex.o
LOAD .pio/build/MKS_ROBIN_NANO_V3/FrameworkHALDriver/Src/stm32f4xx_hal_sai.o
LOAD .pio/build/MKS_ROBIN_NANO_V3/FrameworkHALDriver/Src/stm32f4xx_hal_sai_ex.o
LOAD .pio/build/MKS_ROBIN_NANO_V3/FrameworkHALDriver/Src/stm32f4xx_hal_sd.o
LOAD .pio/build/MKS_ROBIN_NANO_V3/FrameworkHALDriver/Src/stm32f4xx_hal_sdram.o
LOAD .pio/build/MKS_ROBIN_NANO_V3/FrameworkHALDriver/Src/stm32f4xx_hal_smartcard.o
LOAD .pio/build/MKS_ROBIN_NANO_V3/FrameworkHALDriver/Src/stm32f4xx_hal_smbus.o
LOAD .pio/build/MKS_ROBIN_NANO_V3/FrameworkHALDriver/Src/stm32f4xx_hal_spdifrx.o
LOAD .pio/build/MKS_ROBIN_NANO_V3/FrameworkHALDriver/Src/stm32f4xx_hal_spi.o
LOAD .pio/build/MKS_ROBIN_NANO_V3/FrameworkHALDriver/Src/stm32f4xx_hal_sram.o
LOAD .pio/build/MKS_ROBIN_NANO_V3/FrameworkHALDriver/Src/stm32f4xx_hal_tim.o
LOAD .pio/build/MKS_ROBIN_NANO_V3/FrameworkHALDriver/Src/stm32f4xx_hal_tim_ex.o
LOAD .pio/build/MKS_ROBIN_NANO_V3/FrameworkHALDriver/Src/stm32f4xx_hal_uart.o
LOAD .pio/build/MKS_ROBIN_NANO_V3/FrameworkHALDriver/Src/stm32f4xx_hal_usart.o
LOAD .pio/build/MKS_ROBIN_NANO_V3/FrameworkHALDriver/Src/stm32f4xx_hal_wwdg.o
LOAD .pio/build/MKS_ROBIN_NANO_V3/FrameworkHALDriver/Src/stm32f4xx_ll_adc.o
LOAD .pio/build/MKS_ROBIN_NANO_V3/FrameworkHALDriver/Src/stm32f4xx_ll_crc.o
LOAD .pio/build/MKS_ROBIN_NANO_V3/FrameworkHALDriver/Src/stm32f4xx_ll_dac.o
LOAD .pio/build/MKS_ROBIN_NANO_V3/FrameworkHALDriver/Src/stm32f4xx_ll_dma.o
LOAD .pio/build/MKS_ROBIN_NANO_V3/FrameworkHALDriver/Src/stm32f4xx_ll_dma2d.o
LOAD .pio/build/MKS_ROBIN_NANO_V3/FrameworkHALDriver/Src/stm32f4xx_ll_exti.o
LOAD .pio/build/MKS_ROBIN_NANO_V3/FrameworkHALDriver/Src/stm32f4xx_ll_fmc.o
LOAD .pio/build/MKS_ROBIN_NANO_V3/FrameworkHALDriver/Src/stm32f4xx_ll_fmpi2c.o
LOAD .pio/build/MKS_ROBIN_NANO_V3/FrameworkHALDriver/Src/stm32f4xx_ll_fsmc.o
LOAD .pio/build/MKS_ROBIN_NANO_V3/FrameworkHALDriver/Src/stm32f4xx_ll_gpio.o
LOAD .pio/build/MKS_ROBIN_NANO_V3/FrameworkHALDriver/Src/stm32f4xx_ll_i2c.o
LOAD .pio/build/MKS_ROBIN_NANO_V3/FrameworkHALDriver/Src/stm32f4xx_ll_lptim.o
LOAD .pio/build/MKS_ROBIN_NANO_V3/FrameworkHALDriver/Src/stm32f4xx_ll_pwr.o
LOAD .pio/build/MKS_ROBIN_NANO_V3/FrameworkHALDriver/Src/stm32f4xx_ll_rcc.o
LOAD .pio/build/MKS_ROBIN_NANO_V3/FrameworkHALDriver/Src/stm32f4xx_ll_rng.o
LOAD .pio/build/MKS_ROBIN_NANO_V3/FrameworkHALDriver/Src/stm32f4xx_ll_rtc.o
LOAD .pio/build/MKS_ROBIN_NANO_V3/FrameworkHALDriver/Src/stm32f4xx_ll_sdmmc.o
LOAD .pio/build/MKS_ROBIN_NANO_V3/FrameworkHALDriver/Src/stm32f4xx_ll_spi.o
LOAD .pio/build/MKS_ROBIN_NANO_V3/FrameworkHALDriver/Src/stm32f4xx_ll_tim.o
LOAD .pio/build/MKS_ROBIN_NANO_V3/FrameworkHALDriver/Src/stm32f4xx_ll_usart.o
LOAD .pio/build/MKS_ROBIN_NANO_V3/FrameworkHALDriver/Src/stm32f4xx_ll_usb.o
LOAD .pio/build/MKS_ROBIN_NANO_V3/FrameworkHALDriver/Src/stm32f4xx_ll_utils.o
LOAD .pio/build/MKS_ROBIN_NANO_V3/src/bootloader/HID_Bootloader/HID_Bootloader.o
LOAD .pio/build/MKS_ROBIN_NANO_V3/src/bootloader/HID_Bootloader/HID_boot_port.o
LOAD .pio/build/MKS_ROBIN_NANO_V3/src/bootloader/bootloader.o
LOAD .pio/build/MKS_ROBIN_NANO_V3/src/external_device/FS/mid_fs.o
LOAD .pio/build/MKS_ROBIN_NANO_V3/src/external_device/LCD/lcd_dgus.o
LOAD .pio/build/MKS_ROBIN_NANO_V3/src/external_device/LCD/tft_lcd.o
LOAD .pio/build/MKS_ROBIN_NANO_V3/src/external_device/SD/sd_sdio_drv.o
LOAD .pio/build/MKS_ROBIN_NANO_V3/src/external_device/SD/sd_spi_drv.o
LOAD .pio/build/MKS_ROBIN_NANO_V3/src/external_device/SD/sdcard.o
LOAD .pio/build/MKS_ROBIN_NANO_V3/src/hal/arm_support.o
LOAD .pio/build/MKS_ROBIN_NANO_V3/src/hal/hal.o
LOAD .pio/build/MKS_ROBIN_NANO_V3/src/hal/hal_flash.o
LOAD .pio/build/MKS_ROBIN_NANO_V3/src/hal/hal_sdio.o
LOAD .pio/build/MKS_ROBIN_NANO_V3/src/hal/hal_spi.o
LOAD .pio/build/MKS_ROBIN_NANO_V3/src/hal/hal_test.o
LOAD .pio/build/MKS_ROBIN_NANO_V3/src/hal/hal_uart.o
LOAD .pio/build/MKS_ROBIN_NANO_V3/src/hal/mcu/stm32/gpio.o
LOAD .pio/build/MKS_ROBIN_NANO_V3/src/hal/mcu/stm32/stm32_f1_system.o
LOAD .pio/build/MKS_ROBIN_NANO_V3/src/hal/mcu/stm32/stm32_f4_system.o
LOAD .pio/build/MKS_ROBIN_NANO_V3/src/hal/mcu/stm32/stm32_g0b0_hal_system.o
LOAD .pio/build/MKS_ROBIN_NANO_V3/src/hal/mcu/stm32/stm32_g4_system.o
LOAD .pio/build/MKS_ROBIN_NANO_V3/src/main.o
START GROUP
LOAD .pio/build/MKS_ROBIN_NANO_V3/lib804/libfatfs.a
LOAD c:/users/17639/.platformio/packages/toolchain-gccarmnoneeabi@1.70201.0/bin/../lib/gcc/arm-none-eabi/7.2.1/../../../../arm-none-eabi/lib/thumb/v7e-m\libc_nano.a
LOAD c:/users/17639/.platformio/packages/toolchain-gccarmnoneeabi@1.70201.0/bin/../lib/gcc/arm-none-eabi/7.2.1/thumb/v7e-m\libgcc.a
LOAD c:/users/17639/.platformio/packages/toolchain-gccarmnoneeabi@1.70201.0/bin/../lib/gcc/arm-none-eabi/7.2.1/../../../../arm-none-eabi/lib/thumb/v7e-m\libm.a
LOAD c:/users/17639/.platformio/packages/toolchain-gccarmnoneeabi@1.70201.0/bin/../lib/gcc/arm-none-eabi/7.2.1/../../../../arm-none-eabi/lib/thumb/v7e-m\libstdc++_nano.a
LOAD c:/users/17639/.platformio/packages/toolchain-gccarmnoneeabi@1.70201.0/bin/../lib/gcc/arm-none-eabi/7.2.1/../../../../arm-none-eabi/lib/thumb/v7e-m\libnosys.a
LOAD .pio/build/MKS_ROBIN_NANO_V3/libFrameworkCMSISDevice.a
END GROUP
START GROUP
LOAD c:/users/17639/.platformio/packages/toolchain-gccarmnoneeabi@1.70201.0/bin/../lib/gcc/arm-none-eabi/7.2.1/thumb/v7e-m\libgcc.a
LOAD c:/users/17639/.platformio/packages/toolchain-gccarmnoneeabi@1.70201.0/bin/../lib/gcc/arm-none-eabi/7.2.1/../../../../arm-none-eabi/lib/thumb/v7e-m\libc_nano.a
END GROUP
START GROUP
LOAD c:/users/17639/.platformio/packages/toolchain-gccarmnoneeabi@1.70201.0/bin/../lib/gcc/arm-none-eabi/7.2.1/thumb/v7e-m\libgcc.a
LOAD c:/users/17639/.platformio/packages/toolchain-gccarmnoneeabi@1.70201.0/bin/../lib/gcc/arm-none-eabi/7.2.1/../../../../arm-none-eabi/lib/thumb/v7e-m\libc_nano.a
LOAD c:/users/17639/.platformio/packages/toolchain-gccarmnoneeabi@1.70201.0/bin/../lib/gcc/arm-none-eabi/7.2.1/../../../../arm-none-eabi/lib/thumb/v7e-m\libnosys.a
END GROUP
START GROUP
LOAD c:/users/17639/.platformio/packages/toolchain-gccarmnoneeabi@1.70201.0/bin/../lib/gcc/arm-none-eabi/7.2.1/thumb/v7e-m\libgcc.a
LOAD c:/users/17639/.platformio/packages/toolchain-gccarmnoneeabi@1.70201.0/bin/../lib/gcc/arm-none-eabi/7.2.1/../../../../arm-none-eabi/lib/thumb/v7e-m\libc_nano.a
LOAD c:/users/17639/.platformio/packages/toolchain-gccarmnoneeabi@1.70201.0/bin/../lib/gcc/arm-none-eabi/7.2.1/../../../../arm-none-eabi/lib/thumb/v7e-m\libnosys.a
END GROUP
LOAD c:/users/17639/.platformio/packages/toolchain-gccarmnoneeabi@1.70201.0/bin/../lib/gcc/arm-none-eabi/7.2.1/thumb/v7e-m/crtend.o
LOAD c:/users/17639/.platformio/packages/toolchain-gccarmnoneeabi@1.70201.0/bin/../lib/gcc/arm-none-eabi/7.2.1/thumb/v7e-m/crtn.o
                0x20020000                _estack = (ORIGIN (RAM) + LENGTH (RAM))
                0x00000200                _Min_Heap_Size = 0x200
                0x00000400                _Min_Stack_Size = 0x400

.isr_vector     0x08000000      0x188
                0x08000000                . = ALIGN (0x4)
 *(.isr_vector)
 .isr_vector    0x08000000      0x188 .pio/build/MKS_ROBIN_NANO_V3/libFrameworkCMSISDevice.a(startup_stm32f407xx.o)
                0x08000000                g_pfnVectors
                0x08000188                . = ALIGN (0x4)

.text           0x08000190     0x6750
                0x08000190                . = ALIGN (0x4)
 *(.text)
 .text          0x08000190       0x40 c:/users/17639/.platformio/packages/toolchain-gccarmnoneeabi@1.70201.0/bin/../lib/gcc/arm-none-eabi/7.2.1/thumb/v7e-m/crtbegin.o
 .text          0x080001d0       0xa0 c:/users/17639/.platformio/packages/toolchain-gccarmnoneeabi@1.70201.0/bin/../lib/gcc/arm-none-eabi/7.2.1/../../../../arm-none-eabi/lib/thumb/v7e-m\libc_nano.a(lib_a-memchr.o)
                0x080001d0                memchr
 .text          0x08000270      0x378 c:/users/17639/.platformio/packages/toolchain-gccarmnoneeabi@1.70201.0/bin/../lib/gcc/arm-none-eabi/7.2.1/thumb/v7e-m\libgcc.a(_arm_addsubdf3.o)
                0x08000270                __aeabi_drsub
                0x08000278                __aeabi_dsub
                0x08000278                __subdf3
                0x0800027c                __aeabi_dadd
                0x0800027c                __adddf3
                0x080004f4                __floatunsidf
                0x080004f4                __aeabi_ui2d
                0x08000514                __floatsidf
                0x08000514                __aeabi_i2d
                0x08000538                __aeabi_f2d
                0x08000538                __extendsfdf2
                0x0800057c                __floatundidf
                0x0800057c                __aeabi_ul2d
                0x0800058c                __floatdidf
                0x0800058c                __aeabi_l2d
 .text          0x080005e8       0x40 c:/users/17639/.platformio/packages/toolchain-gccarmnoneeabi@1.70201.0/bin/../lib/gcc/arm-none-eabi/7.2.1/thumb/v7e-m\libgcc.a(_arm_fixunsdfsi.o)
                0x080005e8                __aeabi_d2uiz
                0x080005e8                __fixunsdfsi
 .text          0x08000628      0x21c c:/users/17639/.platformio/packages/toolchain-gccarmnoneeabi@1.70201.0/bin/../lib/gcc/arm-none-eabi/7.2.1/thumb/v7e-m\libgcc.a(_arm_addsubsf3.o)
                0x08000628                __aeabi_frsub
                0x08000630                __subsf3
                0x08000630                __aeabi_fsub
                0x08000634                __aeabi_fadd
                0x08000634                __addsf3
                0x08000794                __aeabi_ui2f
                0x08000794                __floatunsisf
                0x0800079c                __aeabi_i2f
                0x0800079c                __floatsisf
                0x080007b8                __aeabi_ul2f
                0x080007b8                __floatundisf
                0x080007c8                __aeabi_l2f
                0x080007c8                __floatdisf
 .text          0x08000844      0x2a0 c:/users/17639/.platformio/packages/toolchain-gccarmnoneeabi@1.70201.0/bin/../lib/gcc/arm-none-eabi/7.2.1/thumb/v7e-m\libgcc.a(_arm_muldivsf3.o)
                0x08000844                __mulsf3
                0x08000844                __aeabi_fmul
                0x080009ac                __aeabi_fdiv
                0x080009ac                __divsf3
 .text          0x08000ae4       0x30 c:/users/17639/.platformio/packages/toolchain-gccarmnoneeabi@1.70201.0/bin/../lib/gcc/arm-none-eabi/7.2.1/thumb/v7e-m\libgcc.a(_aeabi_uldivmod.o)
                0x08000ae4                __aeabi_uldivmod
 .text          0x08000b14      0x2cc c:/users/17639/.platformio/packages/toolchain-gccarmnoneeabi@1.70201.0/bin/../lib/gcc/arm-none-eabi/7.2.1/thumb/v7e-m\libgcc.a(_udivmoddi4.o)
                0x08000b14                __udivmoddi4
 .text          0x08000de0        0x4 c:/users/17639/.platformio/packages/toolchain-gccarmnoneeabi@1.70201.0/bin/../lib/gcc/arm-none-eabi/7.2.1/thumb/v7e-m\libgcc.a(_dvmd_tls.o)
                0x08000de0                __aeabi_idiv0
                0x08000de0                __aeabi_ldiv0
 .text          0x08000de4      0x110 c:/users/17639/.platformio/packages/toolchain-gccarmnoneeabi@1.70201.0/bin/../lib/gcc/arm-none-eabi/7.2.1/thumb/v7e-m\libgcc.a(_arm_cmpdf2.o)
                0x08000de4                __gtdf2
                0x08000de4                __gedf2
                0x08000dec                __ltdf2
                0x08000dec                __ledf2
                0x08000df4                __nedf2
                0x08000df4                __eqdf2
                0x08000df4                __cmpdf2
                0x08000e70                __aeabi_cdrcmple
                0x08000e80                __aeabi_cdcmpeq
                0x08000e80                __aeabi_cdcmple
                0x08000e90                __aeabi_dcmpeq
                0x08000ea4                __aeabi_dcmplt
                0x08000eb8                __aeabi_dcmple
                0x08000ecc                __aeabi_dcmpge
                0x08000ee0                __aeabi_dcmpgt
 *(.text*)
 .text.HAL_MspInit
                0x08000ef4        0x2 .pio/build/MKS_ROBIN_NANO_V3/FrameworkHALDriver/Src/stm32f4xx_hal.o
                0x08000ef4                HAL_MspInit
 *fill*         0x08000ef6        0x2 
 .text.HAL_InitTick
                0x08000ef8       0x4c .pio/build/MKS_ROBIN_NANO_V3/FrameworkHALDriver/Src/stm32f4xx_hal.o
                0x08000ef8                HAL_InitTick
 .text.HAL_Init
                0x08000f44       0x34 .pio/build/MKS_ROBIN_NANO_V3/FrameworkHALDriver/Src/stm32f4xx_hal.o
                0x08000f44                HAL_Init
 .text.HAL_IncTick
                0x08000f78       0x18 .pio/build/MKS_ROBIN_NANO_V3/FrameworkHALDriver/Src/stm32f4xx_hal.o
                0x08000f78                HAL_IncTick
 .text.HAL_GetTick
                0x08000f90        0xc .pio/build/MKS_ROBIN_NANO_V3/FrameworkHALDriver/Src/stm32f4xx_hal.o
                0x08000f90                HAL_GetTick
 .text.HAL_Delay
                0x08000f9c       0x28 .pio/build/MKS_ROBIN_NANO_V3/FrameworkHALDriver/Src/stm32f4xx_hal.o
                0x08000f9c                HAL_Delay
 .text.HAL_NVIC_SetPriorityGrouping
                0x08000fc4       0x24 .pio/build/MKS_ROBIN_NANO_V3/FrameworkHALDriver/Src/stm32f4xx_hal_cortex.o
                0x08000fc4                HAL_NVIC_SetPriorityGrouping
 .text.HAL_NVIC_SetPriority
                0x08000fe8       0x68 .pio/build/MKS_ROBIN_NANO_V3/FrameworkHALDriver/Src/stm32f4xx_hal_cortex.o
                0x08000fe8                HAL_NVIC_SetPriority
 .text.HAL_SYSTICK_Config
                0x08001050       0x2c .pio/build/MKS_ROBIN_NANO_V3/FrameworkHALDriver/Src/stm32f4xx_hal_cortex.o
                0x08001050                HAL_SYSTICK_Config
 .text.HAL_DMA_Abort
                0x0800107c       0x94 .pio/build/MKS_ROBIN_NANO_V3/FrameworkHALDriver/Src/stm32f4xx_hal_dma.o
                0x0800107c                HAL_DMA_Abort
 .text.HAL_DMA_Abort_IT
                0x08001110       0x26 .pio/build/MKS_ROBIN_NANO_V3/FrameworkHALDriver/Src/stm32f4xx_hal_dma.o
                0x08001110                HAL_DMA_Abort_IT
 *fill*         0x08001136        0x2 
 .text.FLASH_Program_DoubleWord
                0x08001138       0x2c .pio/build/MKS_ROBIN_NANO_V3/FrameworkHALDriver/Src/stm32f4xx_hal_flash.o
 .text.FLASH_Program_Word
                0x08001164       0x24 .pio/build/MKS_ROBIN_NANO_V3/FrameworkHALDriver/Src/stm32f4xx_hal_flash.o
 .text.FLASH_Program_HalfWord
                0x08001188       0x24 .pio/build/MKS_ROBIN_NANO_V3/FrameworkHALDriver/Src/stm32f4xx_hal_flash.o
 .text.FLASH_Program_Byte
                0x080011ac       0x20 .pio/build/MKS_ROBIN_NANO_V3/FrameworkHALDriver/Src/stm32f4xx_hal_flash.o
 .text.FLASH_SetErrorCode
                0x080011cc       0x8c .pio/build/MKS_ROBIN_NANO_V3/FrameworkHALDriver/Src/stm32f4xx_hal_flash.o
 .text.HAL_FLASH_Unlock
                0x08001258       0x30 .pio/build/MKS_ROBIN_NANO_V3/FrameworkHALDriver/Src/stm32f4xx_hal_flash.o
                0x08001258                HAL_FLASH_Unlock
 .text.HAL_FLASH_Lock
                0x08001288       0x14 .pio/build/MKS_ROBIN_NANO_V3/FrameworkHALDriver/Src/stm32f4xx_hal_flash.o
                0x08001288                HAL_FLASH_Lock
 .text.FLASH_WaitForLastOperation
                0x0800129c       0x64 .pio/build/MKS_ROBIN_NANO_V3/FrameworkHALDriver/Src/stm32f4xx_hal_flash.o
                0x0800129c                FLASH_WaitForLastOperation
 .text.HAL_FLASH_Program
                0x08001300       0x80 .pio/build/MKS_ROBIN_NANO_V3/FrameworkHALDriver/Src/stm32f4xx_hal_flash.o
                0x08001300                HAL_FLASH_Program
 .text.FLASH_MassErase
                0x08001380       0x24 .pio/build/MKS_ROBIN_NANO_V3/FrameworkHALDriver/Src/stm32f4xx_hal_flash_ex.o
 .text.FLASH_Erase_Sector
                0x080013a4       0x54 .pio/build/MKS_ROBIN_NANO_V3/FrameworkHALDriver/Src/stm32f4xx_hal_flash_ex.o
                0x080013a4                FLASH_Erase_Sector
 .text.FLASH_FlushCaches
                0x080013f8       0x60 .pio/build/MKS_ROBIN_NANO_V3/FrameworkHALDriver/Src/stm32f4xx_hal_flash_ex.o
                0x080013f8                FLASH_FlushCaches
 .text.HAL_FLASHEx_Erase
                0x08001458       0x94 .pio/build/MKS_ROBIN_NANO_V3/FrameworkHALDriver/Src/stm32f4xx_hal_flash_ex.o
                0x08001458                HAL_FLASHEx_Erase
 .text.HAL_GPIO_Init
                0x080014ec      0x1d4 .pio/build/MKS_ROBIN_NANO_V3/FrameworkHALDriver/Src/stm32f4xx_hal_gpio.o
                0x080014ec                HAL_GPIO_Init
 .text.HAL_GPIO_ReadPin
                0x080016c0        0xe .pio/build/MKS_ROBIN_NANO_V3/FrameworkHALDriver/Src/stm32f4xx_hal_gpio.o
                0x080016c0                HAL_GPIO_ReadPin
 .text.HAL_GPIO_WritePin
                0x080016ce        0xc .pio/build/MKS_ROBIN_NANO_V3/FrameworkHALDriver/Src/stm32f4xx_hal_gpio.o
                0x080016ce                HAL_GPIO_WritePin
 *fill*         0x080016da        0x2 
 .text.HAL_RCC_OscConfig
                0x080016dc      0x3f8 .pio/build/MKS_ROBIN_NANO_V3/FrameworkHALDriver/Src/stm32f4xx_hal_rcc.o
                0x080016dc                HAL_RCC_OscConfig
 .text.HAL_RCC_GetSysClockFreq
                0x08001ad4       0xd8 .pio/build/MKS_ROBIN_NANO_V3/FrameworkHALDriver/Src/stm32f4xx_hal_rcc.o
                0x08001ad4                HAL_RCC_GetSysClockFreq
 .text.HAL_RCC_ClockConfig
                0x08001bac      0x160 .pio/build/MKS_ROBIN_NANO_V3/FrameworkHALDriver/Src/stm32f4xx_hal_rcc.o
                0x08001bac                HAL_RCC_ClockConfig
 .text.HAL_RCC_GetHCLKFreq
                0x08001d0c        0xc .pio/build/MKS_ROBIN_NANO_V3/FrameworkHALDriver/Src/stm32f4xx_hal_rcc.o
                0x08001d0c                HAL_RCC_GetHCLKFreq
 .text.HAL_RCC_GetPCLK1Freq
                0x08001d18       0x20 .pio/build/MKS_ROBIN_NANO_V3/FrameworkHALDriver/Src/stm32f4xx_hal_rcc.o
                0x08001d18                HAL_RCC_GetPCLK1Freq
 .text.HAL_RCC_GetPCLK2Freq
                0x08001d38       0x20 .pio/build/MKS_ROBIN_NANO_V3/FrameworkHALDriver/Src/stm32f4xx_hal_rcc.o
                0x08001d38                HAL_RCC_GetPCLK2Freq
 .text.SPI_WaitFlagStateUntilTimeout
                0x08001d58       0xd0 .pio/build/MKS_ROBIN_NANO_V3/FrameworkHALDriver/Src/stm32f4xx_hal_spi.o
 .text.SPI_EndRxTxTransaction
                0x08001e28       0x68 .pio/build/MKS_ROBIN_NANO_V3/FrameworkHALDriver/Src/stm32f4xx_hal_spi.o
 .text.HAL_SPI_MspInit
                0x08001e90        0x2 .pio/build/MKS_ROBIN_NANO_V3/FrameworkHALDriver/Src/stm32f4xx_hal_spi.o
                0x08001e90                HAL_SPI_MspInit
 .text.HAL_SPI_Init
                0x08001e92       0xca .pio/build/MKS_ROBIN_NANO_V3/FrameworkHALDriver/Src/stm32f4xx_hal_spi.o
                0x08001e92                HAL_SPI_Init
 .text.HAL_SPI_MspDeInit
                0x08001f5c        0x2 .pio/build/MKS_ROBIN_NANO_V3/FrameworkHALDriver/Src/stm32f4xx_hal_spi.o
                0x08001f5c                HAL_SPI_MspDeInit
 .text.HAL_SPI_DeInit
                0x08001f5e       0x2c .pio/build/MKS_ROBIN_NANO_V3/FrameworkHALDriver/Src/stm32f4xx_hal_spi.o
                0x08001f5e                HAL_SPI_DeInit
 .text.HAL_SPI_TransmitReceive
                0x08001f8a      0x2de .pio/build/MKS_ROBIN_NANO_V3/FrameworkHALDriver/Src/stm32f4xx_hal_spi.o
                0x08001f8a                HAL_SPI_TransmitReceive
 .text.UART_EndRxTransfer
                0x08002268       0x5c .pio/build/MKS_ROBIN_NANO_V3/FrameworkHALDriver/Src/stm32f4xx_hal_uart.o
 .text.UART_Transmit_IT
                0x080022c4       0x62 .pio/build/MKS_ROBIN_NANO_V3/FrameworkHALDriver/Src/stm32f4xx_hal_uart.o
 *fill*         0x08002326        0x2 
 .text.UART_SetConfig
                0x08002328      0x134 .pio/build/MKS_ROBIN_NANO_V3/FrameworkHALDriver/Src/stm32f4xx_hal_uart.o
 .text.UART_WaitOnFlagUntilTimeout
                0x0800245c       0x7e .pio/build/MKS_ROBIN_NANO_V3/FrameworkHALDriver/Src/stm32f4xx_hal_uart.o
 .text.HAL_UART_MspInit
                0x080024da        0x2 .pio/build/MKS_ROBIN_NANO_V3/FrameworkHALDriver/Src/stm32f4xx_hal_uart.o
                0x080024da                HAL_UART_MspInit
 .text.HAL_UART_Init
                0x080024dc       0x5e .pio/build/MKS_ROBIN_NANO_V3/FrameworkHALDriver/Src/stm32f4xx_hal_uart.o
                0x080024dc                HAL_UART_Init
 .text.HAL_UART_Transmit
                0x0800253a       0xda .pio/build/MKS_ROBIN_NANO_V3/FrameworkHALDriver/Src/stm32f4xx_hal_uart.o
                0x0800253a                HAL_UART_Transmit
 .text.HAL_UART_TxCpltCallback
                0x08002614        0x2 .pio/build/MKS_ROBIN_NANO_V3/FrameworkHALDriver/Src/stm32f4xx_hal_uart.o
                0x08002614                HAL_UART_TxCpltCallback
 .text.UART_EndTransmit_IT
                0x08002616       0x1a .pio/build/MKS_ROBIN_NANO_V3/FrameworkHALDriver/Src/stm32f4xx_hal_uart.o
 .text.HAL_UART_RxCpltCallback
                0x08002630        0x2 .pio/build/MKS_ROBIN_NANO_V3/FrameworkHALDriver/Src/stm32f4xx_hal_uart.o
                0x08002630                HAL_UART_RxCpltCallback
 .text.UART_DMAAbortOnError
                0x08002632       0x10 .pio/build/MKS_ROBIN_NANO_V3/FrameworkHALDriver/Src/stm32f4xx_hal_uart.o
 .text.HAL_UARTEx_RxEventCallback
                0x08002642        0x2 .pio/build/MKS_ROBIN_NANO_V3/FrameworkHALDriver/Src/stm32f4xx_hal_uart.o
                0x08002642                HAL_UARTEx_RxEventCallback
 .text.UART_Receive_IT
                0x08002644       0xe2 .pio/build/MKS_ROBIN_NANO_V3/FrameworkHALDriver/Src/stm32f4xx_hal_uart.o
 *fill*         0x08002726        0x2 
 .text.HAL_UART_IRQHandler
                0x08002728      0x270 .pio/build/MKS_ROBIN_NANO_V3/FrameworkHALDriver/Src/stm32f4xx_hal_uart.o
                0x08002728                HAL_UART_IRQHandler
 .text.HAL_UART_ErrorCallback
                0x08002998        0x2 .pio/build/MKS_ROBIN_NANO_V3/src/bootloader/HID_Bootloader/HID_Bootloader.o
                0x08002998                HAL_UART_ErrorCallback
 *fill*         0x0800299a        0x2 
 .text.searchCMD
                0x0800299c       0xbc .pio/build/MKS_ROBIN_NANO_V3/src/bootloader/HID_Bootloader/HID_Bootloader.o
                0x0800299c                searchCMD
 .text.USART3_IRQHandler
                0x08002a58       0x58 .pio/build/MKS_ROBIN_NANO_V3/src/bootloader/HID_Bootloader/HID_Bootloader.o
                0x08002a58                USART3_IRQHandler
 .text.bl_erase_flash
                0x08002ab0        0x8 .pio/build/MKS_ROBIN_NANO_V3/src/bootloader/bootloader.o
                0x08002ab0                bl_erase_flash
 .text.bufferSet
                0x08002ab8       0x10 .pio/build/MKS_ROBIN_NANO_V3/src/bootloader/bootloader.o
                0x08002ab8                bufferSet
 .text.bl_write_flash
                0x08002ac8       0xe0 .pio/build/MKS_ROBIN_NANO_V3/src/bootloader/bootloader.o
                0x08002ac8                bl_write_flash
 .text.bl_open_update_file
                0x08002ba8       0x98 .pio/build/MKS_ROBIN_NANO_V3/src/bootloader/bootloader.o
                0x08002ba8                bl_open_update_file
 .text.bl_rename_file
                0x08002c40       0x24 .pio/build/MKS_ROBIN_NANO_V3/src/bootloader/bootloader.o
                0x08002c40                bl_rename_file
 .text.bl_jump_to_app
                0x08002c64       0x48 .pio/build/MKS_ROBIN_NANO_V3/src/bootloader/bootloader.o
                0x08002c64                bl_jump_to_app
 .text.jump_without_update
                0x08002cac       0x2c .pio/build/MKS_ROBIN_NANO_V3/src/bootloader/bootloader.o
                0x08002cac                jump_without_update
 .text.jump_with_update
                0x08002cd8       0x2c .pio/build/MKS_ROBIN_NANO_V3/src/bootloader/bootloader.o
                0x08002cd8                jump_with_update
 .text.UpdateCheck
                0x08002d04       0x2c .pio/build/MKS_ROBIN_NANO_V3/src/bootloader/bootloader.o
                0x08002d04                UpdateCheck
 .text.mCardCheck
                0x08002d30       0x10 .pio/build/MKS_ROBIN_NANO_V3/src/external_device/FS/mid_fs.o
                0x08002d30                mCardCheck
 .text.mCardMount
                0x08002d40       0x3c .pio/build/MKS_ROBIN_NANO_V3/src/external_device/FS/mid_fs.o
                0x08002d40                mCardMount
 .text.BspSdSpiGpioInit
                0x08002d7c       0xb8 .pio/build/MKS_ROBIN_NANO_V3/src/external_device/SD/sd_spi_drv.o
 .text.BspSpiInit
                0x08002e34       0x50 .pio/build/MKS_ROBIN_NANO_V3/src/external_device/SD/sd_spi_drv.o
 .text.BspSdBegin
                0x08002e84       0x14 .pio/build/MKS_ROBIN_NANO_V3/src/external_device/SD/sd_spi_drv.o
                0x08002e84                BspSdBegin
 .text.BspSdEnd
                0x08002e98       0x14 .pio/build/MKS_ROBIN_NANO_V3/src/external_device/SD/sd_spi_drv.o
                0x08002e98                BspSdEnd
 .text.BspSdSpiReadWriteByte
                0x08002eac       0x30 .pio/build/MKS_ROBIN_NANO_V3/src/external_device/SD/sd_spi_drv.o
                0x08002eac                BspSdSpiReadWriteByte
 .text.BspDetRead
                0x08002edc       0x18 .pio/build/MKS_ROBIN_NANO_V3/src/external_device/SD/sd_spi_drv.o
                0x08002edc                BspDetRead
 .text.BspSpiAutoSpeed
                0x08002ef4       0x44 .pio/build/MKS_ROBIN_NANO_V3/src/external_device/SD/sd_spi_drv.o
                0x08002ef4                BspSpiAutoSpeed
 .text.SdReadyWait
                0x08002f38       0x24 .pio/build/MKS_ROBIN_NANO_V3/src/external_device/SD/sd_spi_drv.o
                0x08002f38                SdReadyWait
 .text.SdSpiDrvDeinit
                0x08002f5c       0x34 .pio/build/MKS_ROBIN_NANO_V3/src/external_device/SD/sd_spi_drv.o
                0x08002f5c                SdSpiDrvDeinit
 .text.SdSpiDrvInit
                0x08002f90        0xc .pio/build/MKS_ROBIN_NANO_V3/src/external_device/SD/sd_spi_drv.o
                0x08002f90                SdSpiDrvInit
 .text.SdDisSelect
                0x08002f9c        0xe .pio/build/MKS_ROBIN_NANO_V3/src/external_device/SD/sd_spi_drv.o
                0x08002f9c                SdDisSelect
 .text.SdSelect
                0x08002faa       0x1a .pio/build/MKS_ROBIN_NANO_V3/src/external_device/SD/sd_spi_drv.o
                0x08002faa                SdSelect
 .text.SdGetResponseSkyblue
                0x08002fc4       0x24 .pio/build/MKS_ROBIN_NANO_V3/src/external_device/SD/sd_spi_drv.o
                0x08002fc4                SdGetResponseSkyblue
 .text.SdRecvData
                0x08002fe8       0x38 .pio/build/MKS_ROBIN_NANO_V3/src/external_device/SD/sd_spi_drv.o
                0x08002fe8                SdRecvData
 .text.SdSendBlock
                0x08003020       0x50 .pio/build/MKS_ROBIN_NANO_V3/src/external_device/SD/sd_spi_drv.o
                0x08003020                SdSendBlock
 .text.SdSendCmdSkyblue
                0x08003070       0x68 .pio/build/MKS_ROBIN_NANO_V3/src/external_device/SD/sd_spi_drv.o
                0x08003070                SdSendCmdSkyblue
 .text.SdGetCSD
                0x080030d8       0x2c .pio/build/MKS_ROBIN_NANO_V3/src/external_device/SD/sd_spi_drv.o
                0x080030d8                SdGetCSD
 .text.SdGetSectorCount
                0x08003104       0x74 .pio/build/MKS_ROBIN_NANO_V3/src/external_device/SD/sd_spi_drv.o
                0x08003104                SdGetSectorCount
 .text.SdDrvInitAll
                0x08003178      0x1a4 .pio/build/MKS_ROBIN_NANO_V3/src/external_device/SD/sd_spi_drv.o
                0x08003178                SdDrvInitAll
 .text.SdSpiReadBuff
                0x0800331c       0x6c .pio/build/MKS_ROBIN_NANO_V3/src/external_device/SD/sd_spi_drv.o
                0x0800331c                SdSpiReadBuff
 .text.SdSpiWriteBuff
                0x08003388       0x88 .pio/build/MKS_ROBIN_NANO_V3/src/external_device/SD/sd_spi_drv.o
                0x08003388                SdSpiWriteBuff
 .text.SdcardApiReg
                0x08003410       0x38 .pio/build/MKS_ROBIN_NANO_V3/src/external_device/SD/sdcard.o
                0x08003410                SdcardApiReg
 .text.SysTick_Handler
                0x08003448       0x14 .pio/build/MKS_ROBIN_NANO_V3/src/hal/arm_support.o
                0x08003448                SysTick_Handler
 .text.NvicSetVectorTable
                0x0800345c       0x14 .pio/build/MKS_ROBIN_NANO_V3/src/hal/arm_support.o
                0x0800345c                NvicSetVectorTable
 .text.PrintInfoInit
                0x08003470       0x30 .pio/build/MKS_ROBIN_NANO_V3/src/hal/hal.o
                0x08003470                PrintInfoInit
 .text.printInfo
                0x080034a0       0x5c .pio/build/MKS_ROBIN_NANO_V3/src/hal/hal.o
                0x080034a0                printInfo
 .text.printf_result_info
                0x080034fc       0x7c .pio/build/MKS_ROBIN_NANO_V3/src/hal/hal.o
                0x080034fc                printf_result_info
 .text.hal_uart_gpio_init
                0x08003578       0x6c .pio/build/MKS_ROBIN_NANO_V3/src/hal/hal_uart.o
                0x08003578                hal_uart_gpio_init
 .text.hal_uart_init
                0x080035e4       0x38 .pio/build/MKS_ROBIN_NANO_V3/src/hal/hal_uart.o
                0x080035e4                hal_uart_init
 .text.hal_get_uart_rx_flag
                0x0800361c       0x10 .pio/build/MKS_ROBIN_NANO_V3/src/hal/hal_uart.o
                0x0800361c                hal_get_uart_rx_flag
 .text.BspUartReadData
                0x0800362c       0x10 .pio/build/MKS_ROBIN_NANO_V3/src/hal/hal_uart.o
                0x0800362c                BspUartReadData
 .text._write   0x0800363c       0x18 .pio/build/MKS_ROBIN_NANO_V3/src/hal/hal_uart.o
                0x0800363c                _write
 .text.HAL_STM32_F4_GET_SECTOR
                0x08003654       0x34 .pio/build/MKS_ROBIN_NANO_V3/src/hal/mcu/stm32/stm32_f4_system.o
                0x08003654                HAL_STM32_F4_GET_SECTOR
 .text.HAL_STM32_F4_GET_N_SECTOR
                0x08003688        0x4 .pio/build/MKS_ROBIN_NANO_V3/src/hal/mcu/stm32/stm32_f4_system.o
                0x08003688                HAL_STM32_F4_GET_N_SECTOR
 .text.HAL_STM32_F4_ERASE_CHIP
                0x0800368c       0x5c .pio/build/MKS_ROBIN_NANO_V3/src/hal/mcu/stm32/stm32_f4_system.o
                0x0800368c                HAL_STM32_F4_ERASE_CHIP
 .text.HAL_STM32_F4_PROGRAM_FLASH
                0x080036e8       0x3a .pio/build/MKS_ROBIN_NANO_V3/src/hal/mcu/stm32/stm32_f4_system.o
                0x080036e8                HAL_STM32_F4_PROGRAM_FLASH
 .text.Error_Handler
                0x08003722        0x4 .pio/build/MKS_ROBIN_NANO_V3/src/hal/mcu/stm32/stm32_f4_system.o
                0x08003722                Error_Handler
 *fill*         0x08003726        0x2 
 .text.HAL_STM32_F4_SYS_Init
                0x08003728       0xbc .pio/build/MKS_ROBIN_NANO_V3/src/hal/mcu/stm32/stm32_f4_system.o
                0x08003728                HAL_STM32_F4_SYS_Init
 .text.main     0x080037e4       0x36 .pio/build/MKS_ROBIN_NANO_V3/src/main.o
                0x080037e4                main
 .text.HardFault_Handler
                0x0800381a        0x2 .pio/build/MKS_ROBIN_NANO_V3/src/main.o
                0x0800381a                HardFault_Handler
 .text.ld_word  0x0800381c        0xa .pio/build/MKS_ROBIN_NANO_V3/lib804/libfatfs.a(ff.o)
 .text.ld_dword
                0x08003826       0x16 .pio/build/MKS_ROBIN_NANO_V3/lib804/libfatfs.a(ff.o)
 .text.st_word  0x0800383c        0x8 .pio/build/MKS_ROBIN_NANO_V3/lib804/libfatfs.a(ff.o)
 .text.st_dword
                0x08003844       0x14 .pio/build/MKS_ROBIN_NANO_V3/lib804/libfatfs.a(ff.o)
 .text.dbc_1st  0x08003858        0x4 .pio/build/MKS_ROBIN_NANO_V3/lib804/libfatfs.a(ff.o)
 .text.dbc_2nd  0x0800385c        0x4 .pio/build/MKS_ROBIN_NANO_V3/lib804/libfatfs.a(ff.o)
 .text.chk_lock
                0x08003860       0x74 .pio/build/MKS_ROBIN_NANO_V3/lib804/libfatfs.a(ff.o)
 .text.enq_lock
                0x080038d4       0x20 .pio/build/MKS_ROBIN_NANO_V3/lib804/libfatfs.a(ff.o)
 .text.inc_lock
                0x080038f4       0xa4 .pio/build/MKS_ROBIN_NANO_V3/lib804/libfatfs.a(ff.o)
 .text.dec_lock
                0x08003998       0x40 .pio/build/MKS_ROBIN_NANO_V3/lib804/libfatfs.a(ff.o)
 .text.clear_lock
                0x080039d8       0x38 .pio/build/MKS_ROBIN_NANO_V3/lib804/libfatfs.a(ff.o)
 .text.clst2sect
                0x08003a10       0x18 .pio/build/MKS_ROBIN_NANO_V3/lib804/libfatfs.a(ff.o)
 .text.clmt_clust
                0x08003a28       0x22 .pio/build/MKS_ROBIN_NANO_V3/lib804/libfatfs.a(ff.o)
 .text.ld_clust
                0x08003a4a       0x26 .pio/build/MKS_ROBIN_NANO_V3/lib804/libfatfs.a(ff.o)
 .text.st_clust
                0x08003a70       0x26 .pio/build/MKS_ROBIN_NANO_V3/lib804/libfatfs.a(ff.o)
 *fill*         0x08003a96        0x2 
 .text.pick_lfn
                0x08003a98       0x90 .pio/build/MKS_ROBIN_NANO_V3/lib804/libfatfs.a(ff.o)
 .text.put_lfn  0x08003b28       0x78 .pio/build/MKS_ROBIN_NANO_V3/lib804/libfatfs.a(ff.o)
 .text.sum_sfn  0x08003ba0       0x1c .pio/build/MKS_ROBIN_NANO_V3/lib804/libfatfs.a(ff.o)
 .text.get_ldnumber
                0x08003bbc       0x56 .pio/build/MKS_ROBIN_NANO_V3/lib804/libfatfs.a(ff.o)
 .text.validate
                0x08003c12       0x48 .pio/build/MKS_ROBIN_NANO_V3/lib804/libfatfs.a(ff.o)
 .text.sync_window
                0x08003c5a       0x50 .pio/build/MKS_ROBIN_NANO_V3/lib804/libfatfs.a(ff.o)
 .text.move_window
                0x08003caa       0x34 .pio/build/MKS_ROBIN_NANO_V3/lib804/libfatfs.a(ff.o)
 *fill*         0x08003cde        0x2 
 .text.check_fs
                0x08003ce0       0xd4 .pio/build/MKS_ROBIN_NANO_V3/lib804/libfatfs.a(ff.o)
 .text.find_volume
                0x08003db4       0x70 .pio/build/MKS_ROBIN_NANO_V3/lib804/libfatfs.a(ff.o)
 .text.mount_volume
                0x08003e24      0x2b4 .pio/build/MKS_ROBIN_NANO_V3/lib804/libfatfs.a(ff.o)
 .text.put_fat  0x080040d8      0x10a .pio/build/MKS_ROBIN_NANO_V3/lib804/libfatfs.a(ff.o)
 .text.get_fat  0x080041e2       0xd0 .pio/build/MKS_ROBIN_NANO_V3/lib804/libfatfs.a(ff.o)
 .text.dir_sdi  0x080042b2       0xa2 .pio/build/MKS_ROBIN_NANO_V3/lib804/libfatfs.a(ff.o)
 .text.create_chain
                0x08004354      0x104 .pio/build/MKS_ROBIN_NANO_V3/lib804/libfatfs.a(ff.o)
 .text.remove_chain
                0x08004458       0x88 .pio/build/MKS_ROBIN_NANO_V3/lib804/libfatfs.a(ff.o)
 .text.dir_clear
                0x080044e0       0x52 .pio/build/MKS_ROBIN_NANO_V3/lib804/libfatfs.a(ff.o)
 .text.dir_next
                0x08004532       0xc6 .pio/build/MKS_ROBIN_NANO_V3/lib804/libfatfs.a(ff.o)
 .text.dir_alloc
                0x080045f8       0x50 .pio/build/MKS_ROBIN_NANO_V3/lib804/libfatfs.a(ff.o)
 .text.dir_read
                0x08004648       0xbc .pio/build/MKS_ROBIN_NANO_V3/lib804/libfatfs.a(ff.o)
 .text.dir_remove
                0x08004704       0x52 .pio/build/MKS_ROBIN_NANO_V3/lib804/libfatfs.a(ff.o)
 .text.tchar2uni
                0x08004756       0x48 .pio/build/MKS_ROBIN_NANO_V3/lib804/libfatfs.a(ff.o)
 *fill*         0x0800479e        0x2 
 .text.create_name
                0x080047a0      0x248 .pio/build/MKS_ROBIN_NANO_V3/lib804/libfatfs.a(ff.o)
 .text.cmp_lfn  0x080049e8       0xa4 .pio/build/MKS_ROBIN_NANO_V3/lib804/libfatfs.a(ff.o)
 .text.dir_find
                0x08004a8c       0xe6 .pio/build/MKS_ROBIN_NANO_V3/lib804/libfatfs.a(ff.o)
 .text.follow_path
                0x08004b72       0x8c .pio/build/MKS_ROBIN_NANO_V3/lib804/libfatfs.a(ff.o)
 .text.gen_numname
                0x08004bfe       0xba .pio/build/MKS_ROBIN_NANO_V3/lib804/libfatfs.a(ff.o)
 .text.dir_register
                0x08004cb8      0x148 .pio/build/MKS_ROBIN_NANO_V3/lib804/libfatfs.a(ff.o)
 .text.sync_fs  0x08004e00       0x8c .pio/build/MKS_ROBIN_NANO_V3/lib804/libfatfs.a(ff.o)
 .text.f_mount  0x08004e8c       0x58 .pio/build/MKS_ROBIN_NANO_V3/lib804/libfatfs.a(ff.o)
                0x08004e8c                f_mount
 .text.f_read   0x08004ee4      0x18c .pio/build/MKS_ROBIN_NANO_V3/lib804/libfatfs.a(ff.o)
                0x08004ee4                f_read
 .text.f_unlink
                0x08005070       0xc0 .pio/build/MKS_ROBIN_NANO_V3/lib804/libfatfs.a(ff.o)
                0x08005070                f_unlink
 .text.f_rename
                0x08005130      0x164 .pio/build/MKS_ROBIN_NANO_V3/lib804/libfatfs.a(ff.o)
                0x08005130                f_rename
 .text.get_fattime
                0x08005294        0x4 .pio/build/MKS_ROBIN_NANO_V3/lib804/libfatfs.a(ff.o)
                0x08005294                get_fattime
 .text.f_open   0x08005298      0x242 .pio/build/MKS_ROBIN_NANO_V3/lib804/libfatfs.a(ff.o)
                0x08005298                f_open
 .text.f_sync   0x080054da       0xa0 .pio/build/MKS_ROBIN_NANO_V3/lib804/libfatfs.a(ff.o)
                0x080054da                f_sync
 .text.f_close  0x0800557a       0x34 .pio/build/MKS_ROBIN_NANO_V3/lib804/libfatfs.a(ff.o)
                0x0800557a                f_close
 *fill*         0x080055ae        0x2 
 .text.ff_uni2oem
                0x080055b0       0x40 .pio/build/MKS_ROBIN_NANO_V3/lib804/libfatfs.a(ffunicode.o)
                0x080055b0                ff_uni2oem
 .text.ff_oem2uni
                0x080055f0       0x2c .pio/build/MKS_ROBIN_NANO_V3/lib804/libfatfs.a(ffunicode.o)
                0x080055f0                ff_oem2uni
 .text.ff_wtoupper
                0x0800561c       0x9c .pio/build/MKS_ROBIN_NANO_V3/lib804/libfatfs.a(ffunicode.o)
                0x0800561c                ff_wtoupper
 .text.disk_status
                0x080056b8        0xc .pio/build/MKS_ROBIN_NANO_V3/lib804/libfatfs.a(diskio.o)
                0x080056b8                disk_status
 .text.disk_initialize
                0x080056c4       0x1c .pio/build/MKS_ROBIN_NANO_V3/lib804/libfatfs.a(diskio.o)
                0x080056c4                disk_initialize
 .text.disk_read
                0x080056e0       0x38 .pio/build/MKS_ROBIN_NANO_V3/lib804/libfatfs.a(diskio.o)
                0x080056e0                disk_read
 .text.disk_write
                0x08005718       0x38 .pio/build/MKS_ROBIN_NANO_V3/lib804/libfatfs.a(diskio.o)
                0x08005718                disk_write
 .text.disk_ioctl
                0x08005750       0x44 .pio/build/MKS_ROBIN_NANO_V3/lib804/libfatfs.a(diskio.o)
                0x08005750                disk_ioctl
 .text.__libc_init_array
                0x08005794       0x48 c:/users/17639/.platformio/packages/toolchain-gccarmnoneeabi@1.70201.0/bin/../lib/gcc/arm-none-eabi/7.2.1/../../../../arm-none-eabi/lib/thumb/v7e-m\libc_nano.a(lib_a-init.o)
                0x08005794                __libc_init_array
 .text.malloc   0x080057dc       0x10 c:/users/17639/.platformio/packages/toolchain-gccarmnoneeabi@1.70201.0/bin/../lib/gcc/arm-none-eabi/7.2.1/../../../../arm-none-eabi/lib/thumb/v7e-m\libc_nano.a(lib_a-malloc.o)
                0x080057dc                malloc
 .text.free     0x080057ec       0x10 c:/users/17639/.platformio/packages/toolchain-gccarmnoneeabi@1.70201.0/bin/../lib/gcc/arm-none-eabi/7.2.1/../../../../arm-none-eabi/lib/thumb/v7e-m\libc_nano.a(lib_a-malloc.o)
                0x080057ec                free
 .text.memcmp   0x080057fc       0x1e c:/users/17639/.platformio/packages/toolchain-gccarmnoneeabi@1.70201.0/bin/../lib/gcc/arm-none-eabi/7.2.1/../../../../arm-none-eabi/lib/thumb/v7e-m\libc_nano.a(lib_a-memcmp.o)
                0x080057fc                memcmp
 .text.memcpy   0x0800581a       0x16 c:/users/17639/.platformio/packages/toolchain-gccarmnoneeabi@1.70201.0/bin/../lib/gcc/arm-none-eabi/7.2.1/../../../../arm-none-eabi/lib/thumb/v7e-m\libc_nano.a(lib_a-memcpy-stub.o)
                0x0800581a                memcpy
 .text.memset   0x08005830       0x10 c:/users/17639/.platformio/packages/toolchain-gccarmnoneeabi@1.70201.0/bin/../lib/gcc/arm-none-eabi/7.2.1/../../../../arm-none-eabi/lib/thumb/v7e-m\libc_nano.a(lib_a-memset.o)
                0x08005830                memset
 .text._free_r  0x08005840       0x9c c:/users/17639/.platformio/packages/toolchain-gccarmnoneeabi@1.70201.0/bin/../lib/gcc/arm-none-eabi/7.2.1/../../../../arm-none-eabi/lib/thumb/v7e-m\libc_nano.a(lib_a-nano-freer.o)
                0x08005840                _free_r
 .text._malloc_r
                0x080058dc       0xb4 c:/users/17639/.platformio/packages/toolchain-gccarmnoneeabi@1.70201.0/bin/../lib/gcc/arm-none-eabi/7.2.1/../../../../arm-none-eabi/lib/thumb/v7e-m\libc_nano.a(lib_a-nano-mallocr.o)
                0x080058dc                _malloc_r
 .text.printf   0x08005990       0x30 c:/users/17639/.platformio/packages/toolchain-gccarmnoneeabi@1.70201.0/bin/../lib/gcc/arm-none-eabi/7.2.1/../../../../arm-none-eabi/lib/thumb/v7e-m\libc_nano.a(lib_a-printf.o)
                0x08005990                iprintf
                0x08005990                printf
 .text._puts_r  0x080059c0       0xb8 c:/users/17639/.platformio/packages/toolchain-gccarmnoneeabi@1.70201.0/bin/../lib/gcc/arm-none-eabi/7.2.1/../../../../arm-none-eabi/lib/thumb/v7e-m\libc_nano.a(lib_a-puts.o)
                0x080059c0                _puts_r
 .text.puts     0x08005a78       0x10 c:/users/17639/.platformio/packages/toolchain-gccarmnoneeabi@1.70201.0/bin/../lib/gcc/arm-none-eabi/7.2.1/../../../../arm-none-eabi/lib/thumb/v7e-m\libc_nano.a(lib_a-puts.o)
                0x08005a78                puts
 .text._sbrk_r  0x08005a88       0x20 c:/users/17639/.platformio/packages/toolchain-gccarmnoneeabi@1.70201.0/bin/../lib/gcc/arm-none-eabi/7.2.1/../../../../arm-none-eabi/lib/thumb/v7e-m\libc_nano.a(lib_a-sbrkr.o)
                0x08005a88                _sbrk_r
 .text.strchr   0x08005aa8       0x1a c:/users/17639/.platformio/packages/toolchain-gccarmnoneeabi@1.70201.0/bin/../lib/gcc/arm-none-eabi/7.2.1/../../../../arm-none-eabi/lib/thumb/v7e-m\libc_nano.a(lib_a-strchr.o)
                0x08005aa8                strchr
 .text.strcpy   0x08005ac2       0x10 c:/users/17639/.platformio/packages/toolchain-gccarmnoneeabi@1.70201.0/bin/../lib/gcc/arm-none-eabi/7.2.1/../../../../arm-none-eabi/lib/thumb/v7e-m\libc_nano.a(lib_a-strcpy.o)
                0x08005ac2                strcpy
 *fill*         0x08005ad2        0x2 
 .text.__swbuf_r
                0x08005ad4       0xa4 c:/users/17639/.platformio/packages/toolchain-gccarmnoneeabi@1.70201.0/bin/../lib/gcc/arm-none-eabi/7.2.1/../../../../arm-none-eabi/lib/thumb/v7e-m\libc_nano.a(lib_a-wbuf.o)
                0x08005ad4                __swbuf_r
 .text.__swsetup_r
                0x08005b78       0xdc c:/users/17639/.platformio/packages/toolchain-gccarmnoneeabi@1.70201.0/bin/../lib/gcc/arm-none-eabi/7.2.1/../../../../arm-none-eabi/lib/thumb/v7e-m\libc_nano.a(lib_a-wsetup.o)
                0x08005b78                __swsetup_r
 .text.__sflush_r
                0x08005c54      0x10c c:/users/17639/.platformio/packages/toolchain-gccarmnoneeabi@1.70201.0/bin/../lib/gcc/arm-none-eabi/7.2.1/../../../../arm-none-eabi/lib/thumb/v7e-m\libc_nano.a(lib_a-fflush.o)
                0x08005c54                __sflush_r
 .text._fflush_r
                0x08005d60       0x54 c:/users/17639/.platformio/packages/toolchain-gccarmnoneeabi@1.70201.0/bin/../lib/gcc/arm-none-eabi/7.2.1/../../../../arm-none-eabi/lib/thumb/v7e-m\libc_nano.a(lib_a-fflush.o)
                0x08005d60                _fflush_r
 .text.std      0x08005db4       0x48 c:/users/17639/.platformio/packages/toolchain-gccarmnoneeabi@1.70201.0/bin/../lib/gcc/arm-none-eabi/7.2.1/../../../../arm-none-eabi/lib/thumb/v7e-m\libc_nano.a(lib_a-findfp.o)
 .text._cleanup_r
                0x08005dfc        0xc c:/users/17639/.platformio/packages/toolchain-gccarmnoneeabi@1.70201.0/bin/../lib/gcc/arm-none-eabi/7.2.1/../../../../arm-none-eabi/lib/thumb/v7e-m\libc_nano.a(lib_a-findfp.o)
                0x08005dfc                _cleanup_r
 .text.__sfmoreglue
                0x08005e08       0x2c c:/users/17639/.platformio/packages/toolchain-gccarmnoneeabi@1.70201.0/bin/../lib/gcc/arm-none-eabi/7.2.1/../../../../arm-none-eabi/lib/thumb/v7e-m\libc_nano.a(lib_a-findfp.o)
                0x08005e08                __sfmoreglue
 .text.__sinit  0x08005e34       0x60 c:/users/17639/.platformio/packages/toolchain-gccarmnoneeabi@1.70201.0/bin/../lib/gcc/arm-none-eabi/7.2.1/../../../../arm-none-eabi/lib/thumb/v7e-m\libc_nano.a(lib_a-findfp.o)
                0x08005e34                __sinit
 .text.__sfp    0x08005e94       0x78 c:/users/17639/.platformio/packages/toolchain-gccarmnoneeabi@1.70201.0/bin/../lib/gcc/arm-none-eabi/7.2.1/../../../../arm-none-eabi/lib/thumb/v7e-m\libc_nano.a(lib_a-findfp.o)
                0x08005e94                __sfp
 .text._fwalk_reent
                0x08005f0c       0x3c c:/users/17639/.platformio/packages/toolchain-gccarmnoneeabi@1.70201.0/bin/../lib/gcc/arm-none-eabi/7.2.1/../../../../arm-none-eabi/lib/thumb/v7e-m\libc_nano.a(lib_a-fwalk.o)
                0x08005f0c                _fwalk_reent
 .text.__swhatbuf_r
                0x08005f48       0x48 c:/users/17639/.platformio/packages/toolchain-gccarmnoneeabi@1.70201.0/bin/../lib/gcc/arm-none-eabi/7.2.1/../../../../arm-none-eabi/lib/thumb/v7e-m\libc_nano.a(lib_a-makebuf.o)
                0x08005f48                __swhatbuf_r
 .text.__smakebuf_r
                0x08005f90       0x80 c:/users/17639/.platformio/packages/toolchain-gccarmnoneeabi@1.70201.0/bin/../lib/gcc/arm-none-eabi/7.2.1/../../../../arm-none-eabi/lib/thumb/v7e-m\libc_nano.a(lib_a-makebuf.o)
                0x08005f90                __smakebuf_r
 .text.__malloc_lock
                0x08006010        0x2 c:/users/17639/.platformio/packages/toolchain-gccarmnoneeabi@1.70201.0/bin/../lib/gcc/arm-none-eabi/7.2.1/../../../../arm-none-eabi/lib/thumb/v7e-m\libc_nano.a(lib_a-mlock.o)
                0x08006010                __malloc_lock
 .text.__malloc_unlock
                0x08006012        0x2 c:/users/17639/.platformio/packages/toolchain-gccarmnoneeabi@1.70201.0/bin/../lib/gcc/arm-none-eabi/7.2.1/../../../../arm-none-eabi/lib/thumb/v7e-m\libc_nano.a(lib_a-mlock.o)
                0x08006012                __malloc_unlock
 .text.__sfputc_r
                0x08006014       0x2a c:/users/17639/.platformio/packages/toolchain-gccarmnoneeabi@1.70201.0/bin/../lib/gcc/arm-none-eabi/7.2.1/../../../../arm-none-eabi/lib/thumb/v7e-m\libc_nano.a(lib_a-nano-vfprintf.o)
 .text.__sfputs_r
                0x0800603e       0x24 c:/users/17639/.platformio/packages/toolchain-gccarmnoneeabi@1.70201.0/bin/../lib/gcc/arm-none-eabi/7.2.1/../../../../arm-none-eabi/lib/thumb/v7e-m\libc_nano.a(lib_a-nano-vfprintf.o)
                0x0800603e                __sfputs_r
 *fill*         0x08006062        0x2 
 .text._vfprintf_r
                0x08006064      0x228 c:/users/17639/.platformio/packages/toolchain-gccarmnoneeabi@1.70201.0/bin/../lib/gcc/arm-none-eabi/7.2.1/../../../../arm-none-eabi/lib/thumb/v7e-m\libc_nano.a(lib_a-nano-vfprintf.o)
                0x08006064                _vfprintf_r
                0x08006064                _vfiprintf_r
 .text._printf_common
                0x0800628c       0xea c:/users/17639/.platformio/packages/toolchain-gccarmnoneeabi@1.70201.0/bin/../lib/gcc/arm-none-eabi/7.2.1/../../../../arm-none-eabi/lib/thumb/v7e-m\libc_nano.a(lib_a-nano-vfprintf_i.o)
                0x0800628c                _printf_common
 *fill*         0x08006376        0x2 
 .text._printf_i
                0x08006378      0x224 c:/users/17639/.platformio/packages/toolchain-gccarmnoneeabi@1.70201.0/bin/../lib/gcc/arm-none-eabi/7.2.1/../../../../arm-none-eabi/lib/thumb/v7e-m\libc_nano.a(lib_a-nano-vfprintf_i.o)
                0x08006378                _printf_i
 .text.__sread  0x0800659c       0x22 c:/users/17639/.platformio/packages/toolchain-gccarmnoneeabi@1.70201.0/bin/../lib/gcc/arm-none-eabi/7.2.1/../../../../arm-none-eabi/lib/thumb/v7e-m\libc_nano.a(lib_a-stdio.o)
                0x0800659c                __sread
 .text.__swrite
                0x080065be       0x38 c:/users/17639/.platformio/packages/toolchain-gccarmnoneeabi@1.70201.0/bin/../lib/gcc/arm-none-eabi/7.2.1/../../../../arm-none-eabi/lib/thumb/v7e-m\libc_nano.a(lib_a-stdio.o)
                0x080065be                __swrite
 .text.__sseek  0x080065f6       0x24 c:/users/17639/.platformio/packages/toolchain-gccarmnoneeabi@1.70201.0/bin/../lib/gcc/arm-none-eabi/7.2.1/../../../../arm-none-eabi/lib/thumb/v7e-m\libc_nano.a(lib_a-stdio.o)
                0x080065f6                __sseek
 .text.__sclose
                0x0800661a        0x8 c:/users/17639/.platformio/packages/toolchain-gccarmnoneeabi@1.70201.0/bin/../lib/gcc/arm-none-eabi/7.2.1/../../../../arm-none-eabi/lib/thumb/v7e-m\libc_nano.a(lib_a-stdio.o)
                0x0800661a                __sclose
 *fill*         0x08006622        0x2 
 .text._write_r
                0x08006624       0x24 c:/users/17639/.platformio/packages/toolchain-gccarmnoneeabi@1.70201.0/bin/../lib/gcc/arm-none-eabi/7.2.1/../../../../arm-none-eabi/lib/thumb/v7e-m\libc_nano.a(lib_a-writer.o)
                0x08006624                _write_r
 .text._close_r
                0x08006648       0x20 c:/users/17639/.platformio/packages/toolchain-gccarmnoneeabi@1.70201.0/bin/../lib/gcc/arm-none-eabi/7.2.1/../../../../arm-none-eabi/lib/thumb/v7e-m\libc_nano.a(lib_a-closer.o)
                0x08006648                _close_r
 .text._fstat_r
                0x08006668       0x24 c:/users/17639/.platformio/packages/toolchain-gccarmnoneeabi@1.70201.0/bin/../lib/gcc/arm-none-eabi/7.2.1/../../../../arm-none-eabi/lib/thumb/v7e-m\libc_nano.a(lib_a-fstatr.o)
                0x08006668                _fstat_r
 .text._isatty_r
                0x0800668c       0x20 c:/users/17639/.platformio/packages/toolchain-gccarmnoneeabi@1.70201.0/bin/../lib/gcc/arm-none-eabi/7.2.1/../../../../arm-none-eabi/lib/thumb/v7e-m\libc_nano.a(lib_a-isattyr.o)
                0x0800668c                _isatty_r
 .text._lseek_r
                0x080066ac       0x24 c:/users/17639/.platformio/packages/toolchain-gccarmnoneeabi@1.70201.0/bin/../lib/gcc/arm-none-eabi/7.2.1/../../../../arm-none-eabi/lib/thumb/v7e-m\libc_nano.a(lib_a-lseekr.o)
                0x080066ac                _lseek_r
 .text._read_r  0x080066d0       0x24 c:/users/17639/.platformio/packages/toolchain-gccarmnoneeabi@1.70201.0/bin/../lib/gcc/arm-none-eabi/7.2.1/../../../../arm-none-eabi/lib/thumb/v7e-m\libc_nano.a(lib_a-readr.o)
                0x080066d0                _read_r
 *fill*         0x080066f4        0x4 
 .text.ceil     0x080066f8      0x110 c:/users/17639/.platformio/packages/toolchain-gccarmnoneeabi@1.70201.0/bin/../lib/gcc/arm-none-eabi/7.2.1/../../../../arm-none-eabi/lib/thumb/v7e-m\libm.a(lib_a-s_ceil.o)
                0x080066f8                ceil
 .text._close   0x08006808       0x10 c:/users/17639/.platformio/packages/toolchain-gccarmnoneeabi@1.70201.0/bin/../lib/gcc/arm-none-eabi/7.2.1/../../../../arm-none-eabi/lib/thumb/v7e-m\libnosys.a(close.o)
                0x08006808                _close
 .text._fstat   0x08006818       0x10 c:/users/17639/.platformio/packages/toolchain-gccarmnoneeabi@1.70201.0/bin/../lib/gcc/arm-none-eabi/7.2.1/../../../../arm-none-eabi/lib/thumb/v7e-m\libnosys.a(fstat.o)
                0x08006818                _fstat
 .text._isatty  0x08006828       0x10 c:/users/17639/.platformio/packages/toolchain-gccarmnoneeabi@1.70201.0/bin/../lib/gcc/arm-none-eabi/7.2.1/../../../../arm-none-eabi/lib/thumb/v7e-m\libnosys.a(isatty.o)
                0x08006828                _isatty
 .text._lseek   0x08006838       0x10 c:/users/17639/.platformio/packages/toolchain-gccarmnoneeabi@1.70201.0/bin/../lib/gcc/arm-none-eabi/7.2.1/../../../../arm-none-eabi/lib/thumb/v7e-m\libnosys.a(lseek.o)
                0x08006838                _lseek
 .text._read    0x08006848       0x10 c:/users/17639/.platformio/packages/toolchain-gccarmnoneeabi@1.70201.0/bin/../lib/gcc/arm-none-eabi/7.2.1/../../../../arm-none-eabi/lib/thumb/v7e-m\libnosys.a(read.o)
                0x08006848                _read
 .text._sbrk    0x08006858       0x1c c:/users/17639/.platformio/packages/toolchain-gccarmnoneeabi@1.70201.0/bin/../lib/gcc/arm-none-eabi/7.2.1/../../../../arm-none-eabi/lib/thumb/v7e-m\libnosys.a(sbrk.o)
                0x08006858                _sbrk
 .text.Reset_Handler
                0x08006874       0x50 .pio/build/MKS_ROBIN_NANO_V3/libFrameworkCMSISDevice.a(startup_stm32f407xx.o)
                0x08006874                Reset_Handler
 .text.Default_Handler
                0x080068c4        0x2 .pio/build/MKS_ROBIN_NANO_V3/libFrameworkCMSISDevice.a(startup_stm32f407xx.o)
                0x080068c4                RTC_Alarm_IRQHandler
                0x080068c4                HASH_RNG_IRQHandler
                0x080068c4                EXTI2_IRQHandler
                0x080068c4                TIM8_CC_IRQHandler
                0x080068c4                DebugMon_Handler
                0x080068c4                TIM1_CC_IRQHandler
                0x080068c4                DMA2_Stream5_IRQHandler
                0x080068c4                DMA1_Stream5_IRQHandler
                0x080068c4                PVD_IRQHandler
                0x080068c4                SDIO_IRQHandler
                0x080068c4                TAMP_STAMP_IRQHandler
                0x080068c4                PendSV_Handler
                0x080068c4                NMI_Handler
                0x080068c4                CAN2_RX1_IRQHandler
                0x080068c4                EXTI3_IRQHandler
                0x080068c4                TIM8_TRG_COM_TIM14_IRQHandler
                0x080068c4                TIM1_UP_TIM10_IRQHandler
                0x080068c4                TIM8_UP_TIM13_IRQHandler
                0x080068c4                I2C3_ER_IRQHandler
                0x080068c4                EXTI0_IRQHandler
                0x080068c4                I2C2_EV_IRQHandler
                0x080068c4                DMA1_Stream2_IRQHandler
                0x080068c4                CAN1_RX0_IRQHandler
                0x080068c4                FPU_IRQHandler
                0x080068c4                OTG_HS_WKUP_IRQHandler
                0x080068c4                UsageFault_Handler
                0x080068c4                CAN2_SCE_IRQHandler
                0x080068c4                DMA2_Stream2_IRQHandler
                0x080068c4                SPI1_IRQHandler
                0x080068c4                TIM6_DAC_IRQHandler
                0x080068c4                TIM1_BRK_TIM9_IRQHandler
                0x080068c4                DCMI_IRQHandler
                0x080068c4                CAN2_RX0_IRQHandler
                0x080068c4                DMA2_Stream3_IRQHandler
                0x080068c4                USART6_IRQHandler
                0x080068c4                CAN1_RX1_IRQHandler
                0x080068c4                UART5_IRQHandler
                0x080068c4                DMA2_Stream0_IRQHandler
                0x080068c4                TIM4_IRQHandler
                0x080068c4                I2C1_EV_IRQHandler
                0x080068c4                DMA1_Stream6_IRQHandler
                0x080068c4                DMA1_Stream1_IRQHandler
                0x080068c4                UART4_IRQHandler
                0x080068c4                TIM3_IRQHandler
                0x080068c4                RCC_IRQHandler
                0x080068c4                TIM8_BRK_TIM12_IRQHandler
                0x080068c4                Default_Handler
                0x080068c4                EXTI15_10_IRQHandler
                0x080068c4                ADC_IRQHandler
                0x080068c4                DMA1_Stream7_IRQHandler
                0x080068c4                TIM7_IRQHandler
                0x080068c4                CAN2_TX_IRQHandler
                0x080068c4                TIM5_IRQHandler
                0x080068c4                DMA2_Stream7_IRQHandler
                0x080068c4                I2C3_EV_IRQHandler
                0x080068c4                EXTI9_5_IRQHandler
                0x080068c4                RTC_WKUP_IRQHandler
                0x080068c4                ETH_WKUP_IRQHandler
                0x080068c4                SPI2_IRQHandler
                0x080068c4                OTG_HS_EP1_IN_IRQHandler
                0x080068c4                MemManage_Handler
                0x080068c4                DMA1_Stream0_IRQHandler
                0x080068c4                CAN1_TX_IRQHandler
                0x080068c4                SVC_Handler
                0x080068c4                EXTI4_IRQHandler
                0x080068c4                FSMC_IRQHandler
                0x080068c4                ETH_IRQHandler
                0x080068c4                OTG_HS_EP1_OUT_IRQHandler
                0x080068c4                WWDG_IRQHandler
                0x080068c4                TIM2_IRQHandler
                0x080068c4                OTG_FS_WKUP_IRQHandler
                0x080068c4                TIM1_TRG_COM_TIM11_IRQHandler
                0x080068c4                OTG_HS_IRQHandler
                0x080068c4                EXTI1_IRQHandler
                0x080068c4                USART2_IRQHandler
                0x080068c4                I2C2_ER_IRQHandler
                0x080068c4                DMA2_Stream1_IRQHandler
                0x080068c4                CAN1_SCE_IRQHandler
                0x080068c4                FLASH_IRQHandler
                0x080068c4                DMA2_Stream4_IRQHandler
                0x080068c4                BusFault_Handler
                0x080068c4                USART1_IRQHandler
                0x080068c4                OTG_FS_IRQHandler
                0x080068c4                SPI3_IRQHandler
                0x080068c4                DMA1_Stream4_IRQHandler
                0x080068c4                I2C1_ER_IRQHandler
                0x080068c4                DMA2_Stream6_IRQHandler
                0x080068c4                DMA1_Stream3_IRQHandler
 .text.SystemInit
                0x080068c6        0x2 .pio/build/MKS_ROBIN_NANO_V3/libFrameworkCMSISDevice.a(system_stm32f4xx.o)
                0x080068c6                SystemInit
 *(.glue_7)
 .glue_7        0x080068c8        0x0 linker stubs
 *(.glue_7t)
 .glue_7t       0x080068c8        0x0 linker stubs
 *(.eh_frame)
 .eh_frame      0x080068c8        0x0 c:/users/17639/.platformio/packages/toolchain-gccarmnoneeabi@1.70201.0/bin/../lib/gcc/arm-none-eabi/7.2.1/thumb/v7e-m/crtbegin.o
 *(.init)
 .init          0x080068c8        0x4 c:/users/17639/.platformio/packages/toolchain-gccarmnoneeabi@1.70201.0/bin/../lib/gcc/arm-none-eabi/7.2.1/thumb/v7e-m/crti.o
                0x080068c8                _init
 .init          0x080068cc        0x8 c:/users/17639/.platformio/packages/toolchain-gccarmnoneeabi@1.70201.0/bin/../lib/gcc/arm-none-eabi/7.2.1/thumb/v7e-m/crtn.o
 *(.fini)
 .fini          0x080068d4        0x4 c:/users/17639/.platformio/packages/toolchain-gccarmnoneeabi@1.70201.0/bin/../lib/gcc/arm-none-eabi/7.2.1/thumb/v7e-m/crti.o
                0x080068d4                _fini
 .fini          0x080068d8        0x8 c:/users/17639/.platformio/packages/toolchain-gccarmnoneeabi@1.70201.0/bin/../lib/gcc/arm-none-eabi/7.2.1/thumb/v7e-m/crtn.o
                0x080068e0                . = ALIGN (0x4)
                0x080068e0                _etext = .

.vfp11_veneer   0x080068e0        0x0
 .vfp11_veneer  0x080068e0        0x0 linker stubs

.v4_bx          0x080068e0        0x0
 .v4_bx         0x080068e0        0x0 linker stubs

.iplt           0x080068e0        0x0
 .iplt          0x080068e0        0x0 c:/users/17639/.platformio/packages/toolchain-gccarmnoneeabi@1.70201.0/bin/../lib/gcc/arm-none-eabi/7.2.1/thumb/v7e-m/crtbegin.o

.rodata         0x080068e0      0x638
                0x080068e0                . = ALIGN (0x4)
 *(.rodata)
 *(.rodata*)
 .rodata.bl_write_flash.str1.4
                0x080068e0       0x4d .pio/build/MKS_ROBIN_NANO_V3/src/bootloader/bootloader.o
 *fill*         0x0800692d        0x3 
 .rodata.str1.4
                0x08006930       0x2d .pio/build/MKS_ROBIN_NANO_V3/src/bootloader/bootloader.o
 *fill*         0x0800695d        0x3 
 .rodata.mCardMount.str1.4
                0x08006960        0x3 .pio/build/MKS_ROBIN_NANO_V3/src/external_device/FS/mid_fs.o
 *fill*         0x08006963        0x1 
 .rodata.printInfo.str1.4
                0x08006964       0x81 .pio/build/MKS_ROBIN_NANO_V3/src/hal/hal.o
 *fill*         0x080069e5        0x3 
 .rodata.printf_result_info.str1.4
                0x080069e8       0x1e .pio/build/MKS_ROBIN_NANO_V3/src/hal/hal.o
 *fill*         0x08006a06        0x2 
 .rodata.ExCvt  0x08006a08       0x80 .pio/build/MKS_ROBIN_NANO_V3/lib804/libfatfs.a(ff.o)
 .rodata.LfnOfs
                0x08006a88        0xd .pio/build/MKS_ROBIN_NANO_V3/lib804/libfatfs.a(ff.o)
 *fill*         0x08006a95        0x3 
 .rodata.check_fs.str1.4
                0x08006a98        0x9 .pio/build/MKS_ROBIN_NANO_V3/lib804/libfatfs.a(ff.o)
 *fill*         0x08006aa1        0x3 
 .rodata.create_name.str1.4
                0x08006aa4       0x14 .pio/build/MKS_ROBIN_NANO_V3/lib804/libfatfs.a(ff.o)
                                 0x13 (size before relaxing)
 .rodata.cvt1.4389
                0x08006ab8      0x1f2 .pio/build/MKS_ROBIN_NANO_V3/lib804/libfatfs.a(ffunicode.o)
 *fill*         0x08006caa        0x2 
 .rodata.cvt2.4390
                0x08006cac       0xbc .pio/build/MKS_ROBIN_NANO_V3/lib804/libfatfs.a(ffunicode.o)
 .rodata.uc437  0x08006d68      0x100 .pio/build/MKS_ROBIN_NANO_V3/lib804/libfatfs.a(ffunicode.o)
 .rodata._global_impure_ptr
                0x08006e68        0x4 c:/users/17639/.platformio/packages/toolchain-gccarmnoneeabi@1.70201.0/bin/../lib/gcc/arm-none-eabi/7.2.1/../../../../arm-none-eabi/lib/thumb/v7e-m\libc_nano.a(lib_a-impure.o)
                0x08006e68                _global_impure_ptr
 .rodata.__sf_fake_stderr
                0x08006e6c       0x20 c:/users/17639/.platformio/packages/toolchain-gccarmnoneeabi@1.70201.0/bin/../lib/gcc/arm-none-eabi/7.2.1/../../../../arm-none-eabi/lib/thumb/v7e-m\libc_nano.a(lib_a-findfp.o)
                0x08006e6c                __sf_fake_stderr
 .rodata.__sf_fake_stdin
                0x08006e8c       0x20 c:/users/17639/.platformio/packages/toolchain-gccarmnoneeabi@1.70201.0/bin/../lib/gcc/arm-none-eabi/7.2.1/../../../../arm-none-eabi/lib/thumb/v7e-m\libc_nano.a(lib_a-findfp.o)
                0x08006e8c                __sf_fake_stdin
 .rodata.__sf_fake_stdout
                0x08006eac       0x20 c:/users/17639/.platformio/packages/toolchain-gccarmnoneeabi@1.70201.0/bin/../lib/gcc/arm-none-eabi/7.2.1/../../../../arm-none-eabi/lib/thumb/v7e-m\libc_nano.a(lib_a-findfp.o)
                0x08006eac                __sf_fake_stdout
 .rodata._vfprintf_r.str1.1
                0x08006ecc       0x11 c:/users/17639/.platformio/packages/toolchain-gccarmnoneeabi@1.70201.0/bin/../lib/gcc/arm-none-eabi/7.2.1/../../../../arm-none-eabi/lib/thumb/v7e-m\libc_nano.a(lib_a-nano-vfprintf.o)
 .rodata._printf_i.str1.1
                0x08006edd       0x22 c:/users/17639/.platformio/packages/toolchain-gccarmnoneeabi@1.70201.0/bin/../lib/gcc/arm-none-eabi/7.2.1/../../../../arm-none-eabi/lib/thumb/v7e-m\libc_nano.a(lib_a-nano-vfprintf_i.o)
 *fill*         0x08006eff        0x1 
 .rodata.AHBPrescTable
                0x08006f00       0x10 .pio/build/MKS_ROBIN_NANO_V3/libFrameworkCMSISDevice.a(system_stm32f4xx.o)
                0x08006f00                AHBPrescTable
 .rodata.APBPrescTable
                0x08006f10        0x8 .pio/build/MKS_ROBIN_NANO_V3/libFrameworkCMSISDevice.a(system_stm32f4xx.o)
                0x08006f10                APBPrescTable
                0x08006f18                . = ALIGN (0x4)

.ARM.extab      0x08006f18        0x0
                0x08006f18                . = ALIGN (0x4)
 *(.ARM.extab* .gnu.linkonce.armextab.*)
                0x08006f18                . = ALIGN (0x4)

.ARM            0x08006f18        0x8
                0x08006f18                . = ALIGN (0x4)
                0x08006f18                __exidx_start = .
 *(.ARM.exidx*)
 .ARM.exidx     0x08006f18        0x8 c:/users/17639/.platformio/packages/toolchain-gccarmnoneeabi@1.70201.0/bin/../lib/gcc/arm-none-eabi/7.2.1/thumb/v7e-m\libgcc.a(_udivmoddi4.o)
                0x08006f20                __exidx_end = .
                0x08006f20                . = ALIGN (0x4)

.rel.dyn        0x08006f20        0x0
 .rel.iplt      0x08006f20        0x0 c:/users/17639/.platformio/packages/toolchain-gccarmnoneeabi@1.70201.0/bin/../lib/gcc/arm-none-eabi/7.2.1/thumb/v7e-m/crtbegin.o

.preinit_array  0x08006f20        0x0
                0x08006f20                . = ALIGN (0x4)
                0x08006f20                PROVIDE (__preinit_array_start, .)
 *(.preinit_array*)
                0x08006f20                PROVIDE (__preinit_array_end, .)
                0x08006f20                . = ALIGN (0x4)

.init_array     0x08006f20        0x4
                0x08006f20                . = ALIGN (0x4)
                0x08006f20                PROVIDE (__init_array_start, .)
 *(SORT_BY_NAME(.init_array.*))
 *(.init_array*)
 .init_array    0x08006f20        0x4 c:/users/17639/.platformio/packages/toolchain-gccarmnoneeabi@1.70201.0/bin/../lib/gcc/arm-none-eabi/7.2.1/thumb/v7e-m/crtbegin.o
                0x08006f24                PROVIDE (__init_array_end, .)
                0x08006f24                . = ALIGN (0x4)

.fini_array     0x08006f24        0x4
                0x08006f24                . = ALIGN (0x4)
                [!provide]                PROVIDE (__fini_array_start, .)
 *(SORT_BY_NAME(.fini_array.*))
 *(.fini_array*)
 .fini_array    0x08006f24        0x4 c:/users/17639/.platformio/packages/toolchain-gccarmnoneeabi@1.70201.0/bin/../lib/gcc/arm-none-eabi/7.2.1/thumb/v7e-m/crtbegin.o
                [!provide]                PROVIDE (__fini_array_end, .)
                0x08006f28                . = ALIGN (0x4)
                0x08006f28                _sidata = LOADADDR (.data)

.data           0x20000000       0x84 load address 0x08006f28
                0x20000000                . = ALIGN (0x4)
                0x20000000                _sdata = .
 *(.data)
 *(.data*)
 .data.uwTickFreq
                0x20000000        0x1 .pio/build/MKS_ROBIN_NANO_V3/FrameworkHALDriver/Src/stm32f4xx_hal.o
                0x20000000                uwTickFreq
 *fill*         0x20000001        0x3 
 .data.uwTickPrio
                0x20000004        0x4 .pio/build/MKS_ROBIN_NANO_V3/FrameworkHALDriver/Src/stm32f4xx_hal.o
                0x20000004                uwTickPrio
 .data.FW_FILE_SD
                0x20000008        0x4 .pio/build/MKS_ROBIN_NANO_V3/src/bootloader/bootloader.o
                0x20000008                FW_FILE_SD
 .data.FW_OLD_FILE_SD
                0x2000000c        0x4 .pio/build/MKS_ROBIN_NANO_V3/src/bootloader/bootloader.o
                0x2000000c                FW_OLD_FILE_SD
 .data.PLLM_USE
                0x20000010        0x4 .pio/build/MKS_ROBIN_NANO_V3/src/hal/mcu/stm32/stm32_f4_system.o
                0x20000010                PLLM_USE
 .data.PLLN_USE
                0x20000014        0x4 .pio/build/MKS_ROBIN_NANO_V3/src/hal/mcu/stm32/stm32_f4_system.o
                0x20000014                PLLN_USE
 .data.PLLQ_USE
                0x20000018        0x4 .pio/build/MKS_ROBIN_NANO_V3/src/hal/mcu/stm32/stm32_f4_system.o
                0x20000018                PLLQ_USE
 .data._impure_ptr
                0x2000001c        0x4 c:/users/17639/.platformio/packages/toolchain-gccarmnoneeabi@1.70201.0/bin/../lib/gcc/arm-none-eabi/7.2.1/../../../../arm-none-eabi/lib/thumb/v7e-m\libc_nano.a(lib_a-impure.o)
                0x2000001c                _impure_ptr
 .data.impure_data
                0x20000020       0x60 c:/users/17639/.platformio/packages/toolchain-gccarmnoneeabi@1.70201.0/bin/../lib/gcc/arm-none-eabi/7.2.1/../../../../arm-none-eabi/lib/thumb/v7e-m\libc_nano.a(lib_a-impure.o)
 .data.SystemCoreClock
                0x20000080        0x4 .pio/build/MKS_ROBIN_NANO_V3/libFrameworkCMSISDevice.a(system_stm32f4xx.o)
                0x20000080                SystemCoreClock
 *(.RamFunc)
 *(.RamFunc*)
                0x20000084                . = ALIGN (0x4)
                0x20000084                _edata = .
                0x08006fac                _siccmram = LOADADDR (.ccmram)

.igot.plt       0x20000084        0x0 load address 0x08006fac
 .igot.plt      0x20000084        0x0 c:/users/17639/.platformio/packages/toolchain-gccarmnoneeabi@1.70201.0/bin/../lib/gcc/arm-none-eabi/7.2.1/thumb/v7e-m/crtbegin.o

.ccmram         0x10000000        0x0 load address 0x08006fac
                0x10000000                . = ALIGN (0x4)
                0x10000000                _sccmram = .
 *(.ccmram)
 *(.ccmram*)
                0x10000000                . = ALIGN (0x4)
                0x10000000                _eccmram = .
                0x10000000                . = ALIGN (0x4)

.bss            0x20000084      0xe10
                0x20000084                _sbss = .
                0x20000084                __bss_start__ = _sbss
 *(.bss)
 .bss           0x20000084       0x1c c:/users/17639/.platformio/packages/toolchain-gccarmnoneeabi@1.70201.0/bin/../lib/gcc/arm-none-eabi/7.2.1/thumb/v7e-m/crtbegin.o
 *(.bss*)
 .bss.getCmdFlag
                0x200000a0        0x1 .pio/build/MKS_ROBIN_NANO_V3/src/bootloader/HID_Bootloader/HID_Bootloader.o
                0x200000a0                getCmdFlag
 *fill*         0x200000a1        0x3 
 .bss.hidTick   0x200000a4        0x4 .pio/build/MKS_ROBIN_NANO_V3/src/bootloader/HID_Bootloader/HID_Bootloader.o
                0x200000a4                hidTick
 .bss.new_data_is_received
                0x200000a8        0x1 .pio/build/MKS_ROBIN_NANO_V3/src/bootloader/HID_Bootloader/HID_Bootloader.o
                0x200000a8                new_data_is_received
 *fill*         0x200000a9        0x3 
 .bss.on.12965  0x200000ac        0x4 .pio/build/MKS_ROBIN_NANO_V3/src/bootloader/HID_Bootloader/HID_Bootloader.o
 .bss.Address   0x200000b0        0x4 .pio/build/MKS_ROBIN_NANO_V3/src/bootloader/bootloader.o
                0x200000b0                Address
 .bss.fw_size_count
                0x200000b4        0x4 .pio/build/MKS_ROBIN_NANO_V3/src/bootloader/bootloader.o
                0x200000b4                fw_size_count
 .bss.msp       0x200000b8        0x4 .pio/build/MKS_ROBIN_NANO_V3/src/bootloader/bootloader.o
                0x200000b8                msp
 .bss.reset     0x200000bc        0x4 .pio/build/MKS_ROBIN_NANO_V3/src/bootloader/bootloader.o
                0x200000bc                reset
 .bss.SD_Type   0x200000c0        0x1 .pio/build/MKS_ROBIN_NANO_V3/src/external_device/SD/sd_spi_drv.o
                0x200000c0                SD_Type
 *fill*         0x200000c1        0x3 
 .bss.FatFs     0x200000c4        0x8 .pio/build/MKS_ROBIN_NANO_V3/lib804/libfatfs.a(ff.o)
 .bss.Files     0x200000cc       0x30 .pio/build/MKS_ROBIN_NANO_V3/lib804/libfatfs.a(ff.o)
 .bss.Fsid      0x200000fc        0x2 .pio/build/MKS_ROBIN_NANO_V3/lib804/libfatfs.a(ff.o)
 *fill*         0x200000fe        0x2 
 .bss.__malloc_free_list
                0x20000100        0x4 c:/users/17639/.platformio/packages/toolchain-gccarmnoneeabi@1.70201.0/bin/../lib/gcc/arm-none-eabi/7.2.1/../../../../arm-none-eabi/lib/thumb/v7e-m\libc_nano.a(lib_a-nano-mallocr.o)
                0x20000100                __malloc_free_list
 .bss.__malloc_sbrk_start
                0x20000104        0x4 c:/users/17639/.platformio/packages/toolchain-gccarmnoneeabi@1.70201.0/bin/../lib/gcc/arm-none-eabi/7.2.1/../../../../arm-none-eabi/lib/thumb/v7e-m\libc_nano.a(lib_a-nano-mallocr.o)
                0x20000104                __malloc_sbrk_start
 .bss.heap_end.4102
                0x20000108        0x4 c:/users/17639/.platformio/packages/toolchain-gccarmnoneeabi@1.70201.0/bin/../lib/gcc/arm-none-eabi/7.2.1/../../../../arm-none-eabi/lib/thumb/v7e-m\libnosys.a(sbrk.o)
 *(COMMON)
 COMMON         0x2000010c        0x4 .pio/build/MKS_ROBIN_NANO_V3/FrameworkHALDriver/Src/stm32f4xx_hal.o
                0x2000010c                uwTick
 COMMON         0x20000110       0x20 .pio/build/MKS_ROBIN_NANO_V3/FrameworkHALDriver/Src/stm32f4xx_hal_flash.o
                0x20000110                pFlash
 COMMON         0x20000130      0x80c .pio/build/MKS_ROBIN_NANO_V3/src/bootloader/HID_Bootloader/HID_Bootloader.o
                0x20000130                USB_RX_Buffer
                0x20000530                bootRX
                0x20000934                hlfP
                0x20000938                magic_val
 COMMON         0x2000093c       0x10 .pio/build/MKS_ROBIN_NANO_V3/src/bootloader/bootloader.o
                0x2000093c                hal_bl
 COMMON         0x2000094c      0x464 .pio/build/MKS_ROBIN_NANO_V3/src/external_device/FS/mid_fs.o
                0x2000094c                bootFs
                0x20000b80                bootFile
 COMMON         0x20000db0       0x58 .pio/build/MKS_ROBIN_NANO_V3/src/external_device/SD/sd_spi_drv.o
                0x20000db0                sd_hspi
 COMMON         0x20000e08       0x20 .pio/build/MKS_ROBIN_NANO_V3/src/external_device/SD/sdcard.o
                0x20000e08                hal_sd
 COMMON         0x20000e28        0xe .pio/build/MKS_ROBIN_NANO_V3/src/hal/hal.o
                0x20000e28                hal_flag
                0x20000e2c                hal_info
 *fill*         0x20000e36        0x2 
 COMMON         0x20000e38       0x44 .pio/build/MKS_ROBIN_NANO_V3/src/hal/hal_uart.o
                0x20000e38                debug_uart
 COMMON         0x20000e7c       0x14 .pio/build/MKS_ROBIN_NANO_V3/src/hal/mcu/stm32/stm32_f4_system.o
                0x20000e7c                bl_flash
 COMMON         0x20000e90        0x4 c:/users/17639/.platformio/packages/toolchain-gccarmnoneeabi@1.70201.0/bin/../lib/gcc/arm-none-eabi/7.2.1/../../../../arm-none-eabi/lib/thumb/v7e-m\libc_nano.a(lib_a-reent.o)
                0x20000e90                errno
                0x20000e94                . = ALIGN (0x4)
                0x20000e94                _ebss = .
                0x20000e94                __bss_end__ = _ebss

._user_heap_stack
                0x20000e94      0x604
                0x20000e98                . = ALIGN (0x8)
 *fill*         0x20000e94        0x4 
                0x20000e98                PROVIDE (end, .)
                [!provide]                PROVIDE (_end, .)
                0x20001098                . = (. + _Min_Heap_Size)
 *fill*         0x20000e98      0x200 
                0x20001498                . = (. + _Min_Stack_Size)
 *fill*         0x20001098      0x400 
                0x20001498                . = ALIGN (0x8)

/DISCARD/
 libc.a(*)
 libm.a(*)
 libgcc.a(*)

.ARM.attributes
                0x00000000       0x2a
 *(.ARM.attributes)
 .ARM.attributes
                0x00000000       0x1e c:/users/17639/.platformio/packages/toolchain-gccarmnoneeabi@1.70201.0/bin/../lib/gcc/arm-none-eabi/7.2.1/thumb/v7e-m/crti.o
 .ARM.attributes
                0x0000001e       0x2e c:/users/17639/.platformio/packages/toolchain-gccarmnoneeabi@1.70201.0/bin/../lib/gcc/arm-none-eabi/7.2.1/thumb/v7e-m/crtbegin.o
 .ARM.attributes
                0x0000004c       0x33 .pio/build/MKS_ROBIN_NANO_V3/FrameworkHALDriver/Src/stm32f4xx_hal.o
 .ARM.attributes
                0x0000007f       0x33 .pio/build/MKS_ROBIN_NANO_V3/FrameworkHALDriver/Src/stm32f4xx_hal_cortex.o
 .ARM.attributes
                0x000000b2       0x33 .pio/build/MKS_ROBIN_NANO_V3/FrameworkHALDriver/Src/stm32f4xx_hal_dma.o
 .ARM.attributes
                0x000000e5       0x33 .pio/build/MKS_ROBIN_NANO_V3/FrameworkHALDriver/Src/stm32f4xx_hal_flash.o
 .ARM.attributes
                0x00000118       0x33 .pio/build/MKS_ROBIN_NANO_V3/FrameworkHALDriver/Src/stm32f4xx_hal_flash_ex.o
 .ARM.attributes
                0x0000014b       0x33 .pio/build/MKS_ROBIN_NANO_V3/FrameworkHALDriver/Src/stm32f4xx_hal_gpio.o
 .ARM.attributes
                0x0000017e       0x33 .pio/build/MKS_ROBIN_NANO_V3/FrameworkHALDriver/Src/stm32f4xx_hal_rcc.o
 .ARM.attributes
                0x000001b1       0x33 .pio/build/MKS_ROBIN_NANO_V3/FrameworkHALDriver/Src/stm32f4xx_hal_spi.o
 .ARM.attributes
                0x000001e4       0x33 .pio/build/MKS_ROBIN_NANO_V3/FrameworkHALDriver/Src/stm32f4xx_hal_uart.o
 .ARM.attributes
                0x00000217       0x33 .pio/build/MKS_ROBIN_NANO_V3/src/bootloader/HID_Bootloader/HID_Bootloader.o
 .ARM.attributes
                0x0000024a       0x33 .pio/build/MKS_ROBIN_NANO_V3/src/bootloader/bootloader.o
 .ARM.attributes
                0x0000027d       0x33 .pio/build/MKS_ROBIN_NANO_V3/src/external_device/FS/mid_fs.o
 .ARM.attributes
                0x000002b0       0x33 .pio/build/MKS_ROBIN_NANO_V3/src/external_device/SD/sd_spi_drv.o
 .ARM.attributes
                0x000002e3       0x33 .pio/build/MKS_ROBIN_NANO_V3/src/external_device/SD/sdcard.o
 .ARM.attributes
                0x00000316       0x33 .pio/build/MKS_ROBIN_NANO_V3/src/hal/arm_support.o
 .ARM.attributes
                0x00000349       0x33 .pio/build/MKS_ROBIN_NANO_V3/src/hal/hal.o
 .ARM.attributes
                0x0000037c       0x33 .pio/build/MKS_ROBIN_NANO_V3/src/hal/hal_uart.o
 .ARM.attributes
                0x000003af       0x33 .pio/build/MKS_ROBIN_NANO_V3/src/hal/mcu/stm32/stm32_f4_system.o
 .ARM.attributes
                0x000003e2       0x33 .pio/build/MKS_ROBIN_NANO_V3/src/main.o
 .ARM.attributes
                0x00000415       0x33 .pio/build/MKS_ROBIN_NANO_V3/lib804/libfatfs.a(ff.o)
 .ARM.attributes
                0x00000448       0x33 .pio/build/MKS_ROBIN_NANO_V3/lib804/libfatfs.a(ffunicode.o)
 .ARM.attributes
                0x0000047b       0x33 .pio/build/MKS_ROBIN_NANO_V3/lib804/libfatfs.a(diskio.o)
 .ARM.attributes
                0x000004ae       0x2e c:/users/17639/.platformio/packages/toolchain-gccarmnoneeabi@1.70201.0/bin/../lib/gcc/arm-none-eabi/7.2.1/../../../../arm-none-eabi/lib/thumb/v7e-m\libc_nano.a(lib_a-impure.o)
 .ARM.attributes
                0x000004dc       0x2e c:/users/17639/.platformio/packages/toolchain-gccarmnoneeabi@1.70201.0/bin/../lib/gcc/arm-none-eabi/7.2.1/../../../../arm-none-eabi/lib/thumb/v7e-m\libc_nano.a(lib_a-init.o)
 .ARM.attributes
                0x0000050a       0x2e c:/users/17639/.platformio/packages/toolchain-gccarmnoneeabi@1.70201.0/bin/../lib/gcc/arm-none-eabi/7.2.1/../../../../arm-none-eabi/lib/thumb/v7e-m\libc_nano.a(lib_a-malloc.o)
 .ARM.attributes
                0x00000538       0x2e c:/users/17639/.platformio/packages/toolchain-gccarmnoneeabi@1.70201.0/bin/../lib/gcc/arm-none-eabi/7.2.1/../../../../arm-none-eabi/lib/thumb/v7e-m\libc_nano.a(lib_a-memcmp.o)
 .ARM.attributes
                0x00000566       0x2e c:/users/17639/.platformio/packages/toolchain-gccarmnoneeabi@1.70201.0/bin/../lib/gcc/arm-none-eabi/7.2.1/../../../../arm-none-eabi/lib/thumb/v7e-m\libc_nano.a(lib_a-memcpy-stub.o)
 .ARM.attributes
                0x00000594       0x2e c:/users/17639/.platformio/packages/toolchain-gccarmnoneeabi@1.70201.0/bin/../lib/gcc/arm-none-eabi/7.2.1/../../../../arm-none-eabi/lib/thumb/v7e-m\libc_nano.a(lib_a-memset.o)
 .ARM.attributes
                0x000005c2       0x2e c:/users/17639/.platformio/packages/toolchain-gccarmnoneeabi@1.70201.0/bin/../lib/gcc/arm-none-eabi/7.2.1/../../../../arm-none-eabi/lib/thumb/v7e-m\libc_nano.a(lib_a-nano-freer.o)
 .ARM.attributes
                0x000005f0       0x2e c:/users/17639/.platformio/packages/toolchain-gccarmnoneeabi@1.70201.0/bin/../lib/gcc/arm-none-eabi/7.2.1/../../../../arm-none-eabi/lib/thumb/v7e-m\libc_nano.a(lib_a-nano-mallocr.o)
 .ARM.attributes
                0x0000061e       0x2e c:/users/17639/.platformio/packages/toolchain-gccarmnoneeabi@1.70201.0/bin/../lib/gcc/arm-none-eabi/7.2.1/../../../../arm-none-eabi/lib/thumb/v7e-m\libc_nano.a(lib_a-printf.o)
 .ARM.attributes
                0x0000064c       0x2e c:/users/17639/.platformio/packages/toolchain-gccarmnoneeabi@1.70201.0/bin/../lib/gcc/arm-none-eabi/7.2.1/../../../../arm-none-eabi/lib/thumb/v7e-m\libc_nano.a(lib_a-puts.o)
 .ARM.attributes
                0x0000067a       0x2e c:/users/17639/.platformio/packages/toolchain-gccarmnoneeabi@1.70201.0/bin/../lib/gcc/arm-none-eabi/7.2.1/../../../../arm-none-eabi/lib/thumb/v7e-m\libc_nano.a(lib_a-sbrkr.o)
 .ARM.attributes
                0x000006a8       0x2e c:/users/17639/.platformio/packages/toolchain-gccarmnoneeabi@1.70201.0/bin/../lib/gcc/arm-none-eabi/7.2.1/../../../../arm-none-eabi/lib/thumb/v7e-m\libc_nano.a(lib_a-strchr.o)
 .ARM.attributes
                0x000006d6       0x2e c:/users/17639/.platformio/packages/toolchain-gccarmnoneeabi@1.70201.0/bin/../lib/gcc/arm-none-eabi/7.2.1/../../../../arm-none-eabi/lib/thumb/v7e-m\libc_nano.a(lib_a-strcpy.o)
 .ARM.attributes
                0x00000704       0x2e c:/users/17639/.platformio/packages/toolchain-gccarmnoneeabi@1.70201.0/bin/../lib/gcc/arm-none-eabi/7.2.1/../../../../arm-none-eabi/lib/thumb/v7e-m\libc_nano.a(lib_a-wbuf.o)
 .ARM.attributes
                0x00000732       0x2e c:/users/17639/.platformio/packages/toolchain-gccarmnoneeabi@1.70201.0/bin/../lib/gcc/arm-none-eabi/7.2.1/../../../../arm-none-eabi/lib/thumb/v7e-m\libc_nano.a(lib_a-wsetup.o)
 .ARM.attributes
                0x00000760       0x2e c:/users/17639/.platformio/packages/toolchain-gccarmnoneeabi@1.70201.0/bin/../lib/gcc/arm-none-eabi/7.2.1/../../../../arm-none-eabi/lib/thumb/v7e-m\libc_nano.a(lib_a-fflush.o)
 .ARM.attributes
                0x0000078e       0x2e c:/users/17639/.platformio/packages/toolchain-gccarmnoneeabi@1.70201.0/bin/../lib/gcc/arm-none-eabi/7.2.1/../../../../arm-none-eabi/lib/thumb/v7e-m\libc_nano.a(lib_a-findfp.o)
 .ARM.attributes
                0x000007bc       0x2e c:/users/17639/.platformio/packages/toolchain-gccarmnoneeabi@1.70201.0/bin/../lib/gcc/arm-none-eabi/7.2.1/../../../../arm-none-eabi/lib/thumb/v7e-m\libc_nano.a(lib_a-fwalk.o)
 .ARM.attributes
                0x000007ea       0x2e c:/users/17639/.platformio/packages/toolchain-gccarmnoneeabi@1.70201.0/bin/../lib/gcc/arm-none-eabi/7.2.1/../../../../arm-none-eabi/lib/thumb/v7e-m\libc_nano.a(lib_a-makebuf.o)
 .ARM.attributes
                0x00000818       0x2e c:/users/17639/.platformio/packages/toolchain-gccarmnoneeabi@1.70201.0/bin/../lib/gcc/arm-none-eabi/7.2.1/../../../../arm-none-eabi/lib/thumb/v7e-m\libc_nano.a(lib_a-mlock.o)
 .ARM.attributes
                0x00000846       0x2e c:/users/17639/.platformio/packages/toolchain-gccarmnoneeabi@1.70201.0/bin/../lib/gcc/arm-none-eabi/7.2.1/../../../../arm-none-eabi/lib/thumb/v7e-m\libc_nano.a(lib_a-nano-vfprintf.o)
 .ARM.attributes
                0x00000874       0x2e c:/users/17639/.platformio/packages/toolchain-gccarmnoneeabi@1.70201.0/bin/../lib/gcc/arm-none-eabi/7.2.1/../../../../arm-none-eabi/lib/thumb/v7e-m\libc_nano.a(lib_a-nano-vfprintf_i.o)
 .ARM.attributes
                0x000008a2       0x2e c:/users/17639/.platformio/packages/toolchain-gccarmnoneeabi@1.70201.0/bin/../lib/gcc/arm-none-eabi/7.2.1/../../../../arm-none-eabi/lib/thumb/v7e-m\libc_nano.a(lib_a-reent.o)
 .ARM.attributes
                0x000008d0       0x2e c:/users/17639/.platformio/packages/toolchain-gccarmnoneeabi@1.70201.0/bin/../lib/gcc/arm-none-eabi/7.2.1/../../../../arm-none-eabi/lib/thumb/v7e-m\libc_nano.a(lib_a-stdio.o)
 .ARM.attributes
                0x000008fe       0x2e c:/users/17639/.platformio/packages/toolchain-gccarmnoneeabi@1.70201.0/bin/../lib/gcc/arm-none-eabi/7.2.1/../../../../arm-none-eabi/lib/thumb/v7e-m\libc_nano.a(lib_a-writer.o)
 .ARM.attributes
                0x0000092c       0x2e c:/users/17639/.platformio/packages/toolchain-gccarmnoneeabi@1.70201.0/bin/../lib/gcc/arm-none-eabi/7.2.1/../../../../arm-none-eabi/lib/thumb/v7e-m\libc_nano.a(lib_a-closer.o)
 .ARM.attributes
                0x0000095a       0x2e c:/users/17639/.platformio/packages/toolchain-gccarmnoneeabi@1.70201.0/bin/../lib/gcc/arm-none-eabi/7.2.1/../../../../arm-none-eabi/lib/thumb/v7e-m\libc_nano.a(lib_a-fstatr.o)
 .ARM.attributes
                0x00000988       0x2e c:/users/17639/.platformio/packages/toolchain-gccarmnoneeabi@1.70201.0/bin/../lib/gcc/arm-none-eabi/7.2.1/../../../../arm-none-eabi/lib/thumb/v7e-m\libc_nano.a(lib_a-isattyr.o)
 .ARM.attributes
                0x000009b6       0x2e c:/users/17639/.platformio/packages/toolchain-gccarmnoneeabi@1.70201.0/bin/../lib/gcc/arm-none-eabi/7.2.1/../../../../arm-none-eabi/lib/thumb/v7e-m\libc_nano.a(lib_a-lseekr.o)
 .ARM.attributes
                0x000009e4       0x1c c:/users/17639/.platformio/packages/toolchain-gccarmnoneeabi@1.70201.0/bin/../lib/gcc/arm-none-eabi/7.2.1/../../../../arm-none-eabi/lib/thumb/v7e-m\libc_nano.a(lib_a-memchr.o)
 .ARM.attributes
                0x00000a00       0x2e c:/users/17639/.platformio/packages/toolchain-gccarmnoneeabi@1.70201.0/bin/../lib/gcc/arm-none-eabi/7.2.1/../../../../arm-none-eabi/lib/thumb/v7e-m\libc_nano.a(lib_a-readr.o)
 .ARM.attributes
                0x00000a2e       0x1e c:/users/17639/.platformio/packages/toolchain-gccarmnoneeabi@1.70201.0/bin/../lib/gcc/arm-none-eabi/7.2.1/thumb/v7e-m\libgcc.a(_arm_addsubdf3.o)
 .ARM.attributes
                0x00000a4c       0x1e c:/users/17639/.platformio/packages/toolchain-gccarmnoneeabi@1.70201.0/bin/../lib/gcc/arm-none-eabi/7.2.1/thumb/v7e-m\libgcc.a(_arm_fixunsdfsi.o)
 .ARM.attributes
                0x00000a6a       0x1e c:/users/17639/.platformio/packages/toolchain-gccarmnoneeabi@1.70201.0/bin/../lib/gcc/arm-none-eabi/7.2.1/thumb/v7e-m\libgcc.a(_arm_addsubsf3.o)
 .ARM.attributes
                0x00000a88       0x1e c:/users/17639/.platformio/packages/toolchain-gccarmnoneeabi@1.70201.0/bin/../lib/gcc/arm-none-eabi/7.2.1/thumb/v7e-m\libgcc.a(_arm_muldivsf3.o)
 .ARM.attributes
                0x00000aa6       0x1e c:/users/17639/.platformio/packages/toolchain-gccarmnoneeabi@1.70201.0/bin/../lib/gcc/arm-none-eabi/7.2.1/thumb/v7e-m\libgcc.a(_aeabi_uldivmod.o)
 .ARM.attributes
                0x00000ac4       0x2e c:/users/17639/.platformio/packages/toolchain-gccarmnoneeabi@1.70201.0/bin/../lib/gcc/arm-none-eabi/7.2.1/thumb/v7e-m\libgcc.a(_udivmoddi4.o)
 .ARM.attributes
                0x00000af2       0x1e c:/users/17639/.platformio/packages/toolchain-gccarmnoneeabi@1.70201.0/bin/../lib/gcc/arm-none-eabi/7.2.1/thumb/v7e-m\libgcc.a(_dvmd_tls.o)
 .ARM.attributes
                0x00000b10       0x2e c:/users/17639/.platformio/packages/toolchain-gccarmnoneeabi@1.70201.0/bin/../lib/gcc/arm-none-eabi/7.2.1/../../../../arm-none-eabi/lib/thumb/v7e-m\libm.a(lib_a-s_ceil.o)
 .ARM.attributes
                0x00000b3e       0x2e c:/users/17639/.platformio/packages/toolchain-gccarmnoneeabi@1.70201.0/bin/../lib/gcc/arm-none-eabi/7.2.1/../../../../arm-none-eabi/lib/thumb/v7e-m\libnosys.a(close.o)
 .ARM.attributes
                0x00000b6c       0x2e c:/users/17639/.platformio/packages/toolchain-gccarmnoneeabi@1.70201.0/bin/../lib/gcc/arm-none-eabi/7.2.1/../../../../arm-none-eabi/lib/thumb/v7e-m\libnosys.a(fstat.o)
 .ARM.attributes
                0x00000b9a       0x2e c:/users/17639/.platformio/packages/toolchain-gccarmnoneeabi@1.70201.0/bin/../lib/gcc/arm-none-eabi/7.2.1/../../../../arm-none-eabi/lib/thumb/v7e-m\libnosys.a(isatty.o)
 .ARM.attributes
                0x00000bc8       0x2e c:/users/17639/.platformio/packages/toolchain-gccarmnoneeabi@1.70201.0/bin/../lib/gcc/arm-none-eabi/7.2.1/../../../../arm-none-eabi/lib/thumb/v7e-m\libnosys.a(lseek.o)
 .ARM.attributes
                0x00000bf6       0x2e c:/users/17639/.platformio/packages/toolchain-gccarmnoneeabi@1.70201.0/bin/../lib/gcc/arm-none-eabi/7.2.1/../../../../arm-none-eabi/lib/thumb/v7e-m\libnosys.a(read.o)
 .ARM.attributes
                0x00000c24       0x2e c:/users/17639/.platformio/packages/toolchain-gccarmnoneeabi@1.70201.0/bin/../lib/gcc/arm-none-eabi/7.2.1/../../../../arm-none-eabi/lib/thumb/v7e-m\libnosys.a(sbrk.o)
 .ARM.attributes
                0x00000c52       0x21 .pio/build/MKS_ROBIN_NANO_V3/libFrameworkCMSISDevice.a(startup_stm32f407xx.o)
 .ARM.attributes
                0x00000c73       0x33 .pio/build/MKS_ROBIN_NANO_V3/libFrameworkCMSISDevice.a(system_stm32f4xx.o)
 .ARM.attributes
                0x00000ca6       0x1e c:/users/17639/.platformio/packages/toolchain-gccarmnoneeabi@1.70201.0/bin/../lib/gcc/arm-none-eabi/7.2.1/thumb/v7e-m\libgcc.a(_arm_cmpdf2.o)
 .ARM.attributes
                0x00000cc4       0x1e c:/users/17639/.platformio/packages/toolchain-gccarmnoneeabi@1.70201.0/bin/../lib/gcc/arm-none-eabi/7.2.1/thumb/v7e-m/crtn.o
OUTPUT(.pio/build/MKS_ROBIN_NANO_V3/firmware.elf elf32-littlearm)

.comment        0x00000000       0x7e
 .comment       0x00000000       0x7e .pio/build/MKS_ROBIN_NANO_V3/FrameworkHALDriver/Src/stm32f4xx_hal.o
                                 0x7f (size before relaxing)
 .comment       0x0000007e       0x7f .pio/build/MKS_ROBIN_NANO_V3/FrameworkHALDriver/Src/stm32f4xx_hal_cortex.o
 .comment       0x0000007e       0x7f .pio/build/MKS_ROBIN_NANO_V3/FrameworkHALDriver/Src/stm32f4xx_hal_dma.o
 .comment       0x0000007e       0x7f .pio/build/MKS_ROBIN_NANO_V3/FrameworkHALDriver/Src/stm32f4xx_hal_flash.o
 .comment       0x0000007e       0x7f .pio/build/MKS_ROBIN_NANO_V3/FrameworkHALDriver/Src/stm32f4xx_hal_flash_ex.o
 .comment       0x0000007e       0x7f .pio/build/MKS_ROBIN_NANO_V3/FrameworkHALDriver/Src/stm32f4xx_hal_gpio.o